<html>
<body>
<pre>
<h1>�Vision Build Log</h1>
<h2>Tool Versions:</h2>
IDE-Version: ��Vision V5.23.0.0
Copyright (C) 2017 ARM Ltd and ARM Germany GmbH. All rights reserved.
License Information: 1 xwx, 1, LIC=HN0AE-5WKHC-JJ96S-L9LH9-3UTX4-5B4SE
 
Tool Versions:
Toolchain:       MDK-ARM Plus  Version: 5.23
Toolchain Path:  C:\Keil_v5\ARM\ARMCC\Bin
C Compiler:      Armcc.exe V5.06 update 4 (build 422)
Assembler:       Armasm.exe V5.06 update 4 (build 422)
Linker/Locator:  ArmLink.exe V5.06 update 4 (build 422)
Library Manager: ArmAr.exe V5.06 update 4 (build 422)
Hex Converter:   FromElf.exe V5.06 update 4 (build 422)
CPU DLL:         SARMCM3.DLL V5.23
Dialog DLL:      DCM.DLL V1.15.0.0
Target DLL:      STLink\ST-LINKIII-KEIL_SWO.dll V2.0.18.0
Dialog DLL:      TCM.DLL V1.27.0.0
 
<h2>Project:</h2>
D:\�ܹ�����\model\minirtos\Project.uvprojx
Project File Date:  07/24/2026

<h2>Output:</h2>
*** Using Compiler 'V5.06 update 4 (build 422)', folder: 'C:\Keil_v5\ARM\ARMCC\Bin'
Build target 'Target 1'
compiling led_driver.c...
.\OS_Port\os_port.h(13): warning:  #1295-D: Deprecated declaration os_port_systick_init - give arg types
  void os_port_systick_init();
.\OS_Core\os_core.h(110): warning:  #1295-D: Deprecated declaration os_system_info - give arg types
  void os_system_info();
.\OS_Core\os_core.h(112): warning:  #1295-D: Deprecated declaration os_timer_init - give arg types
  void os_timer_init();
.\OS_Core\os_core.h(116): warning:  #1-D: last line of file ends without a newline
  #endif // DEBUG
.\vfs\vfs.h(34): warning:  #1295-D: Deprecated declaration vfs_init - give arg types
  void vfs_init();
driver\led_driver.c(44): warning:  #188-D: enumerated type mixed with another type
          GPIO_WriteBit(led->gpiox, led->pin, led->act_value == 1);
driver\led_driver.c(47): warning:  #188-D: enumerated type mixed with another type
          GPIO_WriteBit(led->gpiox, led->pin, led->act_value == 0);
driver\led_driver.c(58): warning:  #188-D: enumerated type mixed with another type
              GPIO_WriteBit(led->gpiox, led->pin, led->act_value == 0);
driver\led_driver.c(61): warning:  #188-D: enumerated type mixed with another type
              GPIO_WriteBit(led->gpiox, led->pin, led->act_value == 1);
driver\led_driver.c(74): warning:  #188-D: enumerated type mixed with another type
          GPIO_WriteBit(led->gpiox, led->pin,  0);
driver\led_driver.c(76): warning:  #188-D: enumerated type mixed with another type
          GPIO_WriteBit(led->gpiox, led->pin, 1);
driver\led_driver.c: 11 warnings, 0 errors
compiling adc_driver.c...
.\OS_Port\os_port.h(13): warning:  #1295-D: Deprecated declaration os_port_systick_init - give arg types
  void os_port_systick_init();
.\OS_Core\os_core.h(110): warning:  #1295-D: Deprecated declaration os_system_info - give arg types
  void os_system_info();
.\OS_Core\os_core.h(112): warning:  #1295-D: Deprecated declaration os_timer_init - give arg types
  void os_timer_init();
.\OS_Core\os_core.h(116): warning:  #1-D: last line of file ends without a newline
  #endif // DEBUG
.\vfs\vfs.h(34): warning:  #1295-D: Deprecated declaration vfs_init - give arg types
  void vfs_init();
driver\adc_driver.h(27): warning:  #1-D: last line of file ends without a newline
  #endif // !ADC_DRIVER
driver\adc_driver.c(168): warning:  #513-D: a value of type "int (*)(os_device_t *)" cannot be assigned to an entity of type "int (*)(struct os_device *, uint16_t)"
              adc_device[i].close        = adc_close;
driver\adc_driver.c(178): warning:  #1-D: last line of file ends without a newline
  }
driver\adc_driver.c: 8 warnings, 0 errors
compiling main.c...
.\OS_Port\os_port.h(13): warning:  #1295-D: Deprecated declaration os_port_systick_init - give arg types
  void os_port_systick_init();
.\OS_Core\os_core.h(110): warning:  #1295-D: Deprecated declaration os_system_info - give arg types
  void os_system_info();
.\OS_Core\os_core.h(112): warning:  #1295-D: Deprecated declaration os_timer_init - give arg types
  void os_timer_init();
.\OS_Core\os_core.h(116): warning:  #1-D: last line of file ends without a newline
  #endif // DEBUG
.\vfs\vfs.h(34): warning:  #1295-D: Deprecated declaration vfs_init - give arg types
  void vfs_init();
.\driver\uart_driver.h(14): warning:  #1-D: last line of file ends without a newline
  #endif // !UART_DRIVER 
.\vm\vm_task.h(39): warning:  #1295-D: Deprecated declaration vm_unload_apps - give arg types
  void vm_unload_apps();
.\vm\vm_task.h(41): warning:  #1295-D: Deprecated declaration vm_load_apps - give arg types
  void vm_load_apps();
.\vm\vm_task.h(42): warning:  #1295-D: Deprecated declaration vm_find_apps - give arg types
   void vm_find_apps();
.\driver\oled_driver.h(33): warning:  #1-D: last line of file ends without a newline
  #endif // OLED_DRIVER_H
.\OS_Core\shell.h(14): warning:  #1-D: last line of file ends without a newline
  #endif
User\main.c(333): warning:  #870-D: invalid multibyte character sequence
      SEGGER_RTT_printf(0, "\r\n[SYS] 开机动态校准完成！最大空闲手�?: %d �?/秒\r\n", os_idle_max);
User\main.c(333): warning:  #870-D: invalid multibyte character sequence
      SEGGER_RTT_printf(0, "\r\n[SYS] 开机动态校准完成！最大空闲手�?: %d �?/秒\r\n", os_idle_max);
.\driver\mq_driver.h(16): warning:  #1-D: last line of file ends without a newline
  #endif
.\driver\pwm_driver.h(28): warning:  #1-D: last line of file ends without a newline
  #endif // !PWM_DRIVER
.\driver\adc_driver.h(27): warning:  #1-D: last line of file ends without a newline
  #endif // !ADC_DRIVER
.\driver\key_driver.h(24): warning:  #1-D: last line of file ends without a newline
  #endif // !KEY_DRIVER
User\main.c(384): warning:  #1-D: last line of file ends without a newline
  }
User\main.c: 18 warnings, 0 errors
compiling uart_driver.c...
.\OS_Port\os_port.h(13): warning:  #1295-D: Deprecated declaration os_port_systick_init - give arg types
  void os_port_systick_init();
.\OS_Core\os_core.h(110): warning:  #1295-D: Deprecated declaration os_system_info - give arg types
  void os_system_info();
.\OS_Core\os_core.h(112): warning:  #1295-D: Deprecated declaration os_timer_init - give arg types
  void os_timer_init();
.\OS_Core\os_core.h(116): warning:  #1-D: last line of file ends without a newline
  #endif // DEBUG
.\vfs\vfs.h(34): warning:  #1295-D: Deprecated declaration vfs_init - give arg types
  void vfs_init();
driver\uart_driver.h(14): warning:  #1-D: last line of file ends without a newline
  #endif // !UART_DRIVER 
driver\uart_driver.c(213): warning:  #223-D: function "SEGGER_RTT_printf" declared implicitly
      SEGGER_RTT_printf(0,"uart open");
driver\uart_driver.c(297): warning:  #513-D: a value of type "int (*)(os_device_t *)" cannot be assigned to an entity of type "int (*)(struct os_device *, uint16_t)"
              uart_device[i].close        = uart_close;
driver\uart_driver.c(306): warning:  #1-D: last line of file ends without a newline
  }
driver\uart_driver.c: 9 warnings, 0 errors
compiling mq_driver.c...
.\OS_Port\os_port.h(13): warning:  #1295-D: Deprecated declaration os_port_systick_init - give arg types
  void os_port_systick_init();
.\OS_Core\os_core.h(110): warning:  #1295-D: Deprecated declaration os_system_info - give arg types
  void os_system_info();
.\OS_Core\os_core.h(112): warning:  #1295-D: Deprecated declaration os_timer_init - give arg types
  void os_timer_init();
.\OS_Core\os_core.h(116): warning:  #1-D: last line of file ends without a newline
  #endif // DEBUG
.\vfs\vfs.h(34): warning:  #1295-D: Deprecated declaration vfs_init - give arg types
  void vfs_init();
driver\mq_driver.h(16): warning:  #1-D: last line of file ends without a newline
  #endif
driver\mq_driver.c(64): warning:  #513-D: a value of type "int (*)(os_device_t *)" cannot be assigned to an entity of type "int (*)(struct os_device *, uint16_t)"
              mq_device[i].close        = mq_close;
driver\mq_driver.c(74): warning:  #1-D: last line of file ends without a newline
  }
driver\mq_driver.c: 8 warnings, 0 errors
compiling vfs.c...
.\OS_Port\os_port.h(13): warning:  #1295-D: Deprecated declaration os_port_systick_init - give arg types
  void os_port_systick_init();
.\OS_Core\os_core.h(110): warning:  #1295-D: Deprecated declaration os_system_info - give arg types
  void os_system_info();
.\OS_Core\os_core.h(112): warning:  #1295-D: Deprecated declaration os_timer_init - give arg types
  void os_timer_init();
.\OS_Core\os_core.h(116): warning:  #1-D: last line of file ends without a newline
  #endif // DEBUG
vfs\vfs.h(34): warning:  #1295-D: Deprecated declaration vfs_init - give arg types
  void vfs_init();
vfs\vfs.c(104): warning:  #223-D: function "SEGGER_RTT_printf" declared implicitly
      SEGGER_RTT_printf(0, "\r\nRegistered VFS Devices:\r\n");
vfs\vfs.c(124): warning:  #1-D: last line of file ends without a newline
  }
vfs\vfs.c: 7 warnings, 0 errors
compiling key_driver.c...
.\OS_Port\os_port.h(13): warning:  #1295-D: Deprecated declaration os_port_systick_init - give arg types
  void os_port_systick_init();
.\OS_Core\os_core.h(110): warning:  #1295-D: Deprecated declaration os_system_info - give arg types
  void os_system_info();
.\OS_Core\os_core.h(112): warning:  #1295-D: Deprecated declaration os_timer_init - give arg types
  void os_timer_init();
.\OS_Core\os_core.h(116): warning:  #1-D: last line of file ends without a newline
  #endif // DEBUG
.\vfs\vfs.h(34): warning:  #1295-D: Deprecated declaration vfs_init - give arg types
  void vfs_init();
driver\key_driver.h(24): warning:  #1-D: last line of file ends without a newline
  #endif // !KEY_DRIVER
driver\key_driver.c(196): warning:  #513-D: a value of type "int (*)(os_device_t *)" cannot be assigned to an entity of type "int (*)(struct os_device *, uint16_t)"
              key_device[i].close        = key_close;
driver\key_driver.c(205): warning:  #1-D: last line of file ends without a newline
  }
driver\key_driver.c: 8 warnings, 0 errors
compiling vm_task.c...
vm\vm_task.h(39): warning:  #1295-D: Deprecated declaration vm_unload_apps - give arg types
  void vm_unload_apps();
vm\vm_task.h(41): warning:  #1295-D: Deprecated declaration vm_load_apps - give arg types
  void vm_load_apps();
vm\vm_task.h(42): warning:  #1295-D: Deprecated declaration vm_find_apps - give arg types
   void vm_find_apps();
.\OS_Port\os_port.h(13): warning:  #1295-D: Deprecated declaration os_port_systick_init - give arg types
  void os_port_systick_init();
.\OS_Core\os_core.h(110): warning:  #1295-D: Deprecated declaration os_system_info - give arg types
  void os_system_info();
.\OS_Core\os_core.h(112): warning:  #1295-D: Deprecated declaration os_timer_init - give arg types
  void os_timer_init();
.\OS_Core\os_core.h(116): warning:  #1-D: last line of file ends without a newline
  #endif // DEBUG
vm\vm_task.c(52): warning:  #223-D: function "vfs_close" declared implicitly
              vfs_close(ctx[i].fd_table[j]);
vm\vm_task.c(57): warning:  #223-D: function "SEGGER_RTT_printf" declared implicitly
      SEGGER_RTT_printf(0, "[VM] 动�? App 已全部卸载，等待烧录...\r\n");
vm\vm_task.c(57): warning:  #870-D: invalid multibyte character sequence
      SEGGER_RTT_printf(0, "[VM] 动�? App 已全部卸载，等待烧录...\r\n");
vm\vm_task.c(66): warning:  #223-D: function "SEGGER_RTT_printf" declared implicitly
          SEGGER_RTT_printf(0, "[VM] 发现 MQVM �?, 包含 %d �? App\r\n", header->app_count);
vm\vm_task.c(66): warning:  #870-D: invalid multibyte character sequence
          SEGGER_RTT_printf(0, "[VM] 发现 MQVM �?, 包含 %d �? App\r\n", header->app_count);
vm\vm_task.c(66): warning:  #870-D: invalid multibyte character sequence
          SEGGER_RTT_printf(0, "[VM] 发现 MQVM �?, 包含 %d �? App\r\n", header->app_count);
vm\vm_task.c(76): warning:  #870-D: invalid multibyte character sequence
              SEGGER_RTT_printf(0, "[VM] 挂载动�? App 到槽�? %d, 地址: %p\r\n", slot, app_addr);
vm\vm_task.c(76): warning:  #870-D: invalid multibyte character sequence
              SEGGER_RTT_printf(0, "[VM] 挂载动�? App 到槽�? %d, 地址: %p\r\n", slot, app_addr);
vm\vm_task.c(144): warning:  #223-D: function "SEGGER_RTT_printf" declared implicitly
          SEGGER_RTT_printf(0, "[VM] 找到最�? App: 槽位 %d, 版本 %d\r\n", latest_index, max_ver);
vm\vm_task.c(144): warning:  #870-D: invalid multibyte character sequence
          SEGGER_RTT_printf(0, "[VM] 找到最�? App: 槽位 %d, 版本 %d\r\n", latest_index, max_ver);
vm\vm_task.c(147): warning:  #223-D: function "SEGGER_RTT_printf" declared implicitly
          SEGGER_RTT_printf(0, "[VM] 未找到有效的动�? App\r\n");
vm\vm_task.c(147): warning:  #870-D: invalid multibyte character sequence
          SEGGER_RTT_printf(0, "[VM] 未找到有效的动�? App\r\n");
vm\vm_task.c(149): warning:  #1-D: last line of file ends without a newline
  }
vm\vm_task.c: 20 warnings, 0 errors
compiling pwm_driver.c...
.\OS_Port\os_port.h(13): warning:  #1295-D: Deprecated declaration os_port_systick_init - give arg types
  void os_port_systick_init();
.\OS_Core\os_core.h(110): warning:  #1295-D: Deprecated declaration os_system_info - give arg types
  void os_system_info();
.\OS_Core\os_core.h(112): warning:  #1295-D: Deprecated declaration os_timer_init - give arg types
  void os_timer_init();
.\OS_Core\os_core.h(116): warning:  #1-D: last line of file ends without a newline
  #endif // DEBUG
.\vfs\vfs.h(34): warning:  #1295-D: Deprecated declaration vfs_init - give arg types
  void vfs_init();
driver\pwm_driver.h(28): warning:  #1-D: last line of file ends without a newline
  #endif // !PWM_DRIVER
driver\pwm_driver.c(241): warning:  #513-D: a value of type "int (*)(os_device_t *)" cannot be assigned to an entity of type "int (*)(struct os_device *, uint16_t)"
              pwm_device[i].close        = pwm_close;
driver\pwm_driver.c(250): warning:  #1-D: last line of file ends without a newline
  }
driver\pwm_driver.c: 8 warnings, 0 errors
compiling iap_protocol.c...
driver\flash_iap.h(22): warning:  #1-D: last line of file ends without a newline
  #endif
.\OS_Port\os_port.h(13): warning:  #1295-D: Deprecated declaration os_port_systick_init - give arg types
  void os_port_systick_init();
.\OS_Core\os_core.h(110): warning:  #1295-D: Deprecated declaration os_system_info - give arg types
  void os_system_info();
.\OS_Core\os_core.h(112): warning:  #1295-D: Deprecated declaration os_timer_init - give arg types
  void os_timer_init();
.\OS_Core\os_core.h(116): warning:  #1-D: last line of file ends without a newline
  #endif // DEBUG
.\vfs\vfs.h(34): warning:  #1295-D: Deprecated declaration vfs_init - give arg types
  void vfs_init();
driver\uart_driver.h(14): warning:  #1-D: last line of file ends without a newline
  #endif // !UART_DRIVER 
driver\iap_protocol.c(186): warning:  #223-D: function "vm_unload_apps" declared implicitly
      vm_unload_apps();
driver\iap_protocol.c(231): warning:  #870-D: invalid multibyte character sequence
      SEGGER_RTT_printf(0, "[IAP] data @%08x -> 映射�? @%08x\r\n", f->addr, real_write_addr);
driver\iap_protocol.c(258): warning:  #870-D: invalid multibyte character sequence
      SEGGER_RTT_printf(0, "[IAP] finish ok, 升级至版�? %d\r\n", g_version);
driver\iap_protocol.c(261): warning:  #223-D: function "vm_load_apps" declared implicitly
      vm_load_apps(g_target_addr);
driver\iap_protocol.c: 11 warnings, 0 errors
compiling vm_isa.c...
.\OS_Port\os_port.h(13): warning:  #1295-D: Deprecated declaration os_port_systick_init - give arg types
  void os_port_systick_init();
.\OS_Core\os_core.h(110): warning:  #1295-D: Deprecated declaration os_system_info - give arg types
  void os_system_info();
.\OS_Core\os_core.h(112): warning:  #1295-D: Deprecated declaration os_timer_init - give arg types
  void os_timer_init();
.\OS_Core\os_core.h(116): warning:  #1-D: last line of file ends without a newline
  #endif // DEBUG
.\vfs\vfs.h(34): warning:  #1295-D: Deprecated declaration vfs_init - give arg types
  void vfs_init();
vm\vm_isa.c: 5 warnings, 0 errors
compiling oled_driver.c...
driver\oled_driver.h(33): warning:  #1-D: last line of file ends without a newline
  #endif // OLED_DRIVER_H
driver\sw_iic.h(12): warning:  #1-D: last line of file ends without a newline
  #endif // SW_I2C_H
.\OS_Port\os_port.h(13): warning:  #1295-D: Deprecated declaration os_port_systick_init - give arg types
  void os_port_systick_init();
.\OS_Core\os_core.h(110): warning:  #1295-D: Deprecated declaration os_system_info - give arg types
  void os_system_info();
.\OS_Core\os_core.h(112): warning:  #1295-D: Deprecated declaration os_timer_init - give arg types
  void os_timer_init();
.\OS_Core\os_core.h(116): warning:  #1-D: last line of file ends without a newline
  #endif // DEBUG
.\vfs\vfs.h(34): warning:  #1295-D: Deprecated declaration vfs_init - give arg types
  void vfs_init();
driver\oled_driver.c(246): warning:  #223-D: function "sprintf" declared implicitly
              int len = sprintf(num_buf, "%04d", (int)args);
driver\oled_driver.c(262): warning:  #513-D: a value of type "int (*)(os_device_t *)" cannot be assigned to an entity of type "int (*)(struct os_device *, uint16_t)"
      oled_device.close        = oled_close;
driver\oled_driver.c(273): warning:  #1-D: last line of file ends without a newline
  }
driver\oled_driver.c: 10 warnings, 0 errors
linking...
Program Size: Code=17568 RO-data=1768 RW-data=152 ZI-data=7768  
FromELF: creating hex file...
".\Objects\Project.axf" - 0 Error(s), 123 Warning(s).

<h2>Collection of Component include folders:</h2>
  .\RTE\_Target_1
  C:\Keil_v5\ARM\PACK\Keil\STM32F1xx_DFP\2.4.1\Device\Include

<h2>Collection of Component Files used:</h2>
Build Time Elapsed:  00:00:02
</pre>
</body>
</html>
