


ARM Macro Assembler    Page 1 


    1 00000000                 AREA             |.text|, CODE, READONLY, ALIGN=
2
    2 00000000                 THUMB
    3 00000000         
    4 00000000                 IMPORT           os_current_task
    5 00000000                 IMPORT           os_next_task
    6 00000000         
    7 00000000                 EXPORT           PendSV_Handler
    8 00000000         
    9 00000000         PendSV_Handler
   10 00000000 F3EF 8009       MRS              R0,   PSP
   11 00000004 2800            CMP              R0,   #0
   12 00000006 D004            BEQ              Switch_Task
   13 00000008         
   14 00000008 E920 0FF0       STMDB            R0!,  {R4-R11}
   15 0000000C 4908            LDR              R1,   =os_current_task
   16 0000000E 680A            LDR              R2,   [R1]
   17 00000010 6010            STR              R0,   [R2]
   18 00000012         
   19 00000012         Switch_Task
   20 00000012         
   21 00000012 4907            LDR              R1,   =os_current_task
   22 00000014 4A07            LDR              R2,   =os_next_task
   23 00000016 6813            LDR              R3,   [R2]
   24 00000018 600B            STR              R3,   [R1]
   25 0000001A         
   26 0000001A         
   27 0000001A 4905            LDR              R1,   =os_current_task
   28 0000001C 680A            LDR              R2,   [R1]
   29 0000001E 6810            LDR              R0,   [R2]
   30 00000020         
   31 00000020 E8B0 0FF0       LDMIA            R0!,  {R4-R11}
   32 00000024 F380 8809       MSR              PSP,  R0
   33 00000028 F06F 0E02       LDR              LR,   =0xFFFFFFFD
   34 0000002C 4770            BX               LR
   35 0000002E         
   36 0000002E 00 00           ALIGN
   37 00000030                 END
              00000000 
              00000000 
Command Line: --debug --xref --diag_suppress=9931 --cpu=Cortex-M3 --apcs=interw
ork --depend=.\objects\os_port_1.d -o.\objects\os_port_1.o -I.\RTE\_Target_1 -I
C:\Keil_v5\ARM\PACK\Keil\STM32F1xx_DFP\2.4.1\Device\Include -IC:\Keil_v5\ARM\CM
SIS\Include --predefine="__UVISION_VERSION SETA 523" --predefine="STM32F10X_MD 
SETA 1" --list=.\listings\os_port.lst OS_Port\os_port.s



ARM Macro Assembler    Page 1 Alphabetic symbol ordering
Relocatable symbols

.text 00000000

Symbol: .text
   Definitions
      At line 1 in file OS_Port\os_port.s
   Uses
      None
Comment: .text unused
PendSV_Handler 00000000

Symbol: PendSV_Handler
   Definitions
      At line 9 in file OS_Port\os_port.s
   Uses
      At line 7 in file OS_Port\os_port.s
Comment: PendSV_Handler used once
Switch_Task 00000012

Symbol: Switch_Task
   Definitions
      At line 19 in file OS_Port\os_port.s
   Uses
      At line 12 in file OS_Port\os_port.s
Comment: Switch_Task used once
3 symbols



ARM Macro Assembler    Page 1 Alphabetic symbol ordering
External symbols

os_current_task 00000000

Symbol: os_current_task
   Definitions
      At line 4 in file OS_Port\os_port.s
   Uses
      At line 15 in file OS_Port\os_port.s
      At line 21 in file OS_Port\os_port.s
      At line 27 in file OS_Port\os_port.s

os_next_task 00000000

Symbol: os_next_task
   Definitions
      At line 5 in file OS_Port\os_port.s
   Uses
      At line 22 in file OS_Port\os_port.s
Comment: os_next_task used once
2 symbols
339 symbols in table
