Component: ARM Compiler 5.06 update 4 (build 422) Tool: armlink [4d35d2]

==============================================================================

Section Cross References

    startup_stm32f10x_md.o(RESET) refers to startup_stm32f10x_md.o(STACK) for __initial_sp
    startup_stm32f10x_md.o(RESET) refers to startup_stm32f10x_md.o(.text) for Reset_Handler
    startup_stm32f10x_md.o(RESET) refers to stm32f10x_it.o(i.NMI_Handler) for NMI_Handler
    startup_stm32f10x_md.o(RESET) refers to stm32f10x_it.o(i.HardFault_Handler) for HardFault_Handler
    startup_stm32f10x_md.o(RESET) refers to stm32f10x_it.o(i.MemManage_Handler) for MemManage_Handler
    startup_stm32f10x_md.o(RESET) refers to stm32f10x_it.o(i.BusFault_Handler) for BusFault_Handler
    startup_stm32f10x_md.o(RESET) refers to stm32f10x_it.o(i.UsageFault_Handler) for UsageFault_Handler
    startup_stm32f10x_md.o(RESET) refers to stm32f10x_it.o(i.SVC_Handler) for SVC_Handler
    startup_stm32f10x_md.o(RESET) refers to stm32f10x_it.o(i.DebugMon_Handler) for DebugMon_Handler
    startup_stm32f10x_md.o(RESET) refers to os_port_1.o(.text) for PendSV_Handler
    startup_stm32f10x_md.o(RESET) refers to os_port.o(i.SysTick_Handler) for SysTick_Handler
    startup_stm32f10x_md.o(RESET) refers to uart_driver.o(i.USART1_IRQHandler) for USART1_IRQHandler
    startup_stm32f10x_md.o(.text) refers to system_stm32f10x.o(i.SystemInit) for SystemInit
    startup_stm32f10x_md.o(.text) refers to entry.o(.ARM.Collect$$$$00000000) for __main
    system_stm32f10x.o(i.SetSysClock) refers to system_stm32f10x.o(i.SetSysClockTo72) for SetSysClockTo72
    system_stm32f10x.o(i.SystemCoreClockUpdate) refers to system_stm32f10x.o(.data) for SystemCoreClock
    system_stm32f10x.o(i.SystemInit) refers to system_stm32f10x.o(i.SetSysClock) for SetSysClock
    segger_rtt.o(i.SEGGER_RTT_AllocDownBuffer) refers to segger_rtt.o(i._DoInit) for _DoInit
    segger_rtt.o(i.SEGGER_RTT_AllocDownBuffer) refers to segger_rtt.o(.bss) for _SEGGER_RTT
    segger_rtt.o(i.SEGGER_RTT_AllocUpBuffer) refers to segger_rtt.o(i._DoInit) for _DoInit
    segger_rtt.o(i.SEGGER_RTT_AllocUpBuffer) refers to segger_rtt.o(.bss) for _SEGGER_RTT
    segger_rtt.o(i.SEGGER_RTT_ConfigDownBuffer) refers to segger_rtt.o(i._DoInit) for _DoInit
    segger_rtt.o(i.SEGGER_RTT_ConfigDownBuffer) refers to segger_rtt.o(.bss) for _SEGGER_RTT
    segger_rtt.o(i.SEGGER_RTT_ConfigUpBuffer) refers to segger_rtt.o(i._DoInit) for _DoInit
    segger_rtt.o(i.SEGGER_RTT_ConfigUpBuffer) refers to segger_rtt.o(.bss) for _SEGGER_RTT
    segger_rtt.o(i.SEGGER_RTT_GetKey) refers to segger_rtt.o(i.SEGGER_RTT_Read) for SEGGER_RTT_Read
    segger_rtt.o(i.SEGGER_RTT_HasData) refers to segger_rtt.o(.bss) for _SEGGER_RTT
    segger_rtt.o(i.SEGGER_RTT_HasDataUp) refers to segger_rtt.o(.bss) for _SEGGER_RTT
    segger_rtt.o(i.SEGGER_RTT_HasKey) refers to segger_rtt.o(i._DoInit) for _DoInit
    segger_rtt.o(i.SEGGER_RTT_HasKey) refers to segger_rtt.o(.bss) for _SEGGER_RTT
    segger_rtt.o(i.SEGGER_RTT_Init) refers to segger_rtt.o(i._DoInit) for _DoInit
    segger_rtt.o(i.SEGGER_RTT_PutChar) refers to segger_rtt.o(i._DoInit) for _DoInit
    segger_rtt.o(i.SEGGER_RTT_PutChar) refers to segger_rtt.o(.bss) for _SEGGER_RTT
    segger_rtt.o(i.SEGGER_RTT_PutCharSkip) refers to segger_rtt.o(i._DoInit) for _DoInit
    segger_rtt.o(i.SEGGER_RTT_PutCharSkip) refers to segger_rtt.o(.bss) for _SEGGER_RTT
    segger_rtt.o(i.SEGGER_RTT_PutCharSkipNoLock) refers to segger_rtt.o(.bss) for _SEGGER_RTT
    segger_rtt.o(i.SEGGER_RTT_Read) refers to segger_rtt.o(i.SEGGER_RTT_ReadNoLock) for SEGGER_RTT_ReadNoLock
    segger_rtt.o(i.SEGGER_RTT_ReadNoLock) refers to segger_rtt.o(i._DoInit) for _DoInit
    segger_rtt.o(i.SEGGER_RTT_ReadNoLock) refers to memcpya.o(.text) for __aeabi_memcpy
    segger_rtt.o(i.SEGGER_RTT_ReadNoLock) refers to segger_rtt.o(.bss) for _SEGGER_RTT
    segger_rtt.o(i.SEGGER_RTT_SetFlagsDownBuffer) refers to segger_rtt.o(i._DoInit) for _DoInit
    segger_rtt.o(i.SEGGER_RTT_SetFlagsDownBuffer) refers to segger_rtt.o(.bss) for _SEGGER_RTT
    segger_rtt.o(i.SEGGER_RTT_SetFlagsUpBuffer) refers to segger_rtt.o(i._DoInit) for _DoInit
    segger_rtt.o(i.SEGGER_RTT_SetFlagsUpBuffer) refers to segger_rtt.o(.bss) for _SEGGER_RTT
    segger_rtt.o(i.SEGGER_RTT_SetNameDownBuffer) refers to segger_rtt.o(i._DoInit) for _DoInit
    segger_rtt.o(i.SEGGER_RTT_SetNameDownBuffer) refers to segger_rtt.o(.bss) for _SEGGER_RTT
    segger_rtt.o(i.SEGGER_RTT_SetNameUpBuffer) refers to segger_rtt.o(i._DoInit) for _DoInit
    segger_rtt.o(i.SEGGER_RTT_SetNameUpBuffer) refers to segger_rtt.o(.bss) for _SEGGER_RTT
    segger_rtt.o(i.SEGGER_RTT_SetTerminal) refers to segger_rtt.o(i._DoInit) for _DoInit
    segger_rtt.o(i.SEGGER_RTT_SetTerminal) refers to segger_rtt.o(i._WriteBlocking) for _WriteBlocking
    segger_rtt.o(i.SEGGER_RTT_SetTerminal) refers to segger_rtt.o(i._GetAvailWriteSpace) for _GetAvailWriteSpace
[...]
    driver\oled_driver.c                     0x00000000   Number         0  oled_driver.o ABSOLUTE
    driver\pwm_driver.c                      0x00000000   Number         0  pwm_driver.o ABSOLUTE
    driver\sw_iic.c                          0x00000000   Number         0  sw_iic.o ABSOLUTE
    driver\uart_driver.c                     0x00000000   Number         0  uart_driver.o ABSOLUTE
    handlers.s                               0x00000000   Number         0  handlers.o ABSOLUTE
    init.s                                   0x00000000   Number         0  init.o ABSOLUTE
    minirtos\os_core.c                       0x00000000   Number         0  os_core.o ABSOLUTE
    vfs\vfs.c                                0x00000000   Number         0  vfs.o ABSOLUTE
    vm\vm_isa.c                              0x00000000   Number         0  vm_isa.o ABSOLUTE
    vm\vm_task.c                             0x00000000   Number         0  vm_task.o ABSOLUTE
    RESET                                    0x08000000   Section      236  startup_stm32f10x_md.o(RESET)
    .ARM.Collect$$$$00000000                 0x080000ec   Section        0  entry.o(.ARM.Collect$$$$00000000)
    .ARM.Collect$$$$00000001                 0x080000ec   Section        4  entry2.o(.ARM.Collect$$$$00000001)
    .ARM.Collect$$$$00000004                 0x080000f0   Section        4  entry5.o(.ARM.Collect$$$$00000004)
    .ARM.Collect$$$$00000008                 0x080000f4   Section        0  entry7b.o(.ARM.Collect$$$$00000008)
    .ARM.Collect$$$$0000000A                 0x080000f4   Section        0  entry8b.o(.ARM.Collect$$$$0000000A)
    .ARM.Collect$$$$0000000B                 0x080000f4   Section        8  entry9a.o(.ARM.Collect$$$$0000000B)
    .ARM.Collect$$$$0000000D                 0x080000fc   Section        0  entry10a.o(.ARM.Collect$$$$0000000D)
    .ARM.Collect$$$$0000000F                 0x080000fc   Section        0  entry11a.o(.ARM.Collect$$$$0000000F)
    .ARM.Collect$$$$00002712                 0x080000fc   Section        4  entry2.o(.ARM.Collect$$$$00002712)
    __lit__00000000                          0x080000fc   Data           4  entry2.o(.ARM.Collect$$$$00002712)
    .emb_text                                0x08000100   Section       32  core_cm3.o(.emb_text)
    .text                                    0x08000120   Section       36  startup_stm32f10x_md.o(.text)
    .text                                    0x08000144   Section       56  os_port_1.o(.text)
    .text                                    0x0800017c   Section        0  memcpya.o(.text)
    .text                                    0x080001a0   Section        0  memseta.o(.text)
    .text                                    0x080001c4   Section        0  strlen.o(.text)
    .text                                    0x080001d2   Section        0  strcmp.o(.text)
    .text                                    0x080001ee   Section        0  memcmp.o(.text)
    .text                                    0x08000208   Section        0  strcpy.o(.text)
    .text                                    0x0800021a   Section        0  uidiv.o(.text)
    .text                                    0x08000248   Section       36  init.o(.text)
    i.ADC_ClearFlag                          0x0800026c   Section        0  stm32f10x_adc.o(i.ADC_ClearFlag)
    i.ADC_Cmd                                0x08000272   Section        0  stm32f10x_adc.o(i.ADC_Cmd)
    i.ADC_GetCalibrationStatus               0x08000288   Section        0  stm32f10x_adc.o(i.ADC_GetCalibrationStatus)
    i.ADC_GetConversionValue                 0x0800029c   Section        0  stm32f10x_adc.o(i.ADC_GetConversionValue)
    i.ADC_GetFlagStatus                      0x080002a4   Section        0  stm32f10x_adc.o(i.ADC_GetFlagStatus)
    i.ADC_GetResetCalibrationStatus          0x080002b6   Section        0  stm32f10x_adc.o(i.ADC_GetResetCalibrationStatus)
    i.ADC_Init                               0x080002cc   Section        0  stm32f10x_adc.o(i.ADC_Init)
    i.ADC_RegularChannelConfig               0x0800031c   Section        0  stm32f10x_adc.o(i.ADC_RegularChannelConfig)
    i.ADC_ResetCalibration                   0x080003d4   Section        0  stm32f10x_adc.o(i.ADC_ResetCalibration)
    i.ADC_SoftwareStartConvCmd               0x080003de   Section        0  stm32f10x_adc.o(i.ADC_SoftwareStartConvCmd)
    i.ADC_StartCalibration                   0x080003f4   Section        0  stm32f10x_adc.o(i.ADC_StartCalibration)
    i.BusFault_Handler                       0x080003fe   Section        0  stm32f10x_it.o(i.BusFault_Handler)
    i.DebugMon_Handler                       0x08000402   Section        0  stm32f10x_it.o(i.DebugMon_Handler)
    i.FLASH_ClearFlag                        0x08000404   Section        0  stm32f10x_flash.o(i.FLASH_ClearFlag)
    i.FLASH_ErasePage                        0x08000410   Section        0  stm32f10x_flash.o(i.FLASH_ErasePage)
    i.FLASH_GetBank1Status                   0x0800045c   Section        0  stm32f10x_flash.o(i.FLASH_GetBank1Status)
    i.FLASH_Lock                             0x08000490   Section        0  stm32f10x_flash.o(i.FLASH_Lock)
    i.FLASH_ProgramHalfWord                  0x080004a4   Section        0  stm32f10x_flash.o(i.FLASH_ProgramHalfWord)
    i.FLASH_Unlock                           0x080004e4   Section        0  stm32f10x_flash.o(i.FLASH_Unlock)
    i.FLASH_WaitForLastOperation             0x080004fc   Section        0  stm32f10x_flash.o(i.FLASH_WaitForLastOperation)
    i.GPIO_Init                              0x08000522   Section        0  stm32f10x_gpio.o(i.GPIO_Init)
    i.GPIO_ReadInputDataBit                  0x08000638   Section        0  stm32f10x_gpio.o(i.GPIO_ReadInputDataBit)
    i.GPIO_ReadOutputDataBit                 0x0800064a   Section        0  stm32f10x_gpio.o(i.GPIO_ReadOutputDataBit)
    i.GPIO_ResetBits                         0x0800065c   Section        0  stm32f10x_gpio.o(i.GPIO_ResetBits)
    i.GPIO_SetBits                           0x08000660   Section        0  stm32f10x_gpio.o(i.GPIO_SetBits)
    i.GPIO_WriteBit                          0x08000664   Section        0  stm32f10x_gpio.o(i.GPIO_WriteBit)
    i.HardFault_Handler                      0x0800066e   Section        0  stm32f10x_it.o(i.HardFault_Handler)
    i.MemManage_Handler                      0x08000672   Section        0  stm32f10x_it.o(i.MemManage_Handler)
    i.NMI_Handler                            0x08000676   Section        0  stm32f10x_it.o(i.NMI_Handler)
    i.NVIC_Init                              0x08000678   Section        0  misc.o(i.NVIC_Init)
    i.RCC_ADCCLKConfig                       0x080006e8   Section        0  stm32f10x_rcc.o(i.RCC_ADCCLKConfig)
    i.RCC_AHBPeriphClockCmd                  0x08000700   Section        0  stm32f10x_rcc.o(i.RCC_AHBPeriphClockCmd)
    i.RCC_APB1PeriphClockCmd                 0x08000720   Section        0  stm32f10x_rcc.o(i.RCC_APB1PeriphClockCmd)
    i.RCC_APB2PeriphClockCmd                 0x08000740   Section        0  stm32f10x_rcc.o(i.RCC_APB2PeriphClockCmd)
    i.RCC_GetClocksFreq                      0x08000760   Section        0  stm32f10x_rcc.o(i.RCC_GetClocksFreq)
    i.SEGGER_RTT_Init                        0x08000834   Section        0  segger_rtt.o(i.SEGGER_RTT_Init)
    i.SEGGER_RTT_Write                       0x0800083c   Section        0  segger_rtt.o(i.SEGGER_RTT_Write)
    i.SEGGER_RTT_WriteNoLock                 0x08000884   Section        0  segger_rtt.o(i.SEGGER_RTT_WriteNoLock)
    i.SEGGER_RTT_WriteString                 0x08000908   Section        0  segger_rtt.o(i.SEGGER_RTT_WriteString)
    i.SEGGER_RTT_printf                      0x08000922   Section        0  segger_rtt_printf.o(i.SEGGER_RTT_printf)
    i.SEGGER_RTT_vprintf                     0x08000944   Section        0  segger_rtt_printf.o(i.SEGGER_RTT_vprintf)
    i.SVC_Handler                            0x08000b4e   Section        0  stm32f10x_it.o(i.SVC_Handler)
    i.SetSysClock                            0x08000b50   Section        0  system_stm32f10x.o(i.SetSysClock)
    SetSysClock                              0x08000b51   Thumb Code     8  system_stm32f10x.o(i.SetSysClock)
    i.SetSysClockTo72                        0x08000b58   Section        0  system_stm32f10x.o(i.SetSysClockTo72)
    SetSysClockTo72                          0x08000b59   Thumb Code   214  system_stm32f10x.o(i.SetSysClockTo72)
    i.SysTick_Handler                        0x08000c38   Section        0  os_port.o(i.SysTick_Handler)
    i.SystemInit                             0x08000c40   Section        0  system_stm32f10x.o(i.SystemInit)
    i.TIM_Cmd                                0x08000ca0   Section        0  stm32f10x_tim.o(i.TIM_Cmd)
    i.TIM_CtrlPWMOutputs                     0x08000cb8   Section        0  stm32f10x_tim.o(i.TIM_CtrlPWMOutputs)
    i.TIM_OC1Init                            0x08000cd8   Section        0  stm32f10x_tim.o(i.TIM_OC1Init)
    i.TIM_OC1PreloadConfig                   0x08000d70   Section        0  stm32f10x_tim.o(i.TIM_OC1PreloadConfig)
    i.TIM_OC2Init                            0x08000d84   Section        0  stm32f10x_tim.o(i.TIM_OC2Init)
    i.TIM_OC2PreloadConfig                   0x08000e28   Section        0  stm32f10x_tim.o(i.TIM_OC2PreloadConfig)
    i.TIM_OC3Init                            0x08000e44   Section        0  stm32f10x_tim.o(i.TIM_OC3Init)
    i.TIM_OC3PreloadConfig                   0x08000ee4   Section        0  stm32f10x_tim.o(i.TIM_OC3PreloadConfig)
    i.TIM_OC4Init                            0x08000ef8   Section        0  stm32f10x_tim.o(i.TIM_OC4Init)
    i.TIM_OC4PreloadConfig                   0x08000f74   Section        0  stm32f10x_tim.o(i.TIM_OC4PreloadConfig)
    i.TIM_TimeBaseInit                       0x08000f90   Section        0  stm32f10x_tim.o(i.TIM_TimeBaseInit)
    i.Task_IAP                               0x08001034   Section        0  iap_protocol.o(i.Task_IAP)
    i.Task_Start                             0x08001150   Section        0  main.o(i.Task_Start)
    i.USART1_IRQHandler                      0x08001210   Section        0  uart_driver.o(i.USART1_IRQHandler)
    i.USART_Cmd                              0x08001258   Section        0  stm32f10x_usart.o(i.USART_Cmd)
    i.USART_GetFlagStatus                    0x08001270   Section        0  stm32f10x_usart.o(i.USART_GetFlagStatus)
    i.USART_GetITStatus                      0x0800128a   Section        0  stm32f10x_usart.o(i.USART_GetITStatus)
    i.USART_ITConfig                         0x080012de   Section        0  stm32f10x_usart.o(i.USART_ITConfig)
    i.USART_Init                             0x08001328   Section        0  stm32f10x_usart.o(i.USART_Init)
    i.USART_ReceiveData                      0x08001400   Section        0  stm32f10x_usart.o(i.USART_ReceiveData)
    i.USART_SendData                         0x0800140a   Section        0  stm32f10x_usart.o(i.USART_SendData)
    i.UsageFault_Handler                     0x08001412   Section        0  stm32f10x_it.o(i.UsageFault_Handler)
    i._DoInit                                0x08001418   Section        0  segger_rtt.o(i._DoInit)
    _DoInit                                  0x08001419   Thumb Code    74  segger_rtt.o(i._DoInit)
    i._GetAvailWriteSpace                    0x08001488   Section        0  segger_rtt.o(i._GetAvailWriteSpace)
    _GetAvailWriteSpace                      0x08001489   Thumb Code    28  segger_rtt.o(i._GetAvailWriteSpace)
    i._PrintInt                              0x080014a4   Section        0  segger_rtt_printf.o(i._PrintInt)
    _PrintInt                                0x080014a5   Thumb Code   236  segger_rtt_printf.o(i._PrintInt)
    i._PrintUnsigned                         0x08001590   Section        0  segger_rtt_printf.o(i._PrintUnsigned)
    _PrintUnsigned                           0x08001591   Thumb Code   230  segger_rtt_printf.o(i._PrintUnsigned)
    i._StoreChar                             0x0800167c   Section        0  segger_rtt_printf.o(i._StoreChar)
    _StoreChar                               0x0800167d   Thumb Code    68  segger_rtt_printf.o(i._StoreChar)
    i._WriteBlocking                         0x080016c0   Section        0  segger_rtt.o(i._WriteBlocking)
    _WriteBlocking                           0x080016c1   Thumb Code   114  segger_rtt.o(i._WriteBlocking)
    i._WriteNoCheck                          0x08001732   Section        0  segger_rtt.o(i._WriteNoCheck)
    _WriteNoCheck                            0x08001733   Thumb Code    76  segger_rtt.o(i._WriteNoCheck)
    i.__0sprintf$6                           0x08001780   Section        0  printf6.o(i.__0sprintf$6)
    i.__scatterload_copy                     0x080017a8   Section       14  handlers.o(i.__scatterload_copy)
    i.__scatterload_null                     0x080017b6   Section        2  handlers.o(i.__scatterload_null)
    i.__scatterload_zeroinit                 0x080017b8   Section       14  handlers.o(i.__scatterload_zeroinit)
    i._printf_core                           0x080017c8   Section        0  printf6.o(i._printf_core)
    _printf_core                             0x080017c9   Thumb Code   748  printf6.o(i._printf_core)
    i._printf_post_padding                   0x08001ab8   Section        0  printf6.o(i._printf_post_padding)
    _printf_post_padding                     0x08001ab9   Thumb Code    36  printf6.o(i._printf_post_padding)
    i._printf_pre_padding                    0x08001adc   Section        0  printf6.o(i._printf_pre_padding)
    _printf_pre_padding                      0x08001add   Thumb Code    46  printf6.o(i._printf_pre_padding)
    i._sputc                                 0x08001b0a   Section        0  printf6.o(i._sputc)
    _sputc                                   0x08001b0b   Thumb Code    10  printf6.o(i._sputc)
    i.adc_close                              0x08001b14   Section        0  adc_driver.o(i.adc_close)
    i.adc_get_pin                            0x08001b28   Section        0  adc_driver.o(i.adc_get_pin)
    adc_get_pin                              0x08001b29   Thumb Code    68  adc_driver.o(i.adc_get_pin)
    i.adc_ioctl                              0x08001b78   Section        0  adc_driver.o(i.adc_ioctl)
    i.adc_open                               0x08001bbc   Section        0  adc_driver.o(i.adc_open)
    i.adc_read                               0x08001cb8   Section        0  adc_driver.o(i.adc_read)
    i.adc_register                           0x08001d10   Section        0  adc_driver.o(i.adc_register)
    i.adc_write                              0x08001dfc   Section        0  adc_driver.o(i.adc_write)
    i.crc32_hw                               0x08001e08   Section        0  iap_protocol.o(i.crc32_hw)
    crc32_hw                                 0x08001e09   Thumb Code    94  iap_protocol.o(i.crc32_hw)
    i.do_syscall                             0x08001e6c   Section        0  vm_isa.o(i.do_syscall)
    do_syscall                               0x08001e6d   Thumb Code   238  vm_isa.o(i.do_syscall)
    i.flash_iap_erase                        0x08001f5a   Section        0  flash_iap.o(i.flash_iap_erase)
    i.flash_iap_init                         0x08001fa4   Section        0  flash_iap.o(i.flash_iap_init)
    i.flash_iap_write                        0x08001fc8   Section        0  flash_iap.o(i.flash_iap_write)
    i.handle_data                            0x08002020   Section        0  iap_protocol.o(i.handle_data)
    handle_data                              0x08002021   Thumb Code   148  iap_protocol.o(i.handle_data)
    i.handle_finish                          0x080020e8   Section        0  iap_protocol.o(i.handle_finish)
    handle_finish                            0x080020e9   Thumb Code   138  iap_protocol.o(i.handle_finish)
    i.handle_start                           0x080021d4   Section        0  iap_protocol.o(i.handle_start)
    handle_start                             0x080021d5   Thumb Code   142  iap_protocol.o(i.handle_start)
    i.iap_recv                               0x080022a8   Section        0  iap_protocol.o(i.iap_recv)
    iap_recv                                 0x080022a9   Thumb Code    22  iap_protocol.o(i.iap_recv)
    i.iap_recv_frame                         0x080022c4   Section        0  iap_protocol.o(i.iap_recv_frame)
    iap_recv_frame                           0x080022c5   Thumb Code    88  iap_protocol.o(i.iap_recv_frame)
    i.iap_reply                              0x0800231c   Section        0  iap_protocol.o(i.iap_reply)
    iap_reply                                0x0800231d   Thumb Code    18  iap_protocol.o(i.iap_reply)
    i.is_address_safe                        0x08002334   Section        0  flash_iap.o(i.is_address_safe)
    is_address_safe                          0x08002335   Thumb Code    24  flash_iap.o(i.is_address_safe)
    i.key_close                              0x08002354   Section        0  key_driver.o(i.key_close)
    i.key_debounce_update                    0x0800235a   Section        0  key_driver.o(i.key_debounce_update)
    key_debounce_update                      0x0800235b   Thumb Code    78  key_driver.o(i.key_debounce_update)
    i.key_ioctl                              0x080023a8   Section        0  key_driver.o(i.key_ioctl)
    i.key_is_pressed                         0x08002416   Section        0  key_driver.o(i.key_is_pressed)
    key_is_pressed                           0x08002417   Thumb Code    16  key_driver.o(i.key_is_pressed)
    i.key_open                               0x08002428   Section        0  key_driver.o(i.key_open)
    i.key_read                               0x080024a8   Section        0  key_driver.o(i.key_read)
    i.key_read_raw                           0x080024d0   Section        0  key_driver.o(i.key_read_raw)
    key_read_raw                             0x080024d1   Thumb Code    22  key_driver.o(i.key_read_raw)
    i.key_register                           0x080024e8   Section        0  key_driver.o(i.key_register)
    i.key_write                              0x08002618   Section        0  key_driver.o(i.key_write)
    i.led_ioctl                              0x08002622   Section        0  led_driver.o(i.led_ioctl)
    i.led_open                               0x0800268c   Section        0  led_driver.o(i.led_open)
    i.led_register                           0x080026e8   Section        0  led_driver.o(i.led_register)
    i.led_write                              0x08002788   Section        0  led_driver.o(i.led_write)
    i.main                                   0x080027d0   Section        0  main.o(i.main)
    i.mq_close                               0x08002934   Section        0  mq_driver.o(i.mq_close)
    mq_close                                 0x08002935   Thumb Code     6  mq_driver.o(i.mq_close)
    i.mq_ioctl                               0x0800293a   Section        0  mq_driver.o(i.mq_ioctl)
    mq_ioctl                                 0x0800293b   Thumb Code    22  mq_driver.o(i.mq_ioctl)
    i.mq_open                                0x08002950   Section        0  mq_driver.o(i.mq_open)
    mq_open                                  0x08002951   Thumb Code     6  mq_driver.o(i.mq_open)
    i.mq_read                                0x08002956   Section        0  mq_driver.o(i.mq_read)
    mq_read                                  0x08002957   Thumb Code    38  mq_driver.o(i.mq_read)
    i.mq_register                            0x0800297c   Section        0  mq_driver.o(i.mq_register)
    i.mq_write                               0x08002a20   Section        0  mq_driver.o(i.mq_write)
    mq_write                                 0x08002a21   Thumb Code    28  mq_driver.o(i.mq_write)
    i.oled_close                             0x08002a3c   Section        0  oled_driver.o(i.oled_close)
    oled_close                               0x08002a3d   Thumb Code    14  oled_driver.o(i.oled_close)
    i.oled_draw_char                         0x08002a4c   Section        0  oled_driver.o(i.oled_draw_char)
    oled_draw_char                           0x08002a4d   Thumb Code   114  oled_driver.o(i.oled_draw_char)
    i.oled_draw_point                        0x08002ac4   Section        0  oled_driver.o(i.oled_draw_point)
    oled_draw_point                          0x08002ac5   Thumb Code   134  oled_driver.o(i.oled_draw_point)
    i.oled_draw_string                       0x08002b50   Section        0  oled_driver.o(i.oled_draw_string)
    oled_draw_string                         0x08002b51   Thumb Code    54  oled_driver.o(i.oled_draw_string)
    i.oled_hw_init                           0x08002b86   Section        0  oled_driver.o(i.oled_hw_init)
    oled_hw_init                             0x08002b87   Thumb Code    56  oled_driver.o(i.oled_hw_init)
    i.oled_ioctl                             0x08002bc0   Section        0  oled_driver.o(i.oled_ioctl)
    oled_ioctl                               0x08002bc1   Thumb Code   130  oled_driver.o(i.oled_ioctl)
    i.oled_open                              0x08002c58   Section        0  oled_driver.o(i.oled_open)
    oled_open                                0x08002c59   Thumb Code    28  oled_driver.o(i.oled_open)
    i.oled_read                              0x08002c78   Section        0  oled_driver.o(i.oled_read)
    oled_read                                0x08002c79   Thumb Code     8  oled_driver.o(i.oled_read)
    i.oled_refresh_screen                    0x08002c80   Section        0  oled_driver.o(i.oled_refresh_screen)
    oled_refresh_screen                      0x08002c81   Thumb Code    82  oled_driver.o(i.oled_refresh_screen)
    i.oled_register                          0x08002cd8   Section        0  oled_driver.o(i.oled_register)
    i.oled_write                             0x08002d1c   Section        0  oled_driver.o(i.oled_write)
    oled_write                               0x08002d1d   Thumb Code   158  oled_driver.o(i.oled_write)
    i.oled_write_cmd                         0x08002dc8   Section        0  oled_driver.o(i.oled_write_cmd)
    oled_write_cmd                           0x08002dc9   Thumb Code    32  oled_driver.o(i.oled_write_cmd)
    i.os_delay                               0x08002de8   Section        0  os_core_1.o(i.os_delay)
    i.os_idle_task                           0x08002e60   Section        0  os_core_1.o(i.os_idle_task)
    i.os_list_add                            0x08002e74   Section        0  os_core_1.o(i.os_list_add)
    os_list_add                              0x08002e75   Thumb Code    14  os_core_1.o(i.os_list_add)
    i.os_list_init                           0x08002e82   Section        0  os_core_1.o(i.os_list_init)
    os_list_init                             0x08002e83   Thumb Code     6  os_core_1.o(i.os_list_init)
    i.os_list_is_empty                       0x08002e88   Section        0  os_core_1.o(i.os_list_is_empty)
    os_list_is_empty                         0x08002e89   Thumb Code    16  os_core_1.o(i.os_list_is_empty)
    i.os_list_remove                         0x08002e98   Section        0  os_core_1.o(i.os_list_remove)
    os_list_remove                           0x08002e99   Thumb Code    18  os_core_1.o(i.os_list_remove)
    i.os_msg_init                            0x08002eaa   Section        0  os_core_1.o(i.os_msg_init)
    i.os_msg_recv                            0x08002ed0   Section        0  os_core_1.o(i.os_msg_recv)
    i.os_msg_send                            0x08002f5c   Section        0  os_core_1.o(i.os_msg_send)
    i.os_mutex_give                          0x08002fc0   Section        0  os_core_1.o(i.os_mutex_give)
    i.os_mutex_init                          0x0800306c   Section        0  os_core_1.o(i.os_mutex_init)
    i.os_mutex_take                          0x08003084   Section        0  os_core_1.o(i.os_mutex_take)
    i.os_port_systick_init                   0x0800315c   Section        0  os_port.o(i.os_port_systick_init)
    i.os_sched                               0x080031bc   Section        0  os_core_1.o(i.os_sched)
    i.os_sched_init                          0x08003224   Section        0  os_core_1.o(i.os_sched_init)
    i.os_start                               0x08003290   Section        0  os_core_1.o(i.os_start)
    i.os_system_info                         0x080032cc   Section        0  os_core_1.o(i.os_system_info)
    i.os_task_create                         0x08003500   Section        0  os_core_1.o(i.os_task_create)
    i.os_task_ready                          0x080035b0   Section        0  os_core_1.o(i.os_task_ready)
    i.os_tick_get                            0x080035e8   Section        0  os_core_1.o(i.os_tick_get)
    i.os_tick_handler                        0x080035f4   Section        0  os_core_1.o(i.os_tick_handler)
    i.os_timer_init                          0x08003704   Section        0  os_core_1.o(i.os_timer_init)
    i.os_timer_task                          0x0800374c   Section        0  os_core_1.o(i.os_timer_task)
    i.pwm_close                              0x080037c0   Section        0  pwm_driver.o(i.pwm_close)
    i.pwm_get_ccr                            0x080037e8   Section        0  pwm_driver.o(i.pwm_get_ccr)
    pwm_get_ccr                              0x080037e9   Thumb Code    50  pwm_driver.o(i.pwm_get_ccr)
    i.pwm_get_pin                            0x0800381c   Section        0  pwm_driver.o(i.pwm_get_pin)
    pwm_get_pin                              0x0800381d   Thumb Code   244  pwm_driver.o(i.pwm_get_pin)
    i.pwm_ioctl                              0x08003924   Section        0  pwm_driver.o(i.pwm_ioctl)
    i.pwm_open                               0x0800397c   Section        0  pwm_driver.o(i.pwm_open)
    i.pwm_read                               0x08003ac4   Section        0  pwm_driver.o(i.pwm_read)
    i.pwm_register                           0x08003af4   Section        0  pwm_driver.o(i.pwm_register)
    i.pwm_write                              0x08003bd8   Section        0  pwm_driver.o(i.pwm_write)
    i.sw_i2c_delay                           0x08003c52   Section        0  sw_iic.o(i.sw_i2c_delay)
    sw_i2c_delay                             0x08003c53   Thumb Code    16  sw_iic.o(i.sw_i2c_delay)
    i.sw_i2c_init                            0x08003c64   Section        0  sw_iic.o(i.sw_i2c_init)
    i.sw_i2c_send_byte                       0x08003ca0   Section        0  sw_iic.o(i.sw_i2c_send_byte)
    i.sw_i2c_start                           0x08003d10   Section        0  sw_iic.o(i.sw_i2c_start)
    i.sw_i2c_stop                            0x08003d40   Section        0  sw_iic.o(i.sw_i2c_stop)
    i.uart_close                             0x08003d68   Section        0  uart_driver.o(i.uart_close)
    i.uart_ioctl                             0x08003d94   Section        0  uart_driver.o(i.uart_ioctl)
    i.uart_open                              0x08003ddc   Section        0  uart_driver.o(i.uart_open)
    i.uart_read                              0x08003f08   Section        0  uart_driver.o(i.uart_read)
    i.uart_register                          0x08003f94   Section        0  uart_driver.o(i.uart_register)
    i.uart_write                             0x08004058   Section        0  uart_driver.o(i.uart_write)
    i.vfs_close                              0x080040a0   Section        0  vfs.o(i.vfs_close)
    i.vfs_init                               0x080040e4   Section        0  vfs.o(i.vfs_init)
    i.vfs_ioctl                              0x080040f4   Section        0  vfs.o(i.vfs_ioctl)
    i.vfs_open                               0x08004160   Section        0  vfs.o(i.vfs_open)
    i.vfs_read                               0x080041b8   Section        0  vfs.o(i.vfs_read)
    i.vfs_register_device                    0x0800422c   Section        0  vfs.o(i.vfs_register_device)
    i.vfs_write                              0x0800425c   Section        0  vfs.o(i.vfs_write)
    i.vm_find_apps                           0x080042d0   Section        0  vm_task.o(i.vm_find_apps)
    i.vm_load_apps                           0x0800439c   Section        0  vm_task.o(i.vm_load_apps)
    i.vm_run                                 0x080044a0   Section        0  vm_isa.o(i.vm_run)
    i.vm_unload_apps                         0x080046f8   Section        0  vm_task.o(i.vm_unload_apps)
    i.vm_wakeup                              0x080047d4   Section        0  vm_isa.o(i.vm_wakeup)
    i.vmtask                                 0x08004810   Section        0  vm_task.o(i.vmtask)
    .constdata                               0x080048fc   Section       16  segger_rtt_printf.o(.constdata)
    _aV2C                                    0x080048fc   Data          16  segger_rtt_printf.o(.constdata)
    .constdata                               0x0800490c   Section      188  vm_task.o(.constdata)
    app0_code                                0x0800490c   Data          76  vm_task.o(.constdata)
    app1_code                                0x08004958   Data          95  vm_task.o(.constdata)
    raw_app_bytecodes                        0x080049b8   Data          16  vm_task.o(.constdata)
    .constdata                               0x080049c8   Section      576  oled_driver.o(.constdata)
    font_6x8                                 0x080049c8   Data         576  oled_driver.o(.constdata)
    .conststring                             0x08004c08   Section       69  main.o(.conststring)
    .data                                    0x20000000   Section       20  system_stm32f10x.o(.data)
    .data                                    0x20000014   Section        8  vfs.o(.data)
    device_list_head                         0x20000014   Data           8  vfs.o(.data)
    .data                                    0x2000001c   Section        8  uart_driver.o(.data)
    rx_head                                  0x2000001c   Data           4  uart_driver.o(.data)
    rx_tail                                  0x20000020   Data           4  uart_driver.o(.data)
    .data                                    0x20000024   Section        9  vm_task.o(.data)
    app_valid                                0x2000002c   Data           1  vm_task.o(.data)
    .data                                    0x20000030   Section       12  iap_protocol.o(.data)
    g_target_addr                            0x20000030   Data           4  iap_protocol.o(.data)
    g_target_version                         0x20000034   Data           4  iap_protocol.o(.data)
    g_fd                                     0x20000038   Data           4  iap_protocol.o(.data)
    .data                                    0x2000003c   Section        2  oled_driver.o(.data)
    g_cursor_x                               0x2000003c   Data           1  oled_driver.o(.data)
    g_cursor_y                               0x2000003d   Data           1  oled_driver.o(.data)
    .data                                    0x2000003e   Section       20  stm32f10x_rcc.o(.data)
    APBAHBPrescTable                         0x2000003e   Data          16  stm32f10x_rcc.o(.data)
    ADCPrescTable                            0x2000004e   Data           4  stm32f10x_rcc.o(.data)
    .data                                    0x20000054   Section       60  os_core_1.o(.data)
    tick_counter                             0x2000008c   Data           4  os_core_1.o(.data)
    .bss                                     0x20000090   Section     1208  segger_rtt.o(.bss)
    _acUpBuffer                              0x20000138   Data        1024  segger_rtt.o(.bss)
    _acDownBuffer                            0x20000538   Data          16  segger_rtt.o(.bss)
    .bss                                     0x20000548   Section       64  vfs.o(.bss)
    device                                   0x20000548   Data          64  vfs.o(.bss)
    .bss                                     0x20000588   Section      144  led_driver.o(.bss)
    led_device                               0x20000588   Data         128  led_driver.o(.bss)
    led_driver                               0x20000608   Data          16  led_driver.o(.bss)
    .bss                                     0x20000618   Section      664  uart_driver.o(.bss)
    rx_buf                                   0x20000618   Data         512  uart_driver.o(.bss)
    uart_device                              0x20000818   Data         128  uart_driver.o(.bss)
    uart_driver                              0x20000898   Data          24  uart_driver.o(.bss)
    .bss                                     0x200008b0   Section      624  vm_task.o(.bss)
    ctx                                      0x200008b0   Data         624  vm_task.o(.bss)
    .bss                                     0x20000b20   Section      144  mq_driver.o(.bss)
    mq_device                                0x20000b20   Data         128  mq_driver.o(.bss)
    mq_driver                                0x20000ba0   Data          16  mq_driver.o(.bss)
    .bss                                     0x20000bb0   Section      285  iap_protocol.o(.bss)
    g_ctx                                    0x20000bb0   Data          16  iap_protocol.o(.bss)
    g_frame                                  0x20000bc0   Data         269  iap_protocol.o(.bss)
    .bss                                     0x20000cd0   Section     1088  oled_driver.o(.bss)
    oled_device                              0x20000cd0   Data          64  oled_driver.o(.bss)
    g_oled_buffer                            0x20000d10   Data        1024  oled_driver.o(.bss)
    .bss                                     0x20001110   Section      304  pwm_driver.o(.bss)
    pwm_device                               0x20001110   Data         256  pwm_driver.o(.bss)
    pwm_driver                               0x20001210   Data          48  pwm_driver.o(.bss)
    .bss                                     0x20001240   Section      288  adc_driver.o(.bss)
    adc_device                               0x20001240   Data         256  adc_driver.o(.bss)
    adc_driver                               0x20001340   Data          32  adc_driver.o(.bss)
    .bss                                     0x20001360   Section      368  key_driver.o(.bss)
    key_device                               0x20001360   Data         256  key_driver.o(.bss)
    key_driver                               0x20001460   Data         112  key_driver.o(.bss)
    .bss                                     0x200014d0   Section     1788  main.o(.bss)
    .bss                                     0x20001bcc   Section     1144  os_core_1.o(.bss)
    STACK                                    0x20002048   Section     1024  startup_stm32f10x_md.o(STACK)

    Global Symbols

    Symbol Name                              Value     Ov Type        Size  Object(Section)

    BuildAttributes$$THM_ISAv4$P$D$K$B$S$PE$A:L22UL41UL21$X:L11$S22US41US21$IEEE1$IW$USESV6$~STKCKD$USESV7$~SHL$OSPACE$ROPI$EBA8$MICROLIB$REQ8$PRES8$EABIv2 0x00000000   Number         0  anon$$obj.o ABSOLUTE
    __ARM_use_no_argv                        0x00000000   Number         0  main.o ABSOLUTE
    _printf_a                                0x00000000   Number         0  stubs.o ABSOLUTE
    _printf_c                                0x00000000   Number         0  stubs.o ABSOLUTE
    _printf_charcount                        0x00000000   Number         0  stubs.o ABSOLUTE
    _printf_d                                0x00000000   Number         0  stubs.o ABSOLUTE
    _printf_e                                0x00000000   Number         0  stubs.o ABSOLUTE
    _printf_f                                0x00000000   Number         0  stubs.o ABSOLUTE
    _printf_flags                            0x00000000   Number         0  stubs.o ABSOLUTE
    _printf_fp_dec                           0x00000000   Number         0  stubs.o ABSOLUTE
    _printf_fp_hex                           0x00000000   Number         0  stubs.o ABSOLUTE
    _printf_g                                0x00000000   Number         0  stubs.o ABSOLUTE
    _printf_i                                0x00000000   Number         0  stubs.o ABSOLUTE
    _printf_int_dec                          0x00000000   Number         0  stubs.o ABSOLUTE
    _printf_l                                0x00000000   Number         0  stubs.o ABSOLUTE
    _printf_lc                               0x00000000   Number         0  stubs.o ABSOLUTE
    _printf_ll                               0x00000000   Number         0  stubs.o ABSOLUTE
    _printf_lld                              0x00000000   Number         0  stubs.o ABSOLUTE
    _printf_lli                              0x00000000   Number         0  stubs.o ABSOLUTE
    _printf_llo                              0x00000000   Number         0  stubs.o ABSOLUTE
    _printf_llu                              0x00000000   Number         0  stubs.o ABSOLUTE
    _printf_llx                              0x00000000   Number         0  stubs.o ABSOLUTE
    _printf_longlong_dec                     0x00000000   Number         0  stubs.o ABSOLUTE
    _printf_longlong_hex                     0x00000000   Number         0  stubs.o ABSOLUTE
    _printf_longlong_oct                     0x00000000   Number         0  stubs.o ABSOLUTE
    _printf_ls                               0x00000000   Number         0  stubs.o ABSOLUTE
    _printf_mbtowc                           0x00000000   Number         0  stubs.o ABSOLUTE
    _printf_n                                0x00000000   Number         0  stubs.o ABSOLUTE
    _printf_o                                0x00000000   Number         0  stubs.o ABSOLUTE
    _printf_p                                0x00000000   Number         0  stubs.o ABSOLUTE
    _printf_percent                          0x00000000   Number         0  stubs.o ABSOLUTE
    _printf_pre_padding                      0x00000000   Number         0  stubs.o ABSOLUTE
    _printf_return_value                     0x00000000   Number         0  stubs.o ABSOLUTE
    _printf_s                                0x00000000   Number         0  stubs.o ABSOLUTE
    _printf_sizespec                         0x00000000   Number         0  stubs.o ABSOLUTE
    _printf_str                              0x00000000   Number         0  stubs.o ABSOLUTE
    _printf_truncate_signed                  0x00000000   Number         0  stubs.o ABSOLUTE
    _printf_truncate_unsigned                0x00000000   Number         0  stubs.o ABSOLUTE
    _printf_u                                0x00000000   Number         0  stubs.o ABSOLUTE
    _printf_wc                               0x00000000   Number         0  stubs.o ABSOLUTE
    _printf_wctomb                           0x00000000   Number         0  stubs.o ABSOLUTE
    _printf_widthprec                        0x00000000   Number         0  stubs.o ABSOLUTE
    _printf_x                                0x00000000   Number         0  stubs.o ABSOLUTE
    __cpp_initialize__aeabi_                  - Undefined Weak Reference
    __cxa_finalize                            - Undefined Weak Reference
    __decompress                              - Undefined Weak Reference
    _clock_init                               - Undefined Weak Reference
    _microlib_exit                            - Undefined Weak Reference
    __Vectors_Size                           0x000000ec   Number         0  startup_stm32f10x_md.o ABSOLUTE
    __Vectors                                0x08000000   Data           4  startup_stm32f10x_md.o(RESET)
    __Vectors_End                            0x080000ec   Data           0  startup_stm32f10x_md.o(RESET)
    __main                                   0x080000ed   Thumb Code     0  entry.o(.ARM.Collect$$$$00000000)
    _main_stk                                0x080000ed   Thumb Code     0  entry2.o(.ARM.Collect$$$$00000001)
    _main_scatterload                        0x080000f1   Thumb Code     0  entry5.o(.ARM.Collect$$$$00000004)
    __main_after_scatterload                 0x080000f5   Thumb Code     0  entry5.o(.ARM.Collect$$$$00000004)
    _main_clock                              0x080000f5   Thumb Code     0  entry7b.o(.ARM.Collect$$$$00000008)
    _main_cpp_init                           0x080000f5   Thumb Code     0  entry8b.o(.ARM.Collect$$$$0000000A)
    _main_init                               0x080000f5   Thumb Code     0  entry9a.o(.ARM.Collect$$$$0000000B)
    __rt_final_cpp                           0x080000fd   Thumb Code     0  entry10a.o(.ARM.Collect$$$$0000000D)
    __rt_final_exit                          0x080000fd   Thumb Code     0  entry11a.o(.ARM.Collect$$$$0000000F)
    __get_PSP                                0x08000101   Thumb Code     6  core_cm3.o(.emb_text)
    __set_PSP                                0x08000107   Thumb Code     6  core_cm3.o(.emb_text)
    __get_MSP                                0x0800010d   Thumb Code     6  core_cm3.o(.emb_text)
    __set_MSP                                0x08000113   Thumb Code     6  core_cm3.o(.emb_text)
    __REV16                                  0x08000119   Thumb Code     4  core_cm3.o(.emb_text)
    __REVSH                                  0x0800011d   Thumb Code     4  core_cm3.o(.emb_text)
    Reset_Handler                            0x08000121   Thumb Code     8  startup_stm32f10x_md.o(.text)
    ADC1_2_IRQHandler                        0x0800013b   Thumb Code     0  startup_stm32f10x_md.o(.text)
    CAN1_RX1_IRQHandler                      0x0800013b   Thumb Code     0  startup_stm32f10x_md.o(.text)
    CAN1_SCE_IRQHandler                      0x0800013b   Thumb Code     0  startup_stm32f10x_md.o(.text)
    DMA1_Channel1_IRQHandler                 0x0800013b   Thumb Code     0  startup_stm32f10x_md.o(.text)
    DMA1_Channel2_IRQHandler                 0x0800013b   Thumb Code     0  startup_stm32f10x_md.o(.text)
    DMA1_Channel3_IRQHandler                 0x0800013b   Thumb Code     0  startup_stm32f10x_md.o(.text)
    DMA1_Channel4_IRQHandler                 0x0800013b   Thumb Code     0  startup_stm32f10x_md.o(.text)
    DMA1_Channel5_IRQHandler                 0x0800013b   Thumb Code     0  startup_stm32f10x_md.o(.text)
    DMA1_Channel6_IRQHandler                 0x0800013b   Thumb Code     0  startup_stm32f10x_md.o(.text)
    DMA1_Channel7_IRQHandler                 0x0800013b   Thumb Code     0  startup_stm32f10x_md.o(.text)
    EXTI0_IRQHandler                         0x0800013b   Thumb Code     0  startup_stm32f10x_md.o(.text)
    EXTI15_10_IRQHandler                     0x0800013b   Thumb Code     0  startup_stm32f10x_md.o(.text)
    EXTI1_IRQHandler                         0x0800013b   Thumb Code     0  startup_stm32f10x_md.o(.text)
    EXTI2_IRQHandler                         0x0800013b   Thumb Code     0  startup_stm32f10x_md.o(.text)
    EXTI3_IRQHandler                         0x0800013b   Thumb Code     0  startup_stm32f10x_md.o(.text)
    EXTI4_IRQHandler                         0x0800013b   Thumb Code     0  startup_stm32f10x_md.o(.text)
    EXTI9_5_IRQHandler                       0x0800013b   Thumb Code     0  startup_stm32f10x_md.o(.text)
    FLASH_IRQHandler                         0x0800013b   Thumb Code     0  startup_stm32f10x_md.o(.text)
    I2C1_ER_IRQHandler                       0x0800013b   Thumb Code     0  startup_stm32f10x_md.o(.text)
    I2C1_EV_IRQHandler                       0x0800013b   Thumb Code     0  startup_stm32f10x_md.o(.text)
    I2C2_ER_IRQHandler                       0x0800013b   Thumb Code     0  startup_stm32f10x_md.o(.text)
    I2C2_EV_IRQHandler                       0x0800013b   Thumb Code     0  startup_stm32f10x_md.o(.text)
    PVD_IRQHandler                           0x0800013b   Thumb Code     0  startup_stm32f10x_md.o(.text)
    RCC_IRQHandler                           0x0800013b   Thumb Code     0  startup_stm32f10x_md.o(.text)
    RTCAlarm_IRQHandler                      0x0800013b   Thumb Code     0  startup_stm32f10x_md.o(.text)
    RTC_IRQHandler                           0x0800013b   Thumb Code     0  startup_stm32f10x_md.o(.text)
    SPI1_IRQHandler                          0x0800013b   Thumb Code     0  startup_stm32f10x_md.o(.text)
    SPI2_IRQHandler                          0x0800013b   Thumb Code     0  startup_stm32f10x_md.o(.text)
    TAMPER_IRQHandler                        0x0800013b   Thumb Code     0  startup_stm32f10x_md.o(.text)
    TIM1_BRK_IRQHandler                      0x0800013b   Thumb Code     0  startup_stm32f10x_md.o(.text)
    TIM1_CC_IRQHandler                       0x0800013b   Thumb Code     0  startup_stm32f10x_md.o(.text)
    TIM1_TRG_COM_IRQHandler                  0x0800013b   Thumb Code     0  startup_stm32f10x_md.o(.text)
    TIM1_UP_IRQHandler                       0x0800013b   Thumb Code     0  startup_stm32f10x_md.o(.text)
    TIM2_IRQHandler                          0x0800013b   Thumb Code     0  startup_stm32f10x_md.o(.text)
    TIM3_IRQHandler                          0x0800013b   Thumb Code     0  startup_stm32f10x_md.o(.text)
    TIM4_IRQHandler                          0x0800013b   Thumb Code     0  startup_stm32f10x_md.o(.text)
    USART2_IRQHandler                        0x0800013b   Thumb Code     0  startup_stm32f10x_md.o(.text)
    USART3_IRQHandler                        0x0800013b   Thumb Code     0  startup_stm32f10x_md.o(.text)
    USBWakeUp_IRQHandler                     0x0800013b   Thumb Code     0  startup_stm32f10x_md.o(.text)
    USB_HP_CAN1_TX_IRQHandler                0x0800013b   Thumb Code     0  startup_stm32f10x_md.o(.text)
    USB_LP_CAN1_RX0_IRQHandler               0x0800013b   Thumb Code     0  startup_stm32f10x_md.o(.text)
    WWDG_IRQHandler                          0x0800013b   Thumb Code     0  startup_stm32f10x_md.o(.text)
    PendSV_Handler                           0x08000145   Thumb Code     0  os_port_1.o(.text)
    __aeabi_memcpy                           0x0800017d   Thumb Code    36  memcpya.o(.text)
    __aeabi_memcpy4                          0x0800017d   Thumb Code     0  memcpya.o(.text)
    __aeabi_memcpy8                          0x0800017d   Thumb Code     0  memcpya.o(.text)
    __aeabi_memset                           0x080001a1   Thumb Code    14  memseta.o(.text)
    __aeabi_memset4                          0x080001a1   Thumb Code     0  memseta.o(.text)
    __aeabi_memset8                          0x080001a1   Thumb Code     0  memseta.o(.text)
    __aeabi_memclr                           0x080001af   Thumb Code     4  memseta.o(.text)
    __aeabi_memclr4                          0x080001af   Thumb Code     0  memseta.o(.text)
    __aeabi_memclr8                          0x080001af   Thumb Code     0  memseta.o(.text)
    _memset$wrapper                          0x080001b3   Thumb Code    18  memseta.o(.text)
    strlen                                   0x080001c5   Thumb Code    14  strlen.o(.text)
    strcmp                                   0x080001d3   Thumb Code    28  strcmp.o(.text)
    memcmp                                   0x080001ef   Thumb Code    26  memcmp.o(.text)
    strcpy                                   0x08000209   Thumb Code    18  strcpy.o(.text)
    __aeabi_uidiv                            0x0800021b   Thumb Code     0  uidiv.o(.text)
    __aeabi_uidivmod                         0x0800021b   Thumb Code    44  uidiv.o(.text)
    __scatterload                            0x08000249   Thumb Code    28  init.o(.text)
    __scatterload_rt2                        0x08000249   Thumb Code     0  init.o(.text)
    ADC_ClearFlag                            0x0800026d   Thumb Code     6  stm32f10x_adc.o(i.ADC_ClearFlag)
    ADC_Cmd                                  0x08000273   Thumb Code    22  stm32f10x_adc.o(i.ADC_Cmd)
    ADC_GetCalibrationStatus                 0x08000289   Thumb Code    20  stm32f10x_adc.o(i.ADC_GetCalibrationStatus)
    ADC_GetConversionValue                   0x0800029d   Thumb Code     8  stm32f10x_adc.o(i.ADC_GetConversionValue)
    ADC_GetFlagStatus                        0x080002a5   Thumb Code    18  stm32f10x_adc.o(i.ADC_GetFlagStatus)
    ADC_GetResetCalibrationStatus            0x080002b7   Thumb Code    20  stm32f10x_adc.o(i.ADC_GetResetCalibrationStatus)
    ADC_Init                                 0x080002cd   Thumb Code    70  stm32f10x_adc.o(i.ADC_Init)
    ADC_RegularChannelConfig                 0x0800031d   Thumb Code   184  stm32f10x_adc.o(i.ADC_RegularChannelConfig)
    ADC_ResetCalibration                     0x080003d5   Thumb Code    10  stm32f10x_adc.o(i.ADC_ResetCalibration)
    ADC_SoftwareStartConvCmd                 0x080003df   Thumb Code    22  stm32f10x_adc.o(i.ADC_SoftwareStartConvCmd)
    ADC_StartCalibration                     0x080003f5   Thumb Code    10  stm32f10x_adc.o(i.ADC_StartCalibration)
    BusFault_Handler                         0x080003ff   Thumb Code     4  stm32f10x_it.o(i.BusFault_Handler)
    DebugMon_Handler                         0x08000403   Thumb Code     2  stm32f10x_it.o(i.DebugMon_Handler)
    FLASH_ClearFlag                          0x08000405   Thumb Code     6  stm32f10x_flash.o(i.FLASH_ClearFlag)
    FLASH_ErasePage                          0x08000411   Thumb Code    72  stm32f10x_flash.o(i.FLASH_ErasePage)
    FLASH_GetBank1Status                     0x0800045d   Thumb Code    48  stm32f10x_flash.o(i.FLASH_GetBank1Status)
    FLASH_Lock                               0x08000491   Thumb Code    14  stm32f10x_flash.o(i.FLASH_Lock)
    FLASH_ProgramHalfWord                    0x080004a5   Thumb Code    60  stm32f10x_flash.o(i.FLASH_ProgramHalfWord)
    FLASH_Unlock                             0x080004e5   Thumb Code    12  stm32f10x_flash.o(i.FLASH_Unlock)
    FLASH_WaitForLastOperation               0x080004fd   Thumb Code    38  stm32f10x_flash.o(i.FLASH_WaitForLastOperation)
    GPIO_Init                                0x08000523   Thumb Code   278  stm32f10x_gpio.o(i.GPIO_Init)
    GPIO_ReadInputDataBit                    0x08000639   Thumb Code    18  stm32f10x_gpio.o(i.GPIO_ReadInputDataBit)
    GPIO_ReadOutputDataBit                   0x0800064b   Thumb Code    18  stm32f10x_gpio.o(i.GPIO_ReadOutputDataBit)
    GPIO_ResetBits                           0x0800065d   Thumb Code     4  stm32f10x_gpio.o(i.GPIO_ResetBits)
    GPIO_SetBits                             0x08000661   Thumb Code     4  stm32f10x_gpio.o(i.GPIO_SetBits)
    GPIO_WriteBit                            0x08000665   Thumb Code    10  stm32f10x_gpio.o(i.GPIO_WriteBit)
    HardFault_Handler                        0x0800066f   Thumb Code     4  stm32f10x_it.o(i.HardFault_Handler)
    MemManage_Handler                        0x08000673   Thumb Code     4  stm32f10x_it.o(i.MemManage_Handler)
    NMI_Handler                              0x08000677   Thumb Code     2  stm32f10x_it.o(i.NMI_Handler)
    NVIC_Init                                0x08000679   Thumb Code   100  misc.o(i.NVIC_Init)
    RCC_ADCCLKConfig                         0x080006e9   Thumb Code    18  stm32f10x_rcc.o(i.RCC_ADCCLKConfig)
    RCC_AHBPeriphClockCmd                    0x08000701   Thumb Code    26  stm32f10x_rcc.o(i.RCC_AHBPeriphClockCmd)
    RCC_APB1PeriphClockCmd                   0x08000721   Thumb Code    26  stm32f10x_rcc.o(i.RCC_APB1PeriphClockCmd)
    RCC_APB2PeriphClockCmd                   0x08000741   Thumb Code    26  stm32f10x_rcc.o(i.RCC_APB2PeriphClockCmd)
    RCC_GetClocksFreq                        0x08000761   Thumb Code   192  stm32f10x_rcc.o(i.RCC_GetClocksFreq)
    SEGGER_RTT_Init                          0x08000835   Thumb Code     8  segger_rtt.o(i.SEGGER_RTT_Init)
    SEGGER_RTT_Write                         0x0800083d   Thumb Code    68  segger_rtt.o(i.SEGGER_RTT_Write)
    SEGGER_RTT_WriteNoLock                   0x08000885   Thumb Code   126  segger_rtt.o(i.SEGGER_RTT_WriteNoLock)
    SEGGER_RTT_WriteString                   0x08000909   Thumb Code    26  segger_rtt.o(i.SEGGER_RTT_WriteString)
    SEGGER_RTT_printf                        0x08000923   Thumb Code    34  segger_rtt_printf.o(i.SEGGER_RTT_printf)
    SEGGER_RTT_vprintf                       0x08000945   Thumb Code   522  segger_rtt_printf.o(i.SEGGER_RTT_vprintf)
    SVC_Handler                              0x08000b4f   Thumb Code     2  stm32f10x_it.o(i.SVC_Handler)
    SysTick_Handler                          0x08000c39   Thumb Code     8  os_port.o(i.SysTick_Handler)
    SystemInit                               0x08000c41   Thumb Code    78  system_stm32f10x.o(i.SystemInit)
    TIM_Cmd                                  0x08000ca1   Thumb Code    24  stm32f10x_tim.o(i.TIM_Cmd)
    TIM_CtrlPWMOutputs                       0x08000cb9   Thumb Code    30  stm32f10x_tim.o(i.TIM_CtrlPWMOutputs)
    TIM_OC1Init                              0x08000cd9   Thumb Code   132  stm32f10x_tim.o(i.TIM_OC1Init)
    TIM_OC1PreloadConfig                     0x08000d71   Thumb Code    18  stm32f10x_tim.o(i.TIM_OC1PreloadConfig)
    TIM_OC2Init                              0x08000d85   Thumb Code   154  stm32f10x_tim.o(i.TIM_OC2Init)
    TIM_OC2PreloadConfig                     0x08000e29   Thumb Code    26  stm32f10x_tim.o(i.TIM_OC2PreloadConfig)
    TIM_OC3Init                              0x08000e45   Thumb Code   150  stm32f10x_tim.o(i.TIM_OC3Init)
    TIM_OC3PreloadConfig                     0x08000ee5   Thumb Code    18  stm32f10x_tim.o(i.TIM_OC3PreloadConfig)
    TIM_OC4Init                              0x08000ef9   Thumb Code   114  stm32f10x_tim.o(i.TIM_OC4Init)
    TIM_OC4PreloadConfig                     0x08000f75   Thumb Code    26  stm32f10x_tim.o(i.TIM_OC4PreloadConfig)
    TIM_TimeBaseInit                         0x08000f91   Thumb Code   122  stm32f10x_tim.o(i.TIM_TimeBaseInit)
    Task_IAP                                 0x08001035   Thumb Code   178  iap_protocol.o(i.Task_IAP)
    Task_Start                               0x08001151   Thumb Code   136  main.o(i.Task_Start)
    USART1_IRQHandler                        0x08001211   Thumb Code    60  uart_driver.o(i.USART1_IRQHandler)
    USART_Cmd                                0x08001259   Thumb Code    24  stm32f10x_usart.o(i.USART_Cmd)
    USART_GetFlagStatus                      0x08001271   Thumb Code    26  stm32f10x_usart.o(i.USART_GetFlagStatus)
    USART_GetITStatus                        0x0800128b   Thumb Code    84  stm32f10x_usart.o(i.USART_GetITStatus)
    USART_ITConfig                           0x080012df   Thumb Code    74  stm32f10x_usart.o(i.USART_ITConfig)
    USART_Init                               0x08001329   Thumb Code   210  stm32f10x_usart.o(i.USART_Init)
    USART_ReceiveData                        0x08001401   Thumb Code    10  stm32f10x_usart.o(i.USART_ReceiveData)
    USART_SendData                           0x0800140b   Thumb Code     8  stm32f10x_usart.o(i.USART_SendData)
    UsageFault_Handler                       0x08001413   Thumb Code     4  stm32f10x_it.o(i.UsageFault_Handler)
    __0sprintf$6                             0x08001781   Thumb Code    34  printf6.o(i.__0sprintf$6)
    __1sprintf$6                             0x08001781   Thumb Code     0  printf6.o(i.__0sprintf$6)
    __2sprintf                               0x08001781   Thumb Code     0  printf6.o(i.__0sprintf$6)
    __scatterload_copy                       0x080017a9   Thumb Code    14  handlers.o(i.__scatterload_copy)
    __scatterload_null                       0x080017b7   Thumb Code     2  handlers.o(i.__scatterload_null)
    __scatterload_zeroinit                   0x080017b9   Thumb Code    14  handlers.o(i.__scatterload_zeroinit)
    adc_close                                0x08001b15   Thumb Code    18  adc_driver.o(i.adc_close)
    adc_ioctl                                0x08001b79   Thumb Code    68  adc_driver.o(i.adc_ioctl)
    adc_open                                 0x08001bbd   Thumb Code   230  adc_driver.o(i.adc_open)
    adc_read                                 0x08001cb9   Thumb Code    88  adc_driver.o(i.adc_read)
    adc_register                             0x08001d11   Thumb Code   206  adc_driver.o(i.adc_register)
    adc_write                                0x08001dfd   Thumb Code    10  adc_driver.o(i.adc_write)
    flash_iap_erase                          0x08001f5b   Thumb Code    74  flash_iap.o(i.flash_iap_erase)
    flash_iap_init                           0x08001fa5   Thumb Code    32  flash_iap.o(i.flash_iap_init)
    flash_iap_write                          0x08001fc9   Thumb Code    88  flash_iap.o(i.flash_iap_write)
    key_close                                0x08002355   Thumb Code     6  key_driver.o(i.key_close)
    key_ioctl                                0x080023a9   Thumb Code   110  key_driver.o(i.key_ioctl)
    key_open                                 0x08002429   Thumb Code   118  key_driver.o(i.key_open)
    key_read                                 0x080024a9   Thumb Code    40  key_driver.o(i.key_read)
    key_register                             0x080024e9   Thumb Code   276  key_driver.o(i.key_register)
    key_write                                0x08002619   Thumb Code    10  key_driver.o(i.key_write)
    led_ioctl                                0x08002623   Thumb Code   104  led_driver.o(i.led_ioctl)
    led_open                                 0x0800268d   Thumb Code    82  led_driver.o(i.led_open)
    led_register                             0x080026e9   Thumb Code   140  led_driver.o(i.led_register)
    led_write                                0x08002789   Thumb Code    72  led_driver.o(i.led_write)
    main                                     0x080027d1   Thumb Code   186  main.o(i.main)
    mq_register                              0x0800297d   Thumb Code   134  mq_driver.o(i.mq_register)
    oled_register                            0x08002cd9   Thumb Code    44  oled_driver.o(i.oled_register)
    os_delay                                 0x08002de9   Thumb Code   102  os_core_1.o(i.os_delay)
    os_idle_task                             0x08002e61   Thumb Code    14  os_core_1.o(i.os_idle_task)
    os_msg_init                              0x08002eab   Thumb Code    38  os_core_1.o(i.os_msg_init)
    os_msg_recv                              0x08002ed1   Thumb Code   128  os_core_1.o(i.os_msg_recv)
    os_msg_send                              0x08002f5d   Thumb Code   100  os_core_1.o(i.os_msg_send)
    os_mutex_give                            0x08002fc1   Thumb Code   158  os_core_1.o(i.os_mutex_give)
    os_mutex_init                            0x0800306d   Thumb Code    22  os_core_1.o(i.os_mutex_init)
    os_mutex_take                            0x08003085   Thumb Code   202  os_core_1.o(i.os_mutex_take)
    os_port_systick_init                     0x0800315d   Thumb Code    84  os_port.o(i.os_port_systick_init)
    os_sched                                 0x080031bd   Thumb Code    84  os_core_1.o(i.os_sched)
    os_sched_init                            0x08003225   Thumb Code    76  os_core_1.o(i.os_sched_init)
    os_start                                 0x08003291   Thumb Code    50  os_core_1.o(i.os_start)
    os_system_info                           0x080032cd   Thumb Code   220  os_core_1.o(i.os_system_info)
    os_task_create                           0x08003501   Thumb Code   166  os_core_1.o(i.os_task_create)
    os_task_ready                            0x080035b1   Thumb Code    48  os_core_1.o(i.os_task_ready)
    os_tick_get                              0x080035e9   Thumb Code     6  os_core_1.o(i.os_tick_get)
    os_tick_handler                          0x080035f5   Thumb Code   236  os_core_1.o(i.os_tick_handler)
    os_timer_init                            0x08003705   Thumb Code    44  os_core_1.o(i.os_timer_init)
    os_timer_task                            0x0800374d   Thumb Code   106  os_core_1.o(i.os_timer_task)
    pwm_close                                0x080037c1   Thumb Code    34  pwm_driver.o(i.pwm_close)
    pwm_ioctl                                0x08003925   Thumb Code    86  pwm_driver.o(i.pwm_ioctl)
    pwm_open                                 0x0800397d   Thumb Code   310  pwm_driver.o(i.pwm_open)
    pwm_read                                 0x08003ac5   Thumb Code    46  pwm_driver.o(i.pwm_read)
    pwm_register                             0x08003af5   Thumb Code   200  pwm_driver.o(i.pwm_register)
    pwm_write                                0x08003bd9   Thumb Code   122  pwm_driver.o(i.pwm_write)
    sw_i2c_init                              0x08003c65   Thumb Code    54  sw_iic.o(i.sw_i2c_init)
    sw_i2c_send_byte                         0x08003ca1   Thumb Code   106  sw_iic.o(i.sw_i2c_send_byte)
    sw_i2c_start                             0x08003d11   Thumb Code    44  sw_iic.o(i.sw_i2c_start)
    sw_i2c_stop                              0x08003d41   Thumb Code    36  sw_iic.o(i.sw_i2c_stop)
    uart_close                               0x08003d69   Thumb Code    38  uart_driver.o(i.uart_close)
    uart_ioctl                               0x08003d95   Thumb Code    64  uart_driver.o(i.uart_ioctl)
    uart_open                                0x08003ddd   Thumb Code   268  uart_driver.o(i.uart_open)
    uart_read                                0x08003f09   Thumb Code   124  uart_driver.o(i.uart_read)
    uart_register                            0x08003f95   Thumb Code   166  uart_driver.o(i.uart_register)
    uart_write                               0x08004059   Thumb Code    70  uart_driver.o(i.uart_write)
    vfs_close                                0x080040a1   Thumb Code    64  vfs.o(i.vfs_close)
    vfs_init                                 0x080040e5   Thumb Code    10  vfs.o(i.vfs_init)
    vfs_ioctl                                0x080040f5   Thumb Code   104  vfs.o(i.vfs_ioctl)
    vfs_open                                 0x08004161   Thumb Code    80  vfs.o(i.vfs_open)
    vfs_read                                 0x080041b9   Thumb Code   110  vfs.o(i.vfs_read)
    vfs_register_device                      0x0800422d   Thumb Code    44  vfs.o(i.vfs_register_device)
    vfs_write                                0x0800425d   Thumb Code   110  vfs.o(i.vfs_write)
    vm_find_apps                             0x080042d1   Thumb Code   102  vm_task.o(i.vm_find_apps)
    vm_load_apps                             0x0800439d   Thumb Code   152  vm_task.o(i.vm_load_apps)
    vm_run                                   0x080044a1   Thumb Code   596  vm_isa.o(i.vm_run)
    vm_unload_apps                           0x080046f9   Thumb Code   160  vm_task.o(i.vm_unload_apps)
    vm_wakeup                                0x080047d5   Thumb Code    54  vm_isa.o(i.vm_wakeup)
    vmtask                                   0x08004811   Thumb Code   222  vm_task.o(i.vmtask)
    Region$$Table$$Base                      0x08004c50   Number         0  anon$$obj.o(Region$$Table)
    Region$$Table$$Limit                     0x08004c70   Number         0  anon$$obj.o(Region$$Table)
    SystemCoreClock                          0x20000000   Data           4  system_stm32f10x.o(.data)
    AHBPrescTable                            0x20000004   Data          16  system_stm32f10x.o(.data)
    g_slot_index                             0x20000024   Data           4  vm_task.o(.data)
    g_version                                0x20000028   Data           4  vm_task.o(.data)
    os_delay_list_head                       0x20000054   Data           8  os_core_1.o(.data)
    os_global_task_list                      0x2000005c   Data           8  os_core_1.o(.data)
    os_ready_bitmap                          0x20000064   Data           4  os_core_1.o(.data)
    os_current_task                          0x20000068   Data           4  os_core_1.o(.data)
    os_next_task                             0x2000006c   Data           4  os_core_1.o(.data)
    os_idle_count                            0x20000070   Data           4  os_core_1.o(.data)
    os_cpu_usage                             0x20000074   Data           1  os_core_1.o(.data)
    os_idle_max                              0x20000078   Data           4  os_core_1.o(.data)
    os_is_calibrated                         0x2000007c   Data           1  os_core_1.o(.data)
    os_sys_tick                              0x20000080   Data           4  os_core_1.o(.data)
    os_timer_list                            0x20000084   Data           8  os_core_1.o(.data)
    _SEGGER_RTT                              0x20000090   Data         168  segger_rtt.o(.bss)
    my_queue                                 0x200014d0   Data          24  main.o(.bss)
    my_queue_pool                            0x200014e8   Data          16  main.o(.bss)
    TaskB_Stack                              0x200014f8   Data         512  main.o(.bss)
    TaskC_Stack                              0x200016f8   Data         512  main.o(.bss)
    TaskStart_Stack                          0x200018f8   Data         512  main.o(.bss)
    TaskB_TCB                                0x20001af8   Data          60  main.o(.bss)
    TaskC_TCB                                0x20001b34   Data          60  main.o(.bss)
    TaskStart_TCB                            0x20001b70   Data          60  main.o(.bss)
    my_test_timer                            0x20001bac   Data          32  main.o(.bss)
    os_idle_task_tcb                         0x20001bcc   Data          60  os_core_1.o(.bss)
    os_idle_task_stack                       0x20001c08   Data         256  os_core_1.o(.bss)
    os_timer_task_stack                      0x20001d08   Data         512  os_core_1.o(.bss)
    os_timer_task_tcb                        0x20001f08   Data          60  os_core_1.o(.bss)
    os_ready_queue                           0x20001f44   Data         256  os_core_1.o(.bss)
    __initial_sp                             0x20002448   Data           0  startup_stm32f10x_md.o(STACK)



==============================================================================

Memory Map of the image

  Image Entry point : 0x080000ed

  Load Region LR_IROM1 (Base: 0x08000000, Size: 0x00004d00, Max: 0x00008000, ABSOLUTE)

    Execution Region ER_IROM1 (Base: 0x08000000, Size: 0x00004c70, Max: 0x00008000, ABSOLUTE)

    Base Addr    Size         Type   Attr      Idx    E Section Name        Object

    0x08000000   0x000000ec   Data   RO            3    RESET               startup_stm32f10x_md.o
    0x080000ec   0x00000000   Code   RO         4442  * .ARM.Collect$$$$00000000  mc_w.l(entry.o)
    0x080000ec   0x00000004   Code   RO         4720    .ARM.Collect$$$$00000001  mc_w.l(entry2.o)
    0x080000f0   0x00000004   Code   RO         4723    .ARM.Collect$$$$00000004  mc_w.l(entry5.o)
    0x080000f4   0x00000000   Code   RO         4725    .ARM.Collect$$$$00000008  mc_w.l(entry7b.o)
    0x080000f4   0x00000000   Code   RO         4727    .ARM.Collect$$$$0000000A  mc_w.l(entry8b.o)
    0x080000f4   0x00000008   Code   RO         4728    .ARM.Collect$$$$0000000B  mc_w.l(entry9a.o)
    0x080000fc   0x00000000   Code   RO         4730    .ARM.Collect$$$$0000000D  mc_w.l(entry10a.o)
    0x080000fc   0x00000000   Code   RO         4732    .ARM.Collect$$$$0000000F  mc_w.l(entry11a.o)
    0x080000fc   0x00000004   Code   RO         4721    .ARM.Collect$$$$00002712  mc_w.l(entry2.o)
    0x08000100   0x00000020   Code   RO           10    .emb_text           core_cm3.o
    0x08000120   0x00000024   Code   RO            4    .text               startup_stm32f10x_md.o
    0x08000144   0x00000038   Code   RO         4436    .text               os_port_1.o
    0x0800017c   0x00000024   Code   RO         4445    .text               mc_w.l(memcpya.o)
    0x080001a0   0x00000024   Code   RO         4447    .text               mc_w.l(memseta.o)
    0x080001c4   0x0000000e   Code   RO         4449    .text               mc_w.l(strlen.o)
    0x080001d2   0x0000001c   Code   RO         4451    .text               mc_w.l(strcmp.o)
    0x080001ee   0x0000001a   Code   RO         4453    .text               mc_w.l(memcmp.o)
    0x08000208   0x00000012   Code   RO         4455    .text               mc_w.l(strcpy.o)
    0x0800021a   0x0000002c   Code   RO         4737    .text               mc_w.l(uidiv.o)
    0x08000246   0x00000002   PAD
    0x08000248   0x00000024   Code   RO         4752    .text               mc_w.l(init.o)
    0x0800026c   0x00000006   Code   RO         1157    i.ADC_ClearFlag     stm32f10x_adc.o
    0x08000272   0x00000016   Code   RO         1159    i.ADC_Cmd           stm32f10x_adc.o
    0x08000288   0x00000014   Code   RO         1167    i.ADC_GetCalibrationStatus  stm32f10x_adc.o
    0x0800029c   0x00000008   Code   RO         1168    i.ADC_GetConversionValue  stm32f10x_adc.o
    0x080002a4   0x00000012   Code   RO         1170    i.ADC_GetFlagStatus  stm32f10x_adc.o
    0x080002b6   0x00000014   Code   RO         1173    i.ADC_GetResetCalibrationStatus  stm32f10x_adc.o
    0x080002ca   0x00000002   PAD
    0x080002cc   0x00000050   Code   RO         1177    i.ADC_Init          stm32f10x_adc.o
    0x0800031c   0x000000b8   Code   RO         1181    i.ADC_RegularChannelConfig  stm32f10x_adc.o
    0x080003d4   0x0000000a   Code   RO         1182    i.ADC_ResetCalibration  stm32f10x_adc.o
    0x080003de   0x00000016   Code   RO         1184    i.ADC_SoftwareStartConvCmd  stm32f10x_adc.o
    0x080003f4   0x0000000a   Code   RO         1186    i.ADC_StartCalibration  stm32f10x_adc.o
    0x080003fe   0x00000004   Code   RO         4213    i.BusFault_Handler  stm32f10x_it.o
    0x08000402   0x00000002   Code   RO         4214    i.DebugMon_Handler  stm32f10x_it.o
    0x08000404   0x0000000c   Code   RO         1995    i.FLASH_ClearFlag   stm32f10x_flash.o
    0x08000410   0x0000004c   Code   RO         2000    i.FLASH_ErasePage   stm32f10x_flash.o
    0x0800045c   0x00000034   Code   RO         2001    i.FLASH_GetBank1Status  stm32f10x_flash.o
    0x08000490   0x00000014   Code   RO         2010    i.FLASH_Lock        stm32f10x_flash.o
    0x080004a4   0x00000040   Code   RO         2013    i.FLASH_ProgramHalfWord  stm32f10x_flash.o
    0x080004e4   0x00000018   Code   RO         2018    i.FLASH_Unlock      stm32f10x_flash.o
    0x080004fc   0x00000026   Code   RO         2022    i.FLASH_WaitForLastOperation  stm32f10x_flash.o
    0x08000522   0x00000116   Code   RO         2301    i.GPIO_Init         stm32f10x_gpio.o
    0x08000638   0x00000012   Code   RO         2305    i.GPIO_ReadInputDataBit  stm32f10x_gpio.o
    0x0800064a   0x00000012   Code   RO         2307    i.GPIO_ReadOutputDataBit  stm32f10x_gpio.o
    0x0800065c   0x00000004   Code   RO         2308    i.GPIO_ResetBits    stm32f10x_gpio.o
    0x08000660   0x00000004   Code   RO         2309    i.GPIO_SetBits      stm32f10x_gpio.o
    0x08000664   0x0000000a   Code   RO         2312    i.GPIO_WriteBit     stm32f10x_gpio.o
    0x0800066e   0x00000004   Code   RO         4215    i.HardFault_Handler  stm32f10x_it.o
    0x08000672   0x00000004   Code   RO         4216    i.MemManage_Handler  stm32f10x_it.o
    0x08000676   0x00000002   Code   RO         4217    i.NMI_Handler       stm32f10x_it.o
    0x08000678   0x00000070   Code   RO         1114    i.NVIC_Init         misc.o
    0x080006e8   0x00000018   Code   RO         2727    i.RCC_ADCCLKConfig  stm32f10x_rcc.o
    0x08000700   0x00000020   Code   RO         2728    i.RCC_AHBPeriphClockCmd  stm32f10x_rcc.o
    0x08000720   0x00000020   Code   RO         2729    i.RCC_APB1PeriphClockCmd  stm32f10x_rcc.o
    0x08000740   0x00000020   Code   RO         2731    i.RCC_APB2PeriphClockCmd  stm32f10x_rcc.o
    0x08000760   0x000000d4   Code   RO         2739    i.RCC_GetClocksFreq  stm32f10x_rcc.o
    0x08000834   0x00000008   Code   RO          151    i.SEGGER_RTT_Init   segger_rtt.o
    0x0800083c   0x00000048   Code   RO          164    i.SEGGER_RTT_Write  segger_rtt.o
    0x08000884   0x00000084   Code   RO          165    i.SEGGER_RTT_WriteNoLock  segger_rtt.o
    0x08000908   0x0000001a   Code   RO          167    i.SEGGER_RTT_WriteString  segger_rtt.o
    0x08000922   0x00000022   Code   RO          349    i.SEGGER_RTT_printf  segger_rtt_printf.o
    0x08000944   0x0000020a   Code   RO          350    i.SEGGER_RTT_vprintf  segger_rtt_printf.o
    0x08000b4e   0x00000002   Code   RO         4218    i.SVC_Handler       stm32f10x_it.o
    0x08000b50   0x00000008   Code   RO           24    i.SetSysClock       system_stm32f10x.o
    0x08000b58   0x000000e0   Code   RO           25    i.SetSysClockTo72   system_stm32f10x.o
    0x08000c38   0x00000008   Code   RO          918    i.SysTick_Handler   os_port.o
    0x08000c40   0x00000060   Code   RO           27    i.SystemInit        system_stm32f10x.o
    0x08000ca0   0x00000018   Code   RO         3375    i.TIM_Cmd           stm32f10x_tim.o
    0x08000cb8   0x0000001e   Code   RO         3377    i.TIM_CtrlPWMOutputs  stm32f10x_tim.o
    0x08000cd6   0x00000002   PAD
    0x08000cd8   0x00000098   Code   RO         3404    i.TIM_OC1Init       stm32f10x_tim.o
    0x08000d70   0x00000012   Code   RO         3407    i.TIM_OC1PreloadConfig  stm32f10x_tim.o
    0x08000d82   0x00000002   PAD
    0x08000d84   0x000000a4   Code   RO         3409    i.TIM_OC2Init       stm32f10x_tim.o
    0x08000e28   0x0000001a   Code   RO         3412    i.TIM_OC2PreloadConfig  stm32f10x_tim.o
    0x08000e42   0x00000002   PAD
    0x08000e44   0x000000a0   Code   RO         3414    i.TIM_OC3Init       stm32f10x_tim.o
    0x08000ee4   0x00000012   Code   RO         3417    i.TIM_OC3PreloadConfig  stm32f10x_tim.o
    0x08000ef6   0x00000002   PAD
    0x08000ef8   0x0000007c   Code   RO         3419    i.TIM_OC4Init       stm32f10x_tim.o
    0x08000f74   0x0000001a   Code   RO         3421    i.TIM_OC4PreloadConfig  stm32f10x_tim.o
    0x08000f8e   0x00000002   PAD
    0x08000f90   0x000000a4   Code   RO         3446    i.TIM_TimeBaseInit  stm32f10x_tim.o
    0x08001034   0x0000011c   Code   RO          736    i.Task_IAP          iap_protocol.o
    0x08001150   0x000000c0   Code   RO         4150    i.Task_Start        main.o
    0x08001210   0x00000048   Code   RO          556    i.USART1_IRQHandler  uart_driver.o
    0x08001258   0x00000018   Code   RO         3914    i.USART_Cmd         stm32f10x_usart.o
    0x08001270   0x0000001a   Code   RO         3917    i.USART_GetFlagStatus  stm32f10x_usart.o
    0x0800128a   0x00000054   Code   RO         3918    i.USART_GetITStatus  stm32f10x_usart.o
    0x080012de   0x0000004a   Code   RO         3920    i.USART_ITConfig    stm32f10x_usart.o
    0x08001328   0x000000d8   Code   RO         3921    i.USART_Init        stm32f10x_usart.o
    0x08001400   0x0000000a   Code   RO         3928    i.USART_ReceiveData  stm32f10x_usart.o
    0x0800140a   0x00000008   Code   RO         3931    i.USART_SendData    stm32f10x_usart.o
    0x08001412   0x00000004   Code   RO         4219    i.UsageFault_Handler  stm32f10x_it.o
    0x08001416   0x00000002   PAD
    0x08001418   0x00000070   Code   RO          169    i._DoInit           segger_rtt.o
    0x08001488   0x0000001c   Code   RO          170    i._GetAvailWriteSpace  segger_rtt.o
    0x080014a4   0x000000ec   Code   RO          351    i._PrintInt         segger_rtt_printf.o
    0x08001590   0x000000ec   Code   RO          352    i._PrintUnsigned    segger_rtt_printf.o
    0x0800167c   0x00000044   Code   RO          353    i._StoreChar        segger_rtt_printf.o
    0x080016c0   0x00000072   Code   RO          172    i._WriteBlocking    segger_rtt.o
    0x08001732   0x0000004c   Code   RO          173    i._WriteNoCheck     segger_rtt.o
    0x0800177e   0x00000002   PAD
    0x08001780   0x00000028   Code   RO         4616    i.__0sprintf$6      mc_w.l(printf6.o)
    0x080017a8   0x0000000e   Code   RO         4766    i.__scatterload_copy  mc_w.l(handlers.o)
    0x080017b6   0x00000002   Code   RO         4767    i.__scatterload_null  mc_w.l(handlers.o)
    0x080017b8   0x0000000e   Code   RO         4768    i.__scatterload_zeroinit  mc_w.l(handlers.o)
    0x080017c6   0x00000002   PAD
    0x080017c8   0x000002f0   Code   RO         4621    i._printf_core      mc_w.l(printf6.o)
    0x08001ab8   0x00000024   Code   RO         4622    i._printf_post_padding  mc_w.l(printf6.o)
    0x08001adc   0x0000002e   Code   RO         4623    i._printf_pre_padding  mc_w.l(printf6.o)
    0x08001b0a   0x0000000a   Code   RO         4625    i._sputc            mc_w.l(printf6.o)
    0x08001b14   0x00000012   Code   RO         1000    i.adc_close         adc_driver.o
    0x08001b26   0x00000002   PAD
    0x08001b28   0x00000050   Code   RO         1001    i.adc_get_pin       adc_driver.o
    0x08001b78   0x00000044   Code   RO         1002    i.adc_ioctl         adc_driver.o
    0x08001bbc   0x000000fc   Code   RO         1003    i.adc_open          adc_driver.o
    0x08001cb8   0x00000058   Code   RO         1004    i.adc_read          adc_driver.o
    0x08001d10   0x000000ec   Code   RO         1005    i.adc_register      adc_driver.o
    0x08001dfc   0x0000000a   Code   RO         1006    i.adc_write         adc_driver.o
    0x08001e06   0x00000002   PAD
    0x08001e08   0x00000064   Code   RO          737    i.crc32_hw          iap_protocol.o
    0x08001e6c   0x000000ee   Code   RO          529    i.do_syscall        vm_isa.o
    0x08001f5a   0x0000004a   Code   RO          692    i.flash_iap_erase   flash_iap.o
    0x08001fa4   0x00000024   Code   RO          693    i.flash_iap_init    flash_iap.o
    0x08001fc8   0x00000058   Code   RO          694    i.flash_iap_write   flash_iap.o
    0x08002020   0x000000c8   Code   RO          738    i.handle_data       iap_protocol.o
    0x080020e8   0x000000ec   Code   RO          739    i.handle_finish     iap_protocol.o
    0x080021d4   0x000000d4   Code   RO          740    i.handle_start      iap_protocol.o
    0x080022a8   0x0000001c   Code   RO          741    i.iap_recv          iap_protocol.o
    0x080022c4   0x00000058   Code   RO          742    i.iap_recv_frame    iap_protocol.o
    0x0800231c   0x00000018   Code   RO          743    i.iap_reply         iap_protocol.o
    0x08002334   0x00000020   Code   RO          695    i.is_address_safe   flash_iap.o
    0x08002354   0x00000006   Code   RO         1052    i.key_close         key_driver.o
    0x0800235a   0x0000004e   Code   RO         1053    i.key_debounce_update  key_driver.o
    0x080023a8   0x0000006e   Code   RO         1054    i.key_ioctl         key_driver.o
    0x08002416   0x00000010   Code   RO         1055    i.key_is_pressed    key_driver.o
    0x08002426   0x00000002   PAD
    0x08002428   0x00000080   Code   RO         1056    i.key_open          key_driver.o
    0x080024a8   0x00000028   Code   RO         1057    i.key_read          key_driver.o
    0x080024d0   0x00000016   Code   RO         1058    i.key_read_raw      key_driver.o
    0x080024e6   0x00000002   PAD
    0x080024e8   0x00000130   Code   RO         1059    i.key_register      key_driver.o
    0x08002618   0x0000000a   Code   RO         1060    i.key_write         key_driver.o
    0x08002622   0x00000068   Code   RO          480    i.led_ioctl         led_driver.o
    0x0800268a   0x00000002   PAD
    0x0800268c   0x0000005c   Code   RO          481    i.led_open          led_driver.o
    0x080026e8   0x000000a0   Code   RO          482    i.led_register      led_driver.o
    0x08002788   0x00000048   Code   RO          483    i.led_write         led_driver.o
    0x080027d0   0x00000164   Code   RO         4151    i.main              main.o
    0x08002934   0x00000006   Code   RO          648    i.mq_close          mq_driver.o
    0x0800293a   0x00000016   Code   RO          649    i.mq_ioctl          mq_driver.o
    0x08002950   0x00000006   Code   RO          650    i.mq_open           mq_driver.o
    0x08002956   0x00000026   Code   RO          651    i.mq_read           mq_driver.o
    0x0800297c   0x000000a4   Code   RO          652    i.mq_register       mq_driver.o
    0x08002a20   0x0000001c   Code   RO          653    i.mq_write          mq_driver.o
    0x08002a3c   0x0000000e   Code   RO          806    i.oled_close        oled_driver.o
    0x08002a4a   0x00000002   PAD
    0x08002a4c   0x00000078   Code   RO          807    i.oled_draw_char    oled_driver.o
    0x08002ac4   0x0000008c   Code   RO          808    i.oled_draw_point   oled_driver.o
    0x08002b50   0x00000036   Code   RO          809    i.oled_draw_string  oled_driver.o
    0x08002b86   0x00000038   Code   RO          810    i.oled_hw_init      oled_driver.o
    0x08002bbe   0x00000002   PAD
    0x08002bc0   0x00000098   Code   RO          811    i.oled_ioctl        oled_driver.o
    0x08002c58   0x00000020   Code   RO          812    i.oled_open         oled_driver.o
    0x08002c78   0x00000008   Code   RO          813    i.oled_read         oled_driver.o
    0x08002c80   0x00000058   Code   RO          814    i.oled_refresh_screen  oled_driver.o
    0x08002cd8   0x00000044   Code   RO          815    i.oled_register     oled_driver.o
    0x08002d1c   0x000000ac   Code   RO          816    i.oled_write        oled_driver.o
    0x08002dc8   0x00000020   Code   RO          817    i.oled_write_cmd    oled_driver.o
    0x08002de8   0x00000078   Code   RO         4264    i.os_delay          os_core_1.o
    0x08002e60   0x00000014   Code   RO         4265    i.os_idle_task      os_core_1.o
    0x08002e74   0x0000000e   Code   RO         4266    i.os_list_add       os_core_1.o
    0x08002e82   0x00000006   Code   RO         4267    i.os_list_init      os_core_1.o
    0x08002e88   0x00000010   Code   RO         4268    i.os_list_is_empty  os_core_1.o
    0x08002e98   0x00000012   Code   RO         4269    i.os_list_remove    os_core_1.o
    0x08002eaa   0x00000026   Code   RO         4270    i.os_msg_init       os_core_1.o
    0x08002ed0   0x0000008c   Code   RO         4271    i.os_msg_recv       os_core_1.o
    0x08002f5c   0x00000064   Code   RO         4272    i.os_msg_send       os_core_1.o
    0x08002fc0   0x000000ac   Code   RO         4273    i.os_mutex_give     os_core_1.o
    0x0800306c   0x00000016   Code   RO         4274    i.os_mutex_init     os_core_1.o
    0x08003082   0x00000002   PAD
    0x08003084   0x000000d8   Code   RO         4275    i.os_mutex_take     os_core_1.o
    0x0800315c   0x00000060   Code   RO          919    i.os_port_systick_init  os_port.o
    0x080031bc   0x00000068   Code   RO         4276    i.os_sched          os_core_1.o
    0x08003224   0x0000006c   Code   RO         4277    i.os_sched_init     os_core_1.o
    0x08003290   0x0000003c   Code   RO         4281    i.os_start          os_core_1.o
    0x080032cc   0x00000234   Code   RO         4282    i.os_system_info    os_core_1.o
    0x08003500   0x000000b0   Code   RO         4283    i.os_task_create    os_core_1.o
    0x080035b0   0x00000038   Code   RO         4284    i.os_task_ready     os_core_1.o
    0x080035e8   0x0000000c   Code   RO         4285    i.os_tick_get       os_core_1.o
    0x080035f4   0x00000110   Code   RO         4286    i.os_tick_handler   os_core_1.o
    0x08003704   0x00000048   Code   RO         4287    i.os_timer_init     os_core_1.o
    0x0800374c   0x00000074   Code   RO         4289    i.os_timer_task     os_core_1.o
    0x080037c0   0x00000028   Code   RO          943    i.pwm_close         pwm_driver.o
    0x080037e8   0x00000032   Code   RO          944    i.pwm_get_ccr       pwm_driver.o
    0x0800381a   0x00000002   PAD
    0x0800381c   0x00000108   Code   RO          945    i.pwm_get_pin       pwm_driver.o
    0x08003924   0x00000056   Code   RO          946    i.pwm_ioctl         pwm_driver.o
    0x0800397a   0x00000002   PAD
    0x0800397c   0x00000148   Code   RO          947    i.pwm_open          pwm_driver.o
    0x08003ac4   0x0000002e   Code   RO          948    i.pwm_read          pwm_driver.o
    0x08003af2   0x00000002   PAD
    0x08003af4   0x000000e4   Code   RO          949    i.pwm_register      pwm_driver.o
    0x08003bd8   0x0000007a   Code   RO          950    i.pwm_write         pwm_driver.o
    0x08003c52   0x00000010   Code   RO          883    i.sw_i2c_delay      sw_iic.o
    0x08003c62   0x00000002   PAD
    0x08003c64   0x0000003c   Code   RO          884    i.sw_i2c_init       sw_iic.o
    0x08003ca0   0x00000070   Code   RO          885    i.sw_i2c_send_byte  sw_iic.o
    0x08003d10   0x00000030   Code   RO          886    i.sw_i2c_start      sw_iic.o
    0x08003d40   0x00000028   Code   RO          887    i.sw_i2c_stop       sw_iic.o
    0x08003d68   0x0000002c   Code   RO          557    i.uart_close        uart_driver.o
    0x08003d94   0x00000048   Code   RO          558    i.uart_ioctl        uart_driver.o
    0x08003ddc   0x0000012c   Code   RO          559    i.uart_open         uart_driver.o
    0x08003f08   0x0000008c   Code   RO          560    i.uart_read         uart_driver.o
    0x08003f94   0x000000c4   Code   RO          561    i.uart_register     uart_driver.o
    0x08004058   0x00000046   Code   RO          562    i.uart_write        uart_driver.o
    0x0800409e   0x00000002   PAD
    0x080040a0   0x00000044   Code   RO          387    i.vfs_close         vfs.o
    0x080040e4   0x00000010   Code   RO          388    i.vfs_init          vfs.o
    0x080040f4   0x0000006c   Code   RO          389    i.vfs_ioctl         vfs.o
    0x08004160   0x00000058   Code   RO          390    i.vfs_open          vfs.o
    0x080041b8   0x00000074   Code   RO          391    i.vfs_read          vfs.o
    0x0800422c   0x00000030   Code   RO          392    i.vfs_register_device  vfs.o
    0x0800425c   0x00000074   Code   RO          393    i.vfs_write         vfs.o
    0x080042d0   0x000000cc   Code   RO          610    i.vm_find_apps      vm_task.o
    0x0800439c   0x00000104   Code   RO          611    i.vm_load_apps      vm_task.o
    0x080044a0   0x00000258   Code   RO          530    i.vm_run            vm_isa.o
    0x080046f8   0x000000dc   Code   RO          612    i.vm_unload_apps    vm_task.o
    0x080047d4   0x0000003c   Code   RO          531    i.vm_wakeup         vm_isa.o
    0x08004810   0x000000ec   Code   RO          613    i.vmtask            vm_task.o
    0x080048fc   0x00000010   Data   RO          354    .constdata          segger_rtt_printf.o
    0x0800490c   0x000000bc   Data   RO          615    .constdata          vm_task.o
    0x080049c8   0x00000240   Data   RO          819    .constdata          oled_driver.o
    0x08004c08   0x00000045   Data   RO         4154    .conststring        main.o
    0x08004c4d   0x00000003   PAD
    0x08004c50   0x00000020   Data   RO         4764    Region$$Table       anon$$obj.o


    Execution Region RW_IRAM1 (Base: 0x20000000, Size: 0x00002448, Max: 0x00002800, ABSOLUTE)

    Base Addr    Size         Type   Attr      Idx    E Section Name        Object

    0x20000000   0x00000014   Data   RW           28    .data               system_stm32f10x.o
    0x20000014   0x00000008   Data   RW          395    .data               vfs.o
    0x2000001c   0x00000008   Data   RW          564    .data               uart_driver.o
    0x20000024   0x00000009   Data   RW          616    .data               vm_task.o
    0x2000002d   0x00000003   PAD
    0x20000030   0x0000000c   Data   RW          745    .data               iap_protocol.o
    0x2000003c   0x00000002   Data   RW          820    .data               oled_driver.o
    0x2000003e   0x00000014   Data   RW         2759    .data               stm32f10x_rcc.o
    0x20000052   0x00000002   PAD
    0x20000054   0x0000003c   Data   RW         4291    .data               os_core_1.o
    0x20000090   0x000004b8   Zero   RW          174    .bss                segger_rtt.o
    0x20000548   0x00000040   Zero   RW          394    .bss                vfs.o
    0x20000588   0x00000090   Zero   RW          484    .bss                led_driver.o
    0x20000618   0x00000298   Zero   RW          563    .bss                uart_driver.o
    0x200008b0   0x00000270   Zero   RW          614    .bss                vm_task.o
    0x20000b20   0x00000090   Zero   RW          654    .bss                mq_driver.o
    0x20000bb0   0x0000011d   Zero   RW          744    .bss                iap_protocol.o
    0x20000ccd   0x00000003   PAD
    0x20000cd0   0x00000440   Zero   RW          818    .bss                oled_driver.o
    0x20001110   0x00000130   Zero   RW          951    .bss                pwm_driver.o
    0x20001240   0x00000120   Zero   RW         1007    .bss                adc_driver.o
    0x20001360   0x00000170   Zero   RW         1061    .bss                key_driver.o
    0x200014d0   0x000006fc   Zero   RW         4153    .bss                main.o
    0x20001bcc   0x00000478   Zero   RW         4290    .bss                os_core_1.o
    0x20002044   0x00000004   PAD
    0x20002048   0x00000400   Zero   RW            1    STACK               startup_stm32f10x_md.o


==============================================================================

Image component sizes


      Code (inc. data)   RO Data    RW Data    ZI Data      Debug   Object Name

       752         64          0          0        288       5265   adc_driver.o
        32          0          0          0          0       5000   core_cm3.o
       230         12          0          0          0       2633   flash_iap.o
      1172        344          0         12        285       6196   iap_protocol.o
       714         38          0          0        368       6433   key_driver.o
       428         30          0          0        144       6034   led_driver.o
       548        226         69          0       1788       2286   main.o
       112         12          0          0          0       2504   misc.o
       264         30          0          0        144       4066   mq_driver.o
       936         88        576          2       1088       8264   oled_driver.o
      2422        568          0         60       1144      30416   os_core_1.o
       104         12          0          0          0      16072   os_port.o
        56         10          0          0          0        228   os_port_1.o
      1164         72          0          0        304       6489   pwm_driver.o
       568         48          0          0       1208       9037   segger_rtt.o
      1096          6         16          0          0       5265   segger_rtt_printf.o
        36          8        236          0       1024        784   startup_stm32f10x_md.o
       400         10          0          0          0      16777   stm32f10x_adc.o
       286         36          0          0          0       9772   stm32f10x_flash.o
       332          0          0          0          0      12697   stm32f10x_gpio.o
        22          0          0          0          0       2715   stm32f10x_it.o
       332         44          0         20          0      13793   stm32f10x_rcc.o
       906         92          0          0          0      27018   stm32f10x_tim.o
       442          6          0          0          0      11617   stm32f10x_usart.o
       276         20          0          0          0       2230   sw_iic.o
       328         28          0         20          0      45245   system_stm32f10x.o
       894        104          0          8        664       5503   uart_driver.o
       560         38          0          8         64     219351   vfs.o
       898         36          0          0          0       3631   vm_isa.o
       920        284        188          9        624       3821   vm_task.o

    ----------------------------------------------------------------------
     17272       2266       1120        144       9144     491142   Object Totals
         0          0         32          0          0          0   (incl. Generated)
        42          0          3          5          7          0   (incl. Padding)

    ----------------------------------------------------------------------

      Code (inc. data)   RO Data    RW Data    ZI Data      Debug   Library Member Name

         0          0          0          0          0          0   entry.o
         0          0          0          0          0          0   entry10a.o
         0          0          0          0          0          0   entry11a.o
         8          4          0          0          0          0   entry2.o
         4          0          0          0          0          0   entry5.o
         0          0          0          0          0          0   entry7b.o
         0          0          0          0          0          0   entry8b.o
         8          4          0          0          0          0   entry9a.o
        30          0          0          0          0          0   handlers.o
        36          8          0          0          0         68   init.o
        26          0          0          0          0         80   memcmp.o
        36          0          0          0          0         68   memcpya.o
        36          0          0          0          0        108   memseta.o
       884         10          0          0          0        420   printf6.o
        28          0          0          0          0         76   strcmp.o
        18          0          0          0          0         68   strcpy.o
        14          0          0          0          0         68   strlen.o
        44          0          0          0          0         80   uidiv.o

    ----------------------------------------------------------------------
      1176         26          0          0          0       1036   Library Totals
         4          0          0          0          0          0   (incl. Padding)

    ----------------------------------------------------------------------

      Code (inc. data)   RO Data    RW Data    ZI Data      Debug   Library Name

      1172         26          0          0          0       1036   mc_w.l

    ----------------------------------------------------------------------
      1176         26          0          0          0       1036   Library Totals

    ----------------------------------------------------------------------

==============================================================================


      Code (inc. data)   RO Data    RW Data    ZI Data      Debug   

     18448       2292       1120        144       9144     482606   Grand Totals
     18448       2292       1120        144       9144     482606   ELF Image Totals
     18448       2292       1120        144          0          0   ROM Totals

==============================================================================

    Total RO  Size (Code + RO Data)                19568 (  19.11kB)
    Total RW  Size (RW Data + ZI Data)              9288 (   9.07kB)
    Total ROM Size (Code + RO Data + RW Data)      19712 (  19.25kB)

==============================================================================

