Component: ARM Compiler 5.06 update 4 (build 422) Tool: armlink [4d35d2]

==============================================================================

Section Cross References

    startup_stm32f10x_md.o(RESET) refers to startup_stm32f10x_md.o(STACK) for __initial_sp
    startup_stm32f10x_md.o(RESET) refers to startup_stm32f10x_md.o(.text) for Reset_Handler
    startup_stm32f10x_md.o(RESET) refers to stm32f10x_it.o(i.NMI_Handler) for NMI_Handler
    startup_stm32f10x_md.o(RESET) refers to stm32f10x_it.o(i.HardFault_Handler) for HardFault_Handler
    startup_stm32f10x_md.o(RESET) refers to stm32f10x_it.o(i.MemManage_Handler) for MemManage_Handler
    startup_stm32f10x_md.o(RESET) refers to stm32f10x_it.o(i.BusFault_Handler) for BusFault_Handler
    startup_stm32f10x_md.o(RESET) refers to stm32f10x_it.o(i.UsageFault_Handler) for UsageFault_Handler
    startup_stm32f10x_md.o(RESET) refers to stm32f10x_it.o(i.SVC_Handler) for SVC_Handler
    startup_stm32f10x_md.o(RESET) refers to stm32f10x_it.o(i.DebugMon_Handler) for DebugMon_Handler
    startup_stm32f10x_md.o(RESET) refers to os_port_1.o(.text) for PendSV_Handler
    startup_stm32f10x_md.o(RESET) refers to os_port.o(i.SysTick_Handler) for SysTick_Handler
    startup_stm32f10x_md.o(RESET) refers to uart_driver.o(i.USART1_IRQHandler) for USART1_IRQHandler
    startup_stm32f10x_md.o(.text) refers to system_stm32f10x.o(i.SystemInit) for SystemInit
    startup_stm32f10x_md.o(.text) refers to entry.o(.ARM.Collect$$$$00000000) for __main
    system_stm32f10x.o(i.SetSysClock) refers to system_stm32f10x.o(i.SetSysClockTo72) for SetSysClockTo72
    system_stm32f10x.o(i.SystemCoreClockUpdate) refers to system_stm32f10x.o(.data) for SystemCoreClock
    system_stm32f10x.o(i.SystemInit) refers to system_stm32f10x.o(i.SetSysClock) for SetSysClock
    segger_rtt.o(i.SEGGER_RTT_AllocDownBuffer) refers to segger_rtt.o(i._DoInit) for _DoInit
    segger_rtt.o(i.SEGGER_RTT_AllocDownBuffer) refers to segger_rtt.o(.bss) for _SEGGER_RTT
    segger_rtt.o(i.SEGGER_RTT_AllocUpBuffer) refers to segger_rtt.o(i._DoInit) for _DoInit
    segger_rtt.o(i.SEGGER_RTT_AllocUpBuffer) refers to segger_rtt.o(.bss) for _SEGGER_RTT
    segger_rtt.o(i.SEGGER_RTT_ConfigDownBuffer) refers to segger_rtt.o(i._DoInit) for _DoInit
    segger_rtt.o(i.SEGGER_RTT_ConfigDownBuffer) refers to segger_rtt.o(.bss) for _SEGGER_RTT
    segger_rtt.o(i.SEGGER_RTT_ConfigUpBuffer) refers to segger_rtt.o(i._DoInit) for _DoInit
    segger_rtt.o(i.SEGGER_RTT_ConfigUpBuffer) refers to segger_rtt.o(.bss) for _SEGGER_RTT
    segger_rtt.o(i.SEGGER_RTT_GetKey) refers to segger_rtt.o(i.SEGGER_RTT_Read) for SEGGER_RTT_Read
    segger_rtt.o(i.SEGGER_RTT_HasData) refers to segger_rtt.o(.bss) for _SEGGER_RTT
    segger_rtt.o(i.SEGGER_RTT_HasDataUp) refers to segger_rtt.o(.bss) for _SEGGER_RTT
    segger_rtt.o(i.SEGGER_RTT_HasKey) refers to segger_rtt.o(i._DoInit) for _DoInit
    segger_rtt.o(i.SEGGER_RTT_HasKey) refers to segger_rtt.o(.bss) for _SEGGER_RTT
    segger_rtt.o(i.SEGGER_RTT_Init) refers to segger_rtt.o(i._DoInit) for _DoInit
    segger_rtt.o(i.SEGGER_RTT_PutChar) refers to segger_rtt.o(i._DoInit) for _DoInit
    segger_rtt.o(i.SEGGER_RTT_PutChar) refers to segger_rtt.o(.bss) for _SEGGER_RTT
    segger_rtt.o(i.SEGGER_RTT_PutCharSkip) refers to segger_rtt.o(i._DoInit) for _DoInit
    segger_rtt.o(i.SEGGER_RTT_PutCharSkip) refers to segger_rtt.o(.bss) for _SEGGER_RTT
    segger_rtt.o(i.SEGGER_RTT_PutCharSkipNoLock) refers to segger_rtt.o(.bss) for _SEGGER_RTT
    segger_rtt.o(i.SEGGER_RTT_Read) refers to segger_rtt.o(i.SEGGER_RTT_ReadNoLock) for SEGGER_RTT_ReadNoLock
    segger_rtt.o(i.SEGGER_RTT_ReadNoLock) refers to segger_rtt.o(i._DoInit) for _DoInit
    segger_rtt.o(i.SEGGER_RTT_ReadNoLock) refers to memcpya.o(.text) for __aeabi_memcpy
    segger_rtt.o(i.SEGGER_RTT_ReadNoLock) refers to segger_rtt.o(.bss) for _SEGGER_RTT
    segger_rtt.o(i.SEGGER_RTT_SetFlagsDownBuffer) refers to segger_rtt.o(i._DoInit) for _DoInit
    segger_rtt.o(i.SEGGER_RTT_SetFlagsDownBuffer) refers to segger_rtt.o(.bss) for _SEGGER_RTT
    segger_rtt.o(i.SEGGER_RTT_SetFlagsUpBuffer) refers to segger_rtt.o(i._DoInit) for _DoInit
    segger_rtt.o(i.SEGGER_RTT_SetFlagsUpBuffer) refers to segger_rtt.o(.bss) for _SEGGER_RTT
    segger_rtt.o(i.SEGGER_RTT_SetNameDownBuffer) refers to segger_rtt.o(i._DoInit) for _DoInit
    segger_rtt.o(i.SEGGER_RTT_SetNameDownBuffer) refers to segger_rtt.o(.bss) for _SEGGER_RTT
    segger_rtt.o(i.SEGGER_RTT_SetNameUpBuffer) refers to segger_rtt.o(i._DoInit) for _DoInit
    segger_rtt.o(i.SEGGER_RTT_SetNameUpBuffer) refers to segger_rtt.o(.bss) for _SEGGER_RTT
    segger_rtt.o(i.SEGGER_RTT_SetTerminal) refers to segger_rtt.o(i._DoInit) for _DoInit
    segger_rtt.o(i.SEGGER_RTT_SetTerminal) refers to segger_rtt.o(i._WriteBlocking) for _WriteBlocking
    segger_rtt.o(i.SEGGER_RTT_SetTerminal) refers to segger_rtt.o(i._GetAvailWriteSpace) for _GetAvailWriteSpace
[...]
    Removing stm32f10x_i2c.o(i.I2C_StretchClockCmd), (24 bytes).
    Removing stm32f10x_i2c.o(i.I2C_StructInit), (30 bytes).
    Removing stm32f10x_i2c.o(i.I2C_TransmitPEC), (24 bytes).
    Removing stm32f10x_iwdg.o(i.IWDG_Enable), (16 bytes).
    Removing stm32f10x_iwdg.o(i.IWDG_GetFlagStatus), (24 bytes).
    Removing stm32f10x_iwdg.o(i.IWDG_ReloadCounter), (16 bytes).
    Removing stm32f10x_iwdg.o(i.IWDG_SetPrescaler), (12 bytes).
    Removing stm32f10x_iwdg.o(i.IWDG_SetReload), (12 bytes).
    Removing stm32f10x_iwdg.o(i.IWDG_WriteAccessCmd), (12 bytes).
    Removing stm32f10x_pwr.o(i.PWR_BackupAccessCmd), (12 bytes).
    Removing stm32f10x_pwr.o(i.PWR_ClearFlag), (20 bytes).
    Removing stm32f10x_pwr.o(i.PWR_DeInit), (22 bytes).
    Removing stm32f10x_pwr.o(i.PWR_EnterSTANDBYMode), (52 bytes).
    Removing stm32f10x_pwr.o(i.PWR_EnterSTOPMode), (64 bytes).
    Removing stm32f10x_pwr.o(i.PWR_GetFlagStatus), (24 bytes).
    Removing stm32f10x_pwr.o(i.PWR_PVDCmd), (12 bytes).
    Removing stm32f10x_pwr.o(i.PWR_PVDLevelConfig), (24 bytes).
    Removing stm32f10x_pwr.o(i.PWR_WakeUpPinCmd), (12 bytes).
    Removing stm32f10x_rcc.o(i.RCC_ADCCLKConfig), (24 bytes).
    Removing stm32f10x_rcc.o(i.RCC_APB1PeriphResetCmd), (32 bytes).
    Removing stm32f10x_rcc.o(i.RCC_APB2PeriphResetCmd), (32 bytes).
    Removing stm32f10x_rcc.o(i.RCC_AdjustHSICalibrationValue), (24 bytes).
    Removing stm32f10x_rcc.o(i.RCC_BackupResetCmd), (12 bytes).
    Removing stm32f10x_rcc.o(i.RCC_ClearFlag), (20 bytes).
    Removing stm32f10x_rcc.o(i.RCC_ClearITPendingBit), (12 bytes).
    Removing stm32f10x_rcc.o(i.RCC_ClockSecuritySystemCmd), (12 bytes).
    Removing stm32f10x_rcc.o(i.RCC_DeInit), (76 bytes).
    Removing stm32f10x_rcc.o(i.RCC_GetFlagStatus), (60 bytes).
    Removing stm32f10x_rcc.o(i.RCC_GetITStatus), (24 bytes).
    Removing stm32f10x_rcc.o(i.RCC_GetSYSCLKSource), (16 bytes).
    Removing stm32f10x_rcc.o(i.RCC_HCLKConfig), (24 bytes).
    Removing stm32f10x_rcc.o(i.RCC_HSEConfig), (76 bytes).
    Removing stm32f10x_rcc.o(i.RCC_HSICmd), (12 bytes).
    Removing stm32f10x_rcc.o(i.RCC_ITConfig), (32 bytes).
    Removing stm32f10x_rcc.o(i.RCC_LSEConfig), (52 bytes).
    Removing stm32f10x_rcc.o(i.RCC_LSICmd), (12 bytes).
    Removing stm32f10x_rcc.o(i.RCC_MCOConfig), (12 bytes).
    Removing stm32f10x_rcc.o(i.RCC_PCLK1Config), (24 bytes).
    Removing stm32f10x_rcc.o(i.RCC_PCLK2Config), (24 bytes).
    Removing stm32f10x_rcc.o(i.RCC_PLLCmd), (12 bytes).
    Removing stm32f10x_rcc.o(i.RCC_PLLConfig), (28 bytes).
    Removing stm32f10x_rcc.o(i.RCC_RTCCLKCmd), (12 bytes).
    Removing stm32f10x_rcc.o(i.RCC_RTCCLKConfig), (16 bytes).
    Removing stm32f10x_rcc.o(i.RCC_SYSCLKConfig), (24 bytes).
    Removing stm32f10x_rcc.o(i.RCC_USBCLKConfig), (12 bytes).
    Removing stm32f10x_rcc.o(i.RCC_WaitForHSEStartUp), (56 bytes).
    Removing stm32f10x_rtc.o(i.RTC_ClearFlag), (16 bytes).
    Removing stm32f10x_rtc.o(i.RTC_ClearITPendingBit), (16 bytes).
    Removing stm32f10x_rtc.o(i.RTC_EnterConfigMode), (20 bytes).
    Removing stm32f10x_rtc.o(i.RTC_ExitConfigMode), (20 bytes).
    Removing stm32f10x_rtc.o(i.RTC_GetCounter), (20 bytes).
    Removing stm32f10x_rtc.o(i.RTC_GetDivider), (24 bytes).
    Removing stm32f10x_rtc.o(i.RTC_GetFlagStatus), (24 bytes).
    Removing stm32f10x_rtc.o(i.RTC_GetITStatus), (36 bytes).
    Removing stm32f10x_rtc.o(i.RTC_ITConfig), (32 bytes).
    Removing stm32f10x_rtc.o(i.RTC_SetAlarm), (28 bytes).
    Removing stm32f10x_rtc.o(i.RTC_SetCounter), (28 bytes).
    Removing stm32f10x_rtc.o(i.RTC_SetPrescaler), (32 bytes).
    Removing stm32f10x_rtc.o(i.RTC_WaitForLastTask), (20 bytes).
    Removing stm32f10x_rtc.o(i.RTC_WaitForSynchro), (36 bytes).
    Removing stm32f10x_sdio.o(i.SDIO_CEATAITCmd), (16 bytes).
    Removing stm32f10x_sdio.o(i.SDIO_ClearFlag), (12 bytes).
    Removing stm32f10x_sdio.o(i.SDIO_ClearITPendingBit), (12 bytes).
    Removing stm32f10x_sdio.o(i.SDIO_ClockCmd), (12 bytes).
    Removing stm32f10x_sdio.o(i.SDIO_CmdStructInit), (14 bytes).
    Removing stm32f10x_sdio.o(i.SDIO_CommandCompletionCmd), (12 bytes).
    Removing stm32f10x_sdio.o(i.SDIO_DMACmd), (12 bytes).
    Removing stm32f10x_sdio.o(i.SDIO_DataConfig), (48 bytes).
    Removing stm32f10x_sdio.o(i.SDIO_DataStructInit), (20 bytes).
    Removing stm32f10x_sdio.o(i.SDIO_DeInit), (36 bytes).
    Removing stm32f10x_sdio.o(i.SDIO_GetCommandResponse), (12 bytes).
    Removing stm32f10x_sdio.o(i.SDIO_GetDataCounter), (12 bytes).
    Removing stm32f10x_sdio.o(i.SDIO_GetFIFOCount), (12 bytes).
    Removing stm32f10x_sdio.o(i.SDIO_GetFlagStatus), (24 bytes).
    Removing stm32f10x_sdio.o(i.SDIO_GetITStatus), (24 bytes).
    Removing stm32f10x_sdio.o(i.SDIO_GetPowerState), (16 bytes).
    Removing stm32f10x_sdio.o(i.SDIO_GetResponse), (24 bytes).
    Removing stm32f10x_sdio.o(i.SDIO_ITConfig), (32 bytes).
    Removing stm32f10x_sdio.o(i.SDIO_Init), (48 bytes).
    Removing stm32f10x_sdio.o(i.SDIO_ReadData), (12 bytes).
    Removing stm32f10x_sdio.o(i.SDIO_SendCEATACmd), (12 bytes).
    Removing stm32f10x_sdio.o(i.SDIO_SendCommand), (44 bytes).
    Removing stm32f10x_sdio.o(i.SDIO_SendSDIOSuspendCmd), (12 bytes).
    Removing stm32f10x_sdio.o(i.SDIO_SetPowerState), (28 bytes).
    Removing stm32f10x_sdio.o(i.SDIO_SetSDIOOperation), (12 bytes).
    Removing stm32f10x_sdio.o(i.SDIO_SetSDIOReadWaitMode), (12 bytes).
    Removing stm32f10x_sdio.o(i.SDIO_StartSDIOReadWait), (12 bytes).
    Removing stm32f10x_sdio.o(i.SDIO_StopSDIOReadWait), (12 bytes).
    Removing stm32f10x_sdio.o(i.SDIO_StructInit), (16 bytes).
    Removing stm32f10x_sdio.o(i.SDIO_WriteData), (12 bytes).
    Removing stm32f10x_spi.o(i.I2S_Cmd), (24 bytes).
    Removing stm32f10x_spi.o(i.I2S_Init), (232 bytes).
    Removing stm32f10x_spi.o(i.I2S_StructInit), (20 bytes).
    Removing stm32f10x_spi.o(i.SPI_BiDirectionalLineConfig), (28 bytes).
    Removing stm32f10x_spi.o(i.SPI_CalculateCRC), (24 bytes).
    Removing stm32f10x_spi.o(i.SPI_Cmd), (24 bytes).
    Removing stm32f10x_spi.o(i.SPI_DataSizeConfig), (18 bytes).
    Removing stm32f10x_spi.o(i.SPI_GetCRC), (16 bytes).
    Removing stm32f10x_spi.o(i.SPI_GetCRCPolynomial), (6 bytes).
    Removing stm32f10x_spi.o(i.SPI_I2S_ClearFlag), (6 bytes).
    Removing stm32f10x_spi.o(i.SPI_I2S_ClearITPendingBit), (20 bytes).
    Removing stm32f10x_spi.o(i.SPI_I2S_DMACmd), (18 bytes).
    Removing stm32f10x_spi.o(i.SPI_I2S_DeInit), (88 bytes).
    Removing stm32f10x_spi.o(i.SPI_I2S_GetFlagStatus), (18 bytes).
    Removing stm32f10x_spi.o(i.SPI_I2S_GetITStatus), (52 bytes).
    Removing stm32f10x_spi.o(i.SPI_I2S_ITConfig), (32 bytes).
    Removing stm32f10x_spi.o(i.SPI_I2S_ReceiveData), (6 bytes).
    Removing stm32f10x_spi.o(i.SPI_I2S_SendData), (4 bytes).
    Removing stm32f10x_spi.o(i.SPI_Init), (60 bytes).
    Removing stm32f10x_spi.o(i.SPI_NSSInternalSoftwareConfig), (30 bytes).
    Removing stm32f10x_spi.o(i.SPI_SSOutputCmd), (24 bytes).
    Removing stm32f10x_spi.o(i.SPI_StructInit), (24 bytes).
    Removing stm32f10x_spi.o(i.SPI_TransmitCRC), (10 bytes).
    Removing stm32f10x_tim.o(i.TI1_Config), (128 bytes).
    Removing stm32f10x_tim.o(i.TI2_Config), (152 bytes).
    Removing stm32f10x_tim.o(i.TI3_Config), (144 bytes).
    Removing stm32f10x_tim.o(i.TI4_Config), (152 bytes).
    Removing stm32f10x_tim.o(i.TIM_ARRPreloadConfig), (24 bytes).
    Removing stm32f10x_tim.o(i.TIM_BDTRConfig), (32 bytes).
    Removing stm32f10x_tim.o(i.TIM_BDTRStructInit), (18 bytes).
    Removing stm32f10x_tim.o(i.TIM_CCPreloadControl), (24 bytes).
    Removing stm32f10x_tim.o(i.TIM_CCxCmd), (30 bytes).
    Removing stm32f10x_tim.o(i.TIM_CCxNCmd), (30 bytes).
    Removing stm32f10x_tim.o(i.TIM_ClearFlag), (6 bytes).
    Removing stm32f10x_tim.o(i.TIM_ClearITPendingBit), (6 bytes).
    Removing stm32f10x_tim.o(i.TIM_ClearOC1Ref), (18 bytes).
    Removing stm32f10x_tim.o(i.TIM_ClearOC2Ref), (24 bytes).
    Removing stm32f10x_tim.o(i.TIM_ClearOC3Ref), (18 bytes).
    Removing stm32f10x_tim.o(i.TIM_ClearOC4Ref), (24 bytes).
    Removing stm32f10x_tim.o(i.TIM_Cmd), (24 bytes).
    Removing stm32f10x_tim.o(i.TIM_CounterModeConfig), (18 bytes).
    Removing stm32f10x_tim.o(i.TIM_CtrlPWMOutputs), (30 bytes).
    Removing stm32f10x_tim.o(i.TIM_DMACmd), (18 bytes).
    Removing stm32f10x_tim.o(i.TIM_DMAConfig), (10 bytes).
    Removing stm32f10x_tim.o(i.TIM_DeInit), (488 bytes).
    Removing stm32f10x_tim.o(i.TIM_ETRClockMode1Config), (54 bytes).
    Removing stm32f10x_tim.o(i.TIM_ETRClockMode2Config), (32 bytes).
    Removing stm32f10x_tim.o(i.TIM_ETRConfig), (28 bytes).
    Removing stm32f10x_tim.o(i.TIM_EncoderInterfaceConfig), (66 bytes).
    Removing stm32f10x_tim.o(i.TIM_ForcedOC1Config), (18 bytes).
    Removing stm32f10x_tim.o(i.TIM_ForcedOC2Config), (26 bytes).
    Removing stm32f10x_tim.o(i.TIM_ForcedOC3Config), (18 bytes).
    Removing stm32f10x_tim.o(i.TIM_ForcedOC4Config), (26 bytes).
    Removing stm32f10x_tim.o(i.TIM_GenerateEvent), (4 bytes).
    Removing stm32f10x_tim.o(i.TIM_GetCapture1), (6 bytes).
    Removing stm32f10x_tim.o(i.TIM_GetCapture2), (6 bytes).
    Removing stm32f10x_tim.o(i.TIM_GetCapture3), (6 bytes).
    Removing stm32f10x_tim.o(i.TIM_GetCapture4), (8 bytes).
    Removing stm32f10x_tim.o(i.TIM_GetCounter), (6 bytes).
    Removing stm32f10x_tim.o(i.TIM_GetFlagStatus), (18 bytes).
    Removing stm32f10x_tim.o(i.TIM_GetITStatus), (34 bytes).
    Removing stm32f10x_tim.o(i.TIM_GetPrescaler), (6 bytes).
    Removing stm32f10x_tim.o(i.TIM_ICInit), (172 bytes).
    Removing stm32f10x_tim.o(i.TIM_ICStructInit), (18 bytes).
    Removing stm32f10x_tim.o(i.TIM_ITConfig), (18 bytes).
    Removing stm32f10x_tim.o(i.TIM_ITRxExternalClockConfig), (24 bytes).
    Removing stm32f10x_tim.o(i.TIM_InternalClockConfig), (12 bytes).
    Removing stm32f10x_tim.o(i.TIM_OC1FastConfig), (18 bytes).
    Removing stm32f10x_tim.o(i.TIM_OC1Init), (152 bytes).
    Removing stm32f10x_tim.o(i.TIM_OC1NPolarityConfig), (18 bytes).
    Removing stm32f10x_tim.o(i.TIM_OC1PolarityConfig), (18 bytes).
    Removing stm32f10x_tim.o(i.TIM_OC1PreloadConfig), (18 bytes).
    Removing stm32f10x_tim.o(i.TIM_OC2FastConfig), (26 bytes).
    Removing stm32f10x_tim.o(i.TIM_OC2Init), (164 bytes).
    Removing stm32f10x_tim.o(i.TIM_OC2NPolarityConfig), (26 bytes).
    Removing stm32f10x_tim.o(i.TIM_OC2PolarityConfig), (26 bytes).
    Removing stm32f10x_tim.o(i.TIM_OC2PreloadConfig), (26 bytes).
    Removing stm32f10x_tim.o(i.TIM_OC3FastConfig), (18 bytes).
    Removing stm32f10x_tim.o(i.TIM_OC3Init), (160 bytes).
    Removing stm32f10x_tim.o(i.TIM_OC3NPolarityConfig), (26 bytes).
    Removing stm32f10x_tim.o(i.TIM_OC3PolarityConfig), (26 bytes).
    Removing stm32f10x_tim.o(i.TIM_OC3PreloadConfig), (18 bytes).
    Removing stm32f10x_tim.o(i.TIM_OC4FastConfig), (26 bytes).
    Removing stm32f10x_tim.o(i.TIM_OC4Init), (124 bytes).
    Removing stm32f10x_tim.o(i.TIM_OC4PolarityConfig), (26 bytes).
    Removing stm32f10x_tim.o(i.TIM_OC4PreloadConfig), (26 bytes).
    Removing stm32f10x_tim.o(i.TIM_OCStructInit), (20 bytes).
    Removing stm32f10x_tim.o(i.TIM_PWMIConfig), (124 bytes).
    Removing stm32f10x_tim.o(i.TIM_PrescalerConfig), (6 bytes).
    Removing stm32f10x_tim.o(i.TIM_SelectCCDMA), (24 bytes).
    Removing stm32f10x_tim.o(i.TIM_SelectCOM), (24 bytes).
    Removing stm32f10x_tim.o(i.TIM_SelectHallSensor), (24 bytes).
    Removing stm32f10x_tim.o(i.TIM_SelectInputTrigger), (18 bytes).
    Removing stm32f10x_tim.o(i.TIM_SelectMasterSlaveMode), (18 bytes).
    Removing stm32f10x_tim.o(i.TIM_SelectOCxM), (82 bytes).
    Removing stm32f10x_tim.o(i.TIM_SelectOnePulseMode), (18 bytes).
    Removing stm32f10x_tim.o(i.TIM_SelectOutputTrigger), (18 bytes).
    Removing stm32f10x_tim.o(i.TIM_SelectSlaveMode), (18 bytes).
    Removing stm32f10x_tim.o(i.TIM_SetAutoreload), (4 bytes).
    Removing stm32f10x_tim.o(i.TIM_SetClockDivision), (18 bytes).
    Removing stm32f10x_tim.o(i.TIM_SetCompare1), (4 bytes).
    Removing stm32f10x_tim.o(i.TIM_SetCompare2), (4 bytes).
    Removing stm32f10x_tim.o(i.TIM_SetCompare3), (4 bytes).
    Removing stm32f10x_tim.o(i.TIM_SetCompare4), (6 bytes).
    Removing stm32f10x_tim.o(i.TIM_SetCounter), (4 bytes).
    Removing stm32f10x_tim.o(i.TIM_SetIC1Prescaler), (18 bytes).
    Removing stm32f10x_tim.o(i.TIM_SetIC2Prescaler), (26 bytes).
    Removing stm32f10x_tim.o(i.TIM_SetIC3Prescaler), (18 bytes).
    Removing stm32f10x_tim.o(i.TIM_SetIC4Prescaler), (26 bytes).
    Removing stm32f10x_tim.o(i.TIM_TIxExternalClockConfig), (62 bytes).
    Removing stm32f10x_tim.o(i.TIM_TimeBaseInit), (164 bytes).
    Removing stm32f10x_tim.o(i.TIM_TimeBaseStructInit), (18 bytes).
    Removing stm32f10x_tim.o(i.TIM_UpdateDisableConfig), (24 bytes).
    Removing stm32f10x_tim.o(i.TIM_UpdateRequestConfig), (24 bytes).
    Removing stm32f10x_usart.o(i.USART_ClearFlag), (18 bytes).
    Removing stm32f10x_usart.o(i.USART_ClearITPendingBit), (30 bytes).
    Removing stm32f10x_usart.o(i.USART_ClockInit), (34 bytes).
    Removing stm32f10x_usart.o(i.USART_ClockStructInit), (12 bytes).
    Removing stm32f10x_usart.o(i.USART_DMACmd), (18 bytes).
    Removing stm32f10x_usart.o(i.USART_DeInit), (156 bytes).
    Removing stm32f10x_usart.o(i.USART_HalfDuplexCmd), (24 bytes).
    Removing stm32f10x_usart.o(i.USART_IrDACmd), (24 bytes).
    Removing stm32f10x_usart.o(i.USART_IrDAConfig), (18 bytes).
    Removing stm32f10x_usart.o(i.USART_LINBreakDetectLengthConfig), (18 bytes).
    Removing stm32f10x_usart.o(i.USART_LINCmd), (24 bytes).
    Removing stm32f10x_usart.o(i.USART_OneBitMethodCmd), (24 bytes).
    Removing stm32f10x_usart.o(i.USART_OverSampling8Cmd), (22 bytes).
    Removing stm32f10x_usart.o(i.USART_ReceiverWakeUpCmd), (24 bytes).
    Removing stm32f10x_usart.o(i.USART_SendBreak), (10 bytes).
    Removing stm32f10x_usart.o(i.USART_SetAddress), (18 bytes).
    Removing stm32f10x_usart.o(i.USART_SetGuardTime), (16 bytes).
    Removing stm32f10x_usart.o(i.USART_SetPrescaler), (16 bytes).
    Removing stm32f10x_usart.o(i.USART_SmartCardCmd), (24 bytes).
    Removing stm32f10x_usart.o(i.USART_SmartCardNACKCmd), (24 bytes).
    Removing stm32f10x_usart.o(i.USART_StructInit), (24 bytes).
    Removing stm32f10x_usart.o(i.USART_WakeUpConfig), (18 bytes).
    Removing stm32f10x_wwdg.o(i.WWDG_ClearFlag), (12 bytes).
    Removing stm32f10x_wwdg.o(i.WWDG_DeInit), (22 bytes).
    Removing stm32f10x_wwdg.o(i.WWDG_Enable), (16 bytes).
    Removing stm32f10x_wwdg.o(i.WWDG_EnableIT), (12 bytes).
    Removing stm32f10x_wwdg.o(i.WWDG_GetFlagStatus), (12 bytes).
    Removing stm32f10x_wwdg.o(i.WWDG_SetCounter), (16 bytes).
    Removing stm32f10x_wwdg.o(i.WWDG_SetPrescaler), (24 bytes).
    Removing stm32f10x_wwdg.o(i.WWDG_SetWindowValue), (40 bytes).
    Removing main.o(i.timer_test_callback), (60 bytes).
    Removing os_core_1.o(i.os_sem_give), (40 bytes).
    Removing os_core_1.o(i.os_sem_init), (16 bytes).
    Removing os_core_1.o(i.os_sem_take), (104 bytes).
    Removing os_core_1.o(i.os_timer_start), (40 bytes).

483 unused section(s) (total 21328 bytes) removed from the image.

==============================================================================

Adding Veneers to the image

    Adding TT veneer (10 bytes, Long) for call to 'flash_iap_write' from iap_protocol.o(i.handle_data).
    Adding TT veneer (10 bytes, Long) for call to 'flash_iap_erase' from iap_protocol.o(i.handle_start).
    Adding TT veneer (10 bytes, Long) for call to 'FLASH_Unlock' from flash_iap.o(.ramfunc).
    Adding TT veneer (10 bytes, Long) for call to 'FLASH_ClearFlag' from flash_iap.o(.ramfunc).
    Adding TT veneer (10 bytes, Long) for call to 'FLASH_ErasePage' from flash_iap.o(.ramfunc).
    Adding TT veneer (10 bytes, Long) for call to 'FLASH_Lock' from flash_iap.o(.ramfunc).
    Adding TT veneer (10 bytes, Long) for call to 'FLASH_ProgramHalfWord' from flash_iap.o(.ramfunc).

7 Veneer(s) (total 70 bytes) added to the image.

==============================================================================

Image Symbol Table

    Local Symbols

    Symbol Name                              Value     Ov Type        Size  Object(Section)

    ../clib/microlib/init/entry.s            0x00000000   Number         0  entry11a.o ABSOLUTE
    ../clib/microlib/init/entry.s            0x00000000   Number         0  entry10b.o ABSOLUTE
    ../clib/microlib/init/entry.s            0x00000000   Number         0  entry10a.o ABSOLUTE
    ../clib/microlib/init/entry.s            0x00000000   Number         0  entry9b.o ABSOLUTE
    ../clib/microlib/init/entry.s            0x00000000   Number         0  entry9a.o ABSOLUTE
    ../clib/microlib/init/entry.s            0x00000000   Number         0  entry.o ABSOLUTE
    ../clib/microlib/init/entry.s            0x00000000   Number         0  entry8b.o ABSOLUTE
    ../clib/microlib/init/entry.s            0x00000000   Number         0  entry8a.o ABSOLUTE
    ../clib/microlib/init/entry.s            0x00000000   Number         0  entry7b.o ABSOLUTE
    ../clib/microlib/init/entry.s            0x00000000   Number         0  entry7a.o ABSOLUTE
    ../clib/microlib/init/entry.s            0x00000000   Number         0  entry5.o ABSOLUTE
    ../clib/microlib/init/entry.s            0x00000000   Number         0  entry2.o ABSOLUTE
    ../clib/microlib/init/entry.s            0x00000000   Number         0  entry11b.o ABSOLUTE
    ../clib/microlib/string/memcmp.c         0x00000000   Number         0  memcmp.o ABSOLUTE
    ../clib/microlib/string/memcpy.c         0x00000000   Number         0  memcpya.o ABSOLUTE
    ../clib/microlib/string/memcpy.c         0x00000000   Number         0  memcpyb.o ABSOLUTE
    ../clib/microlib/string/memset.c         0x00000000   Number         0  memseta.o ABSOLUTE
    ../clib/microlib/string/strcmp.c         0x00000000   Number         0  strcmp.o ABSOLUTE
    ../clib/microlib/string/strcpy.c         0x00000000   Number         0  strcpy.o ABSOLUTE
    ../clib/microlib/string/strlen.c         0x00000000   Number         0  strlen.o ABSOLUTE
    Library\misc.c                           0x00000000   Number         0  misc.o ABSOLUTE
    Library\stm32f10x_adc.c                  0x00000000   Number         0  stm32f10x_adc.o ABSOLUTE
    Library\stm32f10x_bkp.c                  0x00000000   Number         0  stm32f10x_bkp.o ABSOLUTE
    Library\stm32f10x_can.c                  0x00000000   Number         0  stm32f10x_can.o ABSOLUTE
    Library\stm32f10x_cec.c                  0x00000000   Number         0  stm32f10x_cec.o ABSOLUTE
    Library\stm32f10x_crc.c                  0x00000000   Number         0  stm32f10x_crc.o ABSOLUTE
    Library\stm32f10x_dac.c                  0x00000000   Number         0  stm32f10x_dac.o ABSOLUTE
    Library\stm32f10x_dbgmcu.c               0x00000000   Number         0  stm32f10x_dbgmcu.o ABSOLUTE
    Library\stm32f10x_dma.c                  0x00000000   Number         0  stm32f10x_dma.o ABSOLUTE
    Library\stm32f10x_exti.c                 0x00000000   Number         0  stm32f10x_exti.o ABSOLUTE
    Library\stm32f10x_flash.c                0x00000000   Number         0  stm32f10x_flash.o ABSOLUTE
    Library\stm32f10x_fsmc.c                 0x00000000   Number         0  stm32f10x_fsmc.o ABSOLUTE
    Library\stm32f10x_gpio.c                 0x00000000   Number         0  stm32f10x_gpio.o ABSOLUTE
    Library\stm32f10x_i2c.c                  0x00000000   Number         0  stm32f10x_i2c.o ABSOLUTE
    Library\stm32f10x_iwdg.c                 0x00000000   Number         0  stm32f10x_iwdg.o ABSOLUTE
    Library\stm32f10x_pwr.c                  0x00000000   Number         0  stm32f10x_pwr.o ABSOLUTE
    Library\stm32f10x_rcc.c                  0x00000000   Number         0  stm32f10x_rcc.o ABSOLUTE
    Library\stm32f10x_rtc.c                  0x00000000   Number         0  stm32f10x_rtc.o ABSOLUTE
    Library\stm32f10x_sdio.c                 0x00000000   Number         0  stm32f10x_sdio.o ABSOLUTE
    Library\stm32f10x_spi.c                  0x00000000   Number         0  stm32f10x_spi.o ABSOLUTE
    Library\stm32f10x_tim.c                  0x00000000   Number         0  stm32f10x_tim.o ABSOLUTE
    Library\stm32f10x_usart.c                0x00000000   Number         0  stm32f10x_usart.o ABSOLUTE
    Library\stm32f10x_wwdg.c                 0x00000000   Number         0  stm32f10x_wwdg.o ABSOLUTE
    OS_Core\os_core.c                        0x00000000   Number         0  os_core_1.o ABSOLUTE
    OS_Port\os_port.c                        0x00000000   Number         0  os_port.o ABSOLUTE
    OS_Port\os_port.s                        0x00000000   Number         0  os_port_1.o ABSOLUTE
    Start\\core_cm3.c                        0x00000000   Number         0  core_cm3.o ABSOLUTE
    Start\core_cm3.c                         0x00000000   Number         0  core_cm3.o ABSOLUTE
    Start\startup_stm32f10x_md.s             0x00000000   Number         0  startup_stm32f10x_md.o ABSOLUTE
    Start\system_stm32f10x.c                 0x00000000   Number         0  system_stm32f10x.o ABSOLUTE
    System\Delay.c                           0x00000000   Number         0  delay.o ABSOLUTE
    System\Serial.c                          0x00000000   Number         0  serial.o ABSOLUTE
    User\SEGGER_RTT.c                        0x00000000   Number         0  segger_rtt.o ABSOLUTE
    User\SEGGER_RTT_printf.c                 0x00000000   Number         0  segger_rtt_printf.o ABSOLUTE
    User\main.c                              0x00000000   Number         0  main.o ABSOLUTE
    User\stm32f10x_it.c                      0x00000000   Number         0  stm32f10x_it.o ABSOLUTE
    dc.s                                     0x00000000   Number         0  dc.o ABSOLUTE
    driver\flash_iap.c                       0x00000000   Number         0  flash_iap.o ABSOLUTE
    driver\iap_protocol.c                    0x00000000   Number         0  iap_protocol.o ABSOLUTE
    driver\led_driver.c                      0x00000000   Number         0  led_driver.o ABSOLUTE
    driver\mq_driver.c                       0x00000000   Number         0  mq_driver.o ABSOLUTE
    driver\oled_driver.c                     0x00000000   Number         0  oled_driver.o ABSOLUTE
    driver\sw_iic.c                          0x00000000   Number         0  sw_iic.o ABSOLUTE
    driver\uart_driver.c                     0x00000000   Number         0  uart_driver.o ABSOLUTE
    handlers.s                               0x00000000   Number         0  handlers.o ABSOLUTE
    init.s                                   0x00000000   Number         0  init.o ABSOLUTE
    minirtos\os_core.c                       0x00000000   Number         0  os_core.o ABSOLUTE
    vfs\vfs.c                                0x00000000   Number         0  vfs.o ABSOLUTE
    vm\vm_isa.c                              0x00000000   Number         0  vm_isa.o ABSOLUTE
    vm\vm_task.c                             0x00000000   Number         0  vm_task.o ABSOLUTE
    RESET                                    0x08000000   Section      236  startup_stm32f10x_md.o(RESET)
    .ARM.Collect$$$$00000000                 0x080000ec   Section        0  entry.o(.ARM.Collect$$$$00000000)
    .ARM.Collect$$$$00000001                 0x080000ec   Section        4  entry2.o(.ARM.Collect$$$$00000001)
    .ARM.Collect$$$$00000004                 0x080000f0   Section        4  entry5.o(.ARM.Collect$$$$00000004)
    .ARM.Collect$$$$00000008                 0x080000f4   Section        0  entry7b.o(.ARM.Collect$$$$00000008)
    .ARM.Collect$$$$0000000A                 0x080000f4   Section        0  entry8b.o(.ARM.Collect$$$$0000000A)
    .ARM.Collect$$$$0000000B                 0x080000f4   Section        8  entry9a.o(.ARM.Collect$$$$0000000B)
    .ARM.Collect$$$$0000000D                 0x080000fc   Section        0  entry10a.o(.ARM.Collect$$$$0000000D)
    .ARM.Collect$$$$0000000F                 0x080000fc   Section        0  entry11a.o(.ARM.Collect$$$$0000000F)
    .ARM.Collect$$$$00002712                 0x080000fc   Section        4  entry2.o(.ARM.Collect$$$$00002712)
    __lit__00000000                          0x080000fc   Data           4  entry2.o(.ARM.Collect$$$$00002712)
    .emb_text                                0x08000100   Section       32  core_cm3.o(.emb_text)
    .text                                    0x08000120   Section       36  startup_stm32f10x_md.o(.text)
    .text                                    0x08000144   Section       56  os_port_1.o(.text)
    .text                                    0x0800017c   Section        0  memcpya.o(.text)
    .text                                    0x080001a0   Section        0  memseta.o(.text)
    .text                                    0x080001c4   Section        0  strlen.o(.text)
    .text                                    0x080001d2   Section        0  strcmp.o(.text)
    .text                                    0x080001ee   Section        0  memcmp.o(.text)
    .text                                    0x08000208   Section        0  strcpy.o(.text)
    .text                                    0x0800021c   Section       36  init.o(.text)
    i.BusFault_Handler                       0x08000254   Section        0  stm32f10x_it.o(i.BusFault_Handler)
    i.DebugMon_Handler                       0x08000258   Section        0  stm32f10x_it.o(i.DebugMon_Handler)
    i.FLASH_ClearFlag                        0x0800025c   Section        0  stm32f10x_flash.o(i.FLASH_ClearFlag)
    i.FLASH_ErasePage                        0x08000268   Section        0  stm32f10x_flash.o(i.FLASH_ErasePage)
    i.FLASH_GetBank1Status                   0x080002b4   Section        0  stm32f10x_flash.o(i.FLASH_GetBank1Status)
    i.FLASH_Lock                             0x080002e8   Section        0  stm32f10x_flash.o(i.FLASH_Lock)
    i.FLASH_ProgramHalfWord                  0x080002fc   Section        0  stm32f10x_flash.o(i.FLASH_ProgramHalfWord)
    i.FLASH_Unlock                           0x0800033c   Section        0  stm32f10x_flash.o(i.FLASH_Unlock)
    i.FLASH_WaitForLastOperation             0x08000354   Section        0  stm32f10x_flash.o(i.FLASH_WaitForLastOperation)
    i.GPIO_Init                              0x0800037a   Section        0  stm32f10x_gpio.o(i.GPIO_Init)
    i.GPIO_ReadOutputDataBit                 0x08000490   Section        0  stm32f10x_gpio.o(i.GPIO_ReadOutputDataBit)
    i.GPIO_ResetBits                         0x080004a2   Section        0  stm32f10x_gpio.o(i.GPIO_ResetBits)
    i.GPIO_SetBits                           0x080004a6   Section        0  stm32f10x_gpio.o(i.GPIO_SetBits)
    i.GPIO_WriteBit                          0x080004aa   Section        0  stm32f10x_gpio.o(i.GPIO_WriteBit)
    i.HardFault_Handler                      0x080004b4   Section        0  stm32f10x_it.o(i.HardFault_Handler)
    i.MemManage_Handler                      0x080004b8   Section        0  stm32f10x_it.o(i.MemManage_Handler)
    i.NMI_Handler                            0x080004bc   Section        0  stm32f10x_it.o(i.NMI_Handler)
    i.NVIC_Init                              0x080004c0   Section        0  misc.o(i.NVIC_Init)
    i.RCC_AHBPeriphClockCmd                  0x08000530   Section        0  stm32f10x_rcc.o(i.RCC_AHBPeriphClockCmd)
    i.RCC_APB1PeriphClockCmd                 0x08000550   Section        0  stm32f10x_rcc.o(i.RCC_APB1PeriphClockCmd)
    i.RCC_APB2PeriphClockCmd                 0x08000570   Section        0  stm32f10x_rcc.o(i.RCC_APB2PeriphClockCmd)
    i.RCC_GetClocksFreq                      0x08000590   Section        0  stm32f10x_rcc.o(i.RCC_GetClocksFreq)
    i.SEGGER_RTT_Init                        0x08000664   Section        0  segger_rtt.o(i.SEGGER_RTT_Init)
    i.SEGGER_RTT_Write                       0x0800066c   Section        0  segger_rtt.o(i.SEGGER_RTT_Write)
    i.SEGGER_RTT_WriteNoLock                 0x080006b4   Section        0  segger_rtt.o(i.SEGGER_RTT_WriteNoLock)
    i.SEGGER_RTT_WriteString                 0x08000738   Section        0  segger_rtt.o(i.SEGGER_RTT_WriteString)
    i.SEGGER_RTT_printf                      0x08000752   Section        0  segger_rtt_printf.o(i.SEGGER_RTT_printf)
    i.SEGGER_RTT_vprintf                     0x08000774   Section        0  segger_rtt_printf.o(i.SEGGER_RTT_vprintf)
    i.SVC_Handler                            0x0800097e   Section        0  stm32f10x_it.o(i.SVC_Handler)
    i.SetSysClock                            0x08000980   Section        0  system_stm32f10x.o(i.SetSysClock)
    SetSysClock                              0x08000981   Thumb Code     8  system_stm32f10x.o(i.SetSysClock)
    i.SetSysClockTo72                        0x08000988   Section        0  system_stm32f10x.o(i.SetSysClockTo72)
    SetSysClockTo72                          0x08000989   Thumb Code   214  system_stm32f10x.o(i.SetSysClockTo72)
    i.SysTick_Handler                        0x08000a68   Section        0  os_port.o(i.SysTick_Handler)
    i.SystemInit                             0x08000a70   Section        0  system_stm32f10x.o(i.SystemInit)
    i.Task_IAP                               0x08000ad0   Section        0  iap_protocol.o(i.Task_IAP)
    i.Task_Start                             0x08000bec   Section        0  main.o(i.Task_Start)
    i.USART1_IRQHandler                      0x08000d10   Section        0  uart_driver.o(i.USART1_IRQHandler)
    i.USART_Cmd                              0x08000d58   Section        0  stm32f10x_usart.o(i.USART_Cmd)
    i.USART_GetFlagStatus                    0x08000d70   Section        0  stm32f10x_usart.o(i.USART_GetFlagStatus)
    i.USART_GetITStatus                      0x08000d8a   Section        0  stm32f10x_usart.o(i.USART_GetITStatus)
    i.USART_ITConfig                         0x08000dde   Section        0  stm32f10x_usart.o(i.USART_ITConfig)
    i.USART_Init                             0x08000e28   Section        0  stm32f10x_usart.o(i.USART_Init)
    i.USART_ReceiveData                      0x08000f00   Section        0  stm32f10x_usart.o(i.USART_ReceiveData)
    i.USART_SendData                         0x08000f0a   Section        0  stm32f10x_usart.o(i.USART_SendData)
    i.UsageFault_Handler                     0x08000f12   Section        0  stm32f10x_it.o(i.UsageFault_Handler)
    i._DoInit                                0x08000f18   Section        0  segger_rtt.o(i._DoInit)
    _DoInit                                  0x08000f19   Thumb Code    74  segger_rtt.o(i._DoInit)
    i._GetAvailWriteSpace                    0x08000f88   Section        0  segger_rtt.o(i._GetAvailWriteSpace)
    _GetAvailWriteSpace                      0x08000f89   Thumb Code    28  segger_rtt.o(i._GetAvailWriteSpace)
    i._PrintInt                              0x08000fa4   Section        0  segger_rtt_printf.o(i._PrintInt)
    _PrintInt                                0x08000fa5   Thumb Code   236  segger_rtt_printf.o(i._PrintInt)
    i._PrintUnsigned                         0x08001090   Section        0  segger_rtt_printf.o(i._PrintUnsigned)
    _PrintUnsigned                           0x08001091   Thumb Code   230  segger_rtt_printf.o(i._PrintUnsigned)
    i._StoreChar                             0x0800117c   Section        0  segger_rtt_printf.o(i._StoreChar)
    _StoreChar                               0x0800117d   Thumb Code    68  segger_rtt_printf.o(i._StoreChar)
    i._WriteBlocking                         0x080011c0   Section        0  segger_rtt.o(i._WriteBlocking)
    _WriteBlocking                           0x080011c1   Thumb Code   114  segger_rtt.o(i._WriteBlocking)
    i._WriteNoCheck                          0x08001232   Section        0  segger_rtt.o(i._WriteNoCheck)
    _WriteNoCheck                            0x08001233   Thumb Code    76  segger_rtt.o(i._WriteNoCheck)
    i.__scatterload_copy                     0x0800127e   Section       14  handlers.o(i.__scatterload_copy)
    i.__scatterload_null                     0x0800128c   Section        2  handlers.o(i.__scatterload_null)
    i.__scatterload_zeroinit                 0x0800128e   Section       14  handlers.o(i.__scatterload_zeroinit)
    i.crc32_hw                               0x0800129c   Section        0  iap_protocol.o(i.crc32_hw)
    crc32_hw                                 0x0800129d   Thumb Code    94  iap_protocol.o(i.crc32_hw)
    i.do_syscall                             0x08001300   Section        0  vm_isa.o(i.do_syscall)
    do_syscall                               0x08001301   Thumb Code   242  vm_isa.o(i.do_syscall)
    i.flash_iap_init                         0x080013f4   Section        0  flash_iap.o(i.flash_iap_init)
    i.handle_data                            0x08001418   Section        0  iap_protocol.o(i.handle_data)
    handle_data                              0x08001419   Thumb Code   148  iap_protocol.o(i.handle_data)
    i.handle_finish                          0x080014e0   Section        0  iap_protocol.o(i.handle_finish)
    handle_finish                            0x080014e1   Thumb Code   138  iap_protocol.o(i.handle_finish)
    i.handle_start                           0x080015cc   Section        0  iap_protocol.o(i.handle_start)
    handle_start                             0x080015cd   Thumb Code   144  iap_protocol.o(i.handle_start)
    i.iap_recv                               0x080016a0   Section        0  iap_protocol.o(i.iap_recv)
    iap_recv                                 0x080016a1   Thumb Code    22  iap_protocol.o(i.iap_recv)
    i.iap_recv_frame                         0x080016bc   Section        0  iap_protocol.o(i.iap_recv_frame)
    iap_recv_frame                           0x080016bd   Thumb Code    88  iap_protocol.o(i.iap_recv_frame)
    i.iap_reply                              0x08001714   Section        0  iap_protocol.o(i.iap_reply)
    iap_reply                                0x08001715   Thumb Code    18  iap_protocol.o(i.iap_reply)
    i.led_ioctl                              0x0800172c   Section        0  led_driver.o(i.led_ioctl)
    i.led_open                               0x08001794   Section        0  led_driver.o(i.led_open)
    i.led_register                           0x080017f0   Section        0  led_driver.o(i.led_register)
    i.led_write                              0x08001894   Section        0  led_driver.o(i.led_write)
    i.main                                   0x080018dc   Section        0  main.o(i.main)
    i.mq_close                               0x080019f4   Section        0  mq_driver.o(i.mq_close)
    mq_close                                 0x080019f5   Thumb Code     6  mq_driver.o(i.mq_close)
    i.mq_ioctl                               0x080019fa   Section        0  mq_driver.o(i.mq_ioctl)
    mq_ioctl                                 0x080019fb   Thumb Code    22  mq_driver.o(i.mq_ioctl)
    i.mq_open                                0x08001a10   Section        0  mq_driver.o(i.mq_open)
    mq_open                                  0x08001a11   Thumb Code     6  mq_driver.o(i.mq_open)
    i.mq_read                                0x08001a16   Section        0  mq_driver.o(i.mq_read)
    mq_read                                  0x08001a17   Thumb Code    38  mq_driver.o(i.mq_read)
    i.mq_register                            0x08001a3c   Section        0  mq_driver.o(i.mq_register)
    i.mq_write                               0x08001ae0   Section        0  mq_driver.o(i.mq_write)
    mq_write                                 0x08001ae1   Thumb Code    28  mq_driver.o(i.mq_write)
    i.oled_close                             0x08001afc   Section        0  oled_driver.o(i.oled_close)
    oled_close                               0x08001afd   Thumb Code    14  oled_driver.o(i.oled_close)
    i.oled_draw_char                         0x08001b0c   Section        0  oled_driver.o(i.oled_draw_char)
    oled_draw_char                           0x08001b0d   Thumb Code   114  oled_driver.o(i.oled_draw_char)
    i.oled_draw_point                        0x08001b84   Section        0  oled_driver.o(i.oled_draw_point)
    oled_draw_point                          0x08001b85   Thumb Code   134  oled_driver.o(i.oled_draw_point)
    i.oled_draw_string                       0x08001c10   Section        0  oled_driver.o(i.oled_draw_string)
    oled_draw_string                         0x08001c11   Thumb Code    54  oled_driver.o(i.oled_draw_string)
    i.oled_hw_init                           0x08001c46   Section        0  oled_driver.o(i.oled_hw_init)
    oled_hw_init                             0x08001c47   Thumb Code    56  oled_driver.o(i.oled_hw_init)
    i.oled_ioctl                             0x08001c80   Section        0  oled_driver.o(i.oled_ioctl)
    oled_ioctl                               0x08001c81   Thumb Code   106  oled_driver.o(i.oled_ioctl)
    i.oled_open                              0x08001cf8   Section        0  oled_driver.o(i.oled_open)
    oled_open                                0x08001cf9   Thumb Code    28  oled_driver.o(i.oled_open)
    i.oled_read                              0x08001d18   Section        0  oled_driver.o(i.oled_read)
    oled_read                                0x08001d19   Thumb Code     8  oled_driver.o(i.oled_read)
    i.oled_refresh_screen                    0x08001d20   Section        0  oled_driver.o(i.oled_refresh_screen)
    oled_refresh_screen                      0x08001d21   Thumb Code    82  oled_driver.o(i.oled_refresh_screen)
    i.oled_register                          0x08001d78   Section        0  oled_driver.o(i.oled_register)
    i.oled_write                             0x08001dbc   Section        0  oled_driver.o(i.oled_write)
    oled_write                               0x08001dbd   Thumb Code   158  oled_driver.o(i.oled_write)
    i.oled_write_cmd                         0x08001e68   Section        0  oled_driver.o(i.oled_write_cmd)
    oled_write_cmd                           0x08001e69   Thumb Code    32  oled_driver.o(i.oled_write_cmd)
    i.os_delay                               0x08001e88   Section        0  os_core_1.o(i.os_delay)
    i.os_idle_task                           0x08001f00   Section        0  os_core_1.o(i.os_idle_task)
    i.os_list_add                            0x08001f14   Section        0  os_core_1.o(i.os_list_add)
    os_list_add                              0x08001f15   Thumb Code    14  os_core_1.o(i.os_list_add)
    i.os_list_init                           0x08001f22   Section        0  os_core_1.o(i.os_list_init)
    os_list_init                             0x08001f23   Thumb Code     6  os_core_1.o(i.os_list_init)
    i.os_list_is_empty                       0x08001f28   Section        0  os_core_1.o(i.os_list_is_empty)
    os_list_is_empty                         0x08001f29   Thumb Code    16  os_core_1.o(i.os_list_is_empty)
    i.os_list_remove                         0x08001f38   Section        0  os_core_1.o(i.os_list_remove)
    os_list_remove                           0x08001f39   Thumb Code    18  os_core_1.o(i.os_list_remove)
    i.os_msg_init                            0x08001f4a   Section        0  os_core_1.o(i.os_msg_init)
    i.os_msg_recv                            0x08001f70   Section        0  os_core_1.o(i.os_msg_recv)
    i.os_msg_send                            0x08001ffc   Section        0  os_core_1.o(i.os_msg_send)
    i.os_mutex_give                          0x08002060   Section        0  os_core_1.o(i.os_mutex_give)
    i.os_mutex_init                          0x0800210c   Section        0  os_core_1.o(i.os_mutex_init)
    i.os_mutex_take                          0x08002124   Section        0  os_core_1.o(i.os_mutex_take)
    i.os_port_systick_init                   0x080021fc   Section        0  os_port.o(i.os_port_systick_init)
    i.os_sched                               0x0800225c   Section        0  os_core_1.o(i.os_sched)
    i.os_sched_init                          0x080022c4   Section        0  os_core_1.o(i.os_sched_init)
    i.os_start                               0x08002330   Section        0  os_core_1.o(i.os_start)
    i.os_system_info                         0x0800236c   Section        0  os_core_1.o(i.os_system_info)
    i.os_task_create                         0x080025a0   Section        0  os_core_1.o(i.os_task_create)
    i.os_task_ready                          0x08002650   Section        0  os_core_1.o(i.os_task_ready)
    i.os_tick_handler                        0x08002688   Section        0  os_core_1.o(i.os_tick_handler)
    i.os_timer_init                          0x08002798   Section        0  os_core_1.o(i.os_timer_init)
    i.os_timer_task                          0x080027e0   Section        0  os_core_1.o(i.os_timer_task)
    i.sw_i2c_delay                           0x08002854   Section        0  sw_iic.o(i.sw_i2c_delay)
    sw_i2c_delay                             0x08002855   Thumb Code    16  sw_iic.o(i.sw_i2c_delay)
    i.sw_i2c_init                            0x08002864   Section        0  sw_iic.o(i.sw_i2c_init)
    i.sw_i2c_send_byte                       0x080028a0   Section        0  sw_iic.o(i.sw_i2c_send_byte)
    i.sw_i2c_start                           0x08002910   Section        0  sw_iic.o(i.sw_i2c_start)
    i.sw_i2c_stop                            0x08002940   Section        0  sw_iic.o(i.sw_i2c_stop)
    i.uart_close                             0x08002968   Section        0  uart_driver.o(i.uart_close)
    i.uart_ioctl                             0x08002994   Section        0  uart_driver.o(i.uart_ioctl)
    i.uart_open                              0x080029dc   Section        0  uart_driver.o(i.uart_open)
    i.uart_read                              0x08002b08   Section        0  uart_driver.o(i.uart_read)
    i.uart_register                          0x08002b94   Section        0  uart_driver.o(i.uart_register)
    i.uart_write                             0x08002c58   Section        0  uart_driver.o(i.uart_write)
    i.vfs_close                              0x08002ca0   Section        0  vfs.o(i.vfs_close)
    i.vfs_init                               0x08002ce4   Section        0  vfs.o(i.vfs_init)
    i.vfs_ioctl                              0x08002cf4   Section        0  vfs.o(i.vfs_ioctl)
    i.vfs_open                               0x08002d60   Section        0  vfs.o(i.vfs_open)
    i.vfs_read                               0x08002db8   Section        0  vfs.o(i.vfs_read)
    i.vfs_register_device                    0x08002e2c   Section        0  vfs.o(i.vfs_register_device)
    i.vfs_write                              0x08002e5c   Section        0  vfs.o(i.vfs_write)
    i.vm_find_apps                           0x08002ed0   Section        0  vm_task.o(i.vm_find_apps)
    i.vm_load_apps                           0x08002f9c   Section        0  vm_task.o(i.vm_load_apps)
    i.vm_run                                 0x080030a0   Section        0  vm_isa.o(i.vm_run)
    i.vm_unload_apps                         0x080032f8   Section        0  vm_task.o(i.vm_unload_apps)
    i.vm_wakeup                              0x080033d4   Section        0  vm_isa.o(i.vm_wakeup)
    i.vmtask                                 0x08003410   Section        0  vm_task.o(i.vmtask)
    .constdata                               0x080034fc   Section       16  segger_rtt_printf.o(.constdata)
    _aV2C                                    0x080034fc   Data          16  segger_rtt_printf.o(.constdata)
    .constdata                               0x0800350c   Section      188  vm_task.o(.constdata)
    app0_code                                0x0800350c   Data          76  vm_task.o(.constdata)
    app1_code                                0x08003558   Data          95  vm_task.o(.constdata)
    raw_app_bytecodes                        0x080035b8   Data          16  vm_task.o(.constdata)
    .constdata                               0x080035c8   Section      576  oled_driver.o(.constdata)
    font_6x8                                 0x080035c8   Data         576  oled_driver.o(.constdata)
    .constdata                               0x08003808   Section       24  main.o(.constdata)
    .conststring                             0x08003820   Section      122  main.o(.conststring)
    .ramfunc                                 0x20000000   Section        0  flash_iap.o(.ramfunc)
    is_address_safe                          0x20000001   Thumb Code    24  flash_iap.o(.ramfunc)
    .data                                    0x200000f8   Section       20  system_stm32f10x.o(.data)
    .data                                    0x2000010c   Section        8  vfs.o(.data)
    device_list_head                         0x2000010c   Data           8  vfs.o(.data)
    .data                                    0x20000114   Section        8  uart_driver.o(.data)
    rx_head                                  0x20000114   Data           4  uart_driver.o(.data)
    rx_tail                                  0x20000118   Data           4  uart_driver.o(.data)
    .data                                    0x2000011c   Section        9  vm_task.o(.data)
    app_valid                                0x20000124   Data           1  vm_task.o(.data)
    .data                                    0x20000128   Section       12  iap_protocol.o(.data)
    g_target_addr                            0x20000128   Data           4  iap_protocol.o(.data)
    g_target_version                         0x2000012c   Data           4  iap_protocol.o(.data)
    g_fd                                     0x20000130   Data           4  iap_protocol.o(.data)
    .data                                    0x20000134   Section        2  oled_driver.o(.data)
    g_cursor_x                               0x20000134   Data           1  oled_driver.o(.data)
    g_cursor_y                               0x20000135   Data           1  oled_driver.o(.data)
    .data                                    0x20000136   Section       20  stm32f10x_rcc.o(.data)
    APBAHBPrescTable                         0x20000136   Data          16  stm32f10x_rcc.o(.data)
    ADCPrescTable                            0x20000146   Data           4  stm32f10x_rcc.o(.data)
    .data                                    0x2000014c   Section       60  os_core_1.o(.data)
    tick_counter                             0x20000184   Data           4  os_core_1.o(.data)
    .bss                                     0x20000188   Section     1208  segger_rtt.o(.bss)
    _acUpBuffer                              0x20000230   Data        1024  segger_rtt.o(.bss)
    _acDownBuffer                            0x20000630   Data          16  segger_rtt.o(.bss)
    .bss                                     0x20000640   Section       64  vfs.o(.bss)
    device                                   0x20000640   Data          64  vfs.o(.bss)
    .bss                                     0x20000680   Section      320  led_driver.o(.bss)
    led_device                               0x20000680   Data         256  led_driver.o(.bss)
    led_driver                               0x20000780   Data          64  led_driver.o(.bss)
    .bss                                     0x200007c0   Section      664  uart_driver.o(.bss)
    rx_buf                                   0x200007c0   Data         512  uart_driver.o(.bss)
    uart_device                              0x200009c0   Data         128  uart_driver.o(.bss)
    uart_driver                              0x20000a40   Data          24  uart_driver.o(.bss)
    .bss                                     0x20000a58   Section      624  vm_task.o(.bss)
    ctx                                      0x20000a58   Data         624  vm_task.o(.bss)
    .bss                                     0x20000cc8   Section      144  mq_driver.o(.bss)
    mq_device                                0x20000cc8   Data         128  mq_driver.o(.bss)
    mq_driver                                0x20000d48   Data          16  mq_driver.o(.bss)
    .bss                                     0x20000d58   Section      285  iap_protocol.o(.bss)
    g_ctx                                    0x20000d58   Data          16  iap_protocol.o(.bss)
    g_frame                                  0x20000d68   Data         269  iap_protocol.o(.bss)
    .bss                                     0x20000e78   Section     1088  oled_driver.o(.bss)
    oled_device                              0x20000e78   Data          64  oled_driver.o(.bss)
    g_oled_buffer                            0x20000eb8   Data        1024  oled_driver.o(.bss)
    .bss                                     0x200012b8   Section     1788  main.o(.bss)
    .bss                                     0x200019b4   Section     1144  os_core_1.o(.bss)
    STACK                                    0x20001e30   Section     1024  startup_stm32f10x_md.o(STACK)

    Global Symbols

    Symbol Name                              Value     Ov Type        Size  Object(Section)

    BuildAttributes$$THM_ISAv4$P$D$K$B$S$PE$A:L22UL41UL21$X:L11$S22US41US21$IEEE1$IW$USESV6$~STKCKD$USESV7$~SHL$OSPACE$EBA8$MICROLIB$REQ8$PRES8$EABIv2 0x00000000   Number         0  anon$$obj.o ABSOLUTE
    __ARM_use_no_argv                        0x00000000   Number         0  main.o ABSOLUTE
    __cpp_initialize__aeabi_                  - Undefined Weak Reference
    __cxa_finalize                            - Undefined Weak Reference
    __decompress                              - Undefined Weak Reference
    _clock_init                               - Undefined Weak Reference
    _microlib_exit                            - Undefined Weak Reference
    __Vectors_Size                           0x000000ec   Number         0  startup_stm32f10x_md.o ABSOLUTE
    __Vectors                                0x08000000   Data           4  startup_stm32f10x_md.o(RESET)
    __Vectors_End                            0x080000ec   Data           0  startup_stm32f10x_md.o(RESET)
    __main                                   0x080000ed   Thumb Code     0  entry.o(.ARM.Collect$$$$00000000)
    _main_stk                                0x080000ed   Thumb Code     0  entry2.o(.ARM.Collect$$$$00000001)
    _main_scatterload                        0x080000f1   Thumb Code     0  entry5.o(.ARM.Collect$$$$00000004)
    __main_after_scatterload                 0x080000f5   Thumb Code     0  entry5.o(.ARM.Collect$$$$00000004)
    _main_clock                              0x080000f5   Thumb Code     0  entry7b.o(.ARM.Collect$$$$00000008)
    _main_cpp_init                           0x080000f5   Thumb Code     0  entry8b.o(.ARM.Collect$$$$0000000A)
    _main_init                               0x080000f5   Thumb Code     0  entry9a.o(.ARM.Collect$$$$0000000B)
    __rt_final_cpp                           0x080000fd   Thumb Code     0  entry10a.o(.ARM.Collect$$$$0000000D)
    __rt_final_exit                          0x080000fd   Thumb Code     0  entry11a.o(.ARM.Collect$$$$0000000F)
    __get_PSP                                0x08000101   Thumb Code     6  core_cm3.o(.emb_text)
    __set_PSP                                0x08000107   Thumb Code     6  core_cm3.o(.emb_text)
    __get_MSP                                0x0800010d   Thumb Code     6  core_cm3.o(.emb_text)
    __set_MSP                                0x08000113   Thumb Code     6  core_cm3.o(.emb_text)
    __REV16                                  0x08000119   Thumb Code     4  core_cm3.o(.emb_text)
    __REVSH                                  0x0800011d   Thumb Code     4  core_cm3.o(.emb_text)
    Reset_Handler                            0x08000121   Thumb Code     8  startup_stm32f10x_md.o(.text)
    ADC1_2_IRQHandler                        0x0800013b   Thumb Code     0  startup_stm32f10x_md.o(.text)
    CAN1_RX1_IRQHandler                      0x0800013b   Thumb Code     0  startup_stm32f10x_md.o(.text)
    CAN1_SCE_IRQHandler                      0x0800013b   Thumb Code     0  startup_stm32f10x_md.o(.text)
    DMA1_Channel1_IRQHandler                 0x0800013b   Thumb Code     0  startup_stm32f10x_md.o(.text)
    DMA1_Channel2_IRQHandler                 0x0800013b   Thumb Code     0  startup_stm32f10x_md.o(.text)
    DMA1_Channel3_IRQHandler                 0x0800013b   Thumb Code     0  startup_stm32f10x_md.o(.text)
    DMA1_Channel4_IRQHandler                 0x0800013b   Thumb Code     0  startup_stm32f10x_md.o(.text)
    DMA1_Channel5_IRQHandler                 0x0800013b   Thumb Code     0  startup_stm32f10x_md.o(.text)
    DMA1_Channel6_IRQHandler                 0x0800013b   Thumb Code     0  startup_stm32f10x_md.o(.text)
    DMA1_Channel7_IRQHandler                 0x0800013b   Thumb Code     0  startup_stm32f10x_md.o(.text)
    EXTI0_IRQHandler                         0x0800013b   Thumb Code     0  startup_stm32f10x_md.o(.text)
    EXTI15_10_IRQHandler                     0x0800013b   Thumb Code     0  startup_stm32f10x_md.o(.text)
    EXTI1_IRQHandler                         0x0800013b   Thumb Code     0  startup_stm32f10x_md.o(.text)
    EXTI2_IRQHandler                         0x0800013b   Thumb Code     0  startup_stm32f10x_md.o(.text)
    EXTI3_IRQHandler                         0x0800013b   Thumb Code     0  startup_stm32f10x_md.o(.text)
    EXTI4_IRQHandler                         0x0800013b   Thumb Code     0  startup_stm32f10x_md.o(.text)
    EXTI9_5_IRQHandler                       0x0800013b   Thumb Code     0  startup_stm32f10x_md.o(.text)
    FLASH_IRQHandler                         0x0800013b   Thumb Code     0  startup_stm32f10x_md.o(.text)
    I2C1_ER_IRQHandler                       0x0800013b   Thumb Code     0  startup_stm32f10x_md.o(.text)
    I2C1_EV_IRQHandler                       0x0800013b   Thumb Code     0  startup_stm32f10x_md.o(.text)
    I2C2_ER_IRQHandler                       0x0800013b   Thumb Code     0  startup_stm32f10x_md.o(.text)
    I2C2_EV_IRQHandler                       0x0800013b   Thumb Code     0  startup_stm32f10x_md.o(.text)
    PVD_IRQHandler                           0x0800013b   Thumb Code     0  startup_stm32f10x_md.o(.text)
    RCC_IRQHandler                           0x0800013b   Thumb Code     0  startup_stm32f10x_md.o(.text)
    RTCAlarm_IRQHandler                      0x0800013b   Thumb Code     0  startup_stm32f10x_md.o(.text)
    RTC_IRQHandler                           0x0800013b   Thumb Code     0  startup_stm32f10x_md.o(.text)
    SPI1_IRQHandler                          0x0800013b   Thumb Code     0  startup_stm32f10x_md.o(.text)
    SPI2_IRQHandler                          0x0800013b   Thumb Code     0  startup_stm32f10x_md.o(.text)
    TAMPER_IRQHandler                        0x0800013b   Thumb Code     0  startup_stm32f10x_md.o(.text)
    TIM1_BRK_IRQHandler                      0x0800013b   Thumb Code     0  startup_stm32f10x_md.o(.text)
    TIM1_CC_IRQHandler                       0x0800013b   Thumb Code     0  startup_stm32f10x_md.o(.text)
    TIM1_TRG_COM_IRQHandler                  0x0800013b   Thumb Code     0  startup_stm32f10x_md.o(.text)
    TIM1_UP_IRQHandler                       0x0800013b   Thumb Code     0  startup_stm32f10x_md.o(.text)
    TIM2_IRQHandler                          0x0800013b   Thumb Code     0  startup_stm32f10x_md.o(.text)
    TIM3_IRQHandler                          0x0800013b   Thumb Code     0  startup_stm32f10x_md.o(.text)
    TIM4_IRQHandler                          0x0800013b   Thumb Code     0  startup_stm32f10x_md.o(.text)
    USART2_IRQHandler                        0x0800013b   Thumb Code     0  startup_stm32f10x_md.o(.text)
    USART3_IRQHandler                        0x0800013b   Thumb Code     0  startup_stm32f10x_md.o(.text)
    USBWakeUp_IRQHandler                     0x0800013b   Thumb Code     0  startup_stm32f10x_md.o(.text)
    USB_HP_CAN1_TX_IRQHandler                0x0800013b   Thumb Code     0  startup_stm32f10x_md.o(.text)
    USB_LP_CAN1_RX0_IRQHandler               0x0800013b   Thumb Code     0  startup_stm32f10x_md.o(.text)
    WWDG_IRQHandler                          0x0800013b   Thumb Code     0  startup_stm32f10x_md.o(.text)
    PendSV_Handler                           0x08000145   Thumb Code     0  os_port_1.o(.text)
    __aeabi_memcpy                           0x0800017d   Thumb Code    36  memcpya.o(.text)
    __aeabi_memcpy4                          0x0800017d   Thumb Code     0  memcpya.o(.text)
    __aeabi_memcpy8                          0x0800017d   Thumb Code     0  memcpya.o(.text)
    __aeabi_memset                           0x080001a1   Thumb Code    14  memseta.o(.text)
    __aeabi_memset4                          0x080001a1   Thumb Code     0  memseta.o(.text)
    __aeabi_memset8                          0x080001a1   Thumb Code     0  memseta.o(.text)
    __aeabi_memclr                           0x080001af   Thumb Code     4  memseta.o(.text)
    __aeabi_memclr4                          0x080001af   Thumb Code     0  memseta.o(.text)
    __aeabi_memclr8                          0x080001af   Thumb Code     0  memseta.o(.text)
    _memset$wrapper                          0x080001b3   Thumb Code    18  memseta.o(.text)
    strlen                                   0x080001c5   Thumb Code    14  strlen.o(.text)
    strcmp                                   0x080001d3   Thumb Code    28  strcmp.o(.text)
    memcmp                                   0x080001ef   Thumb Code    26  memcmp.o(.text)
    strcpy                                   0x08000209   Thumb Code    18  strcpy.o(.text)
    __scatterload                            0x0800021d   Thumb Code    28  init.o(.text)
    __scatterload_rt2                        0x0800021d   Thumb Code     0  init.o(.text)
    Long Thumb to Thumb Veneer to flash_iap_write 0x08000241   Thumb Code    10  anon$$obj.o(Veneer$$Code)
    Long Thumb to Thumb Veneer to flash_iap_erase 0x0800024b   Thumb Code    10  anon$$obj.o(Veneer$$Code)
    BusFault_Handler                         0x08000255   Thumb Code     4  stm32f10x_it.o(i.BusFault_Handler)
    DebugMon_Handler                         0x08000259   Thumb Code     2  stm32f10x_it.o(i.DebugMon_Handler)
    FLASH_ClearFlag                          0x0800025d   Thumb Code     6  stm32f10x_flash.o(i.FLASH_ClearFlag)
    FLASH_ErasePage                          0x08000269   Thumb Code    72  stm32f10x_flash.o(i.FLASH_ErasePage)
    FLASH_GetBank1Status                     0x080002b5   Thumb Code    48  stm32f10x_flash.o(i.FLASH_GetBank1Status)
    FLASH_Lock                               0x080002e9   Thumb Code    14  stm32f10x_flash.o(i.FLASH_Lock)
    FLASH_ProgramHalfWord                    0x080002fd   Thumb Code    60  stm32f10x_flash.o(i.FLASH_ProgramHalfWord)
    FLASH_Unlock                             0x0800033d   Thumb Code    12  stm32f10x_flash.o(i.FLASH_Unlock)
    FLASH_WaitForLastOperation               0x08000355   Thumb Code    38  stm32f10x_flash.o(i.FLASH_WaitForLastOperation)
    GPIO_Init                                0x0800037b   Thumb Code   278  stm32f10x_gpio.o(i.GPIO_Init)
    GPIO_ReadOutputDataBit                   0x08000491   Thumb Code    18  stm32f10x_gpio.o(i.GPIO_ReadOutputDataBit)
    GPIO_ResetBits                           0x080004a3   Thumb Code     4  stm32f10x_gpio.o(i.GPIO_ResetBits)
    GPIO_SetBits                             0x080004a7   Thumb Code     4  stm32f10x_gpio.o(i.GPIO_SetBits)
    GPIO_WriteBit                            0x080004ab   Thumb Code    10  stm32f10x_gpio.o(i.GPIO_WriteBit)
    HardFault_Handler                        0x080004b5   Thumb Code     4  stm32f10x_it.o(i.HardFault_Handler)
    MemManage_Handler                        0x080004b9   Thumb Code     4  stm32f10x_it.o(i.MemManage_Handler)
    NMI_Handler                              0x080004bd   Thumb Code     2  stm32f10x_it.o(i.NMI_Handler)
    NVIC_Init                                0x080004c1   Thumb Code   100  misc.o(i.NVIC_Init)
    RCC_AHBPeriphClockCmd                    0x08000531   Thumb Code    26  stm32f10x_rcc.o(i.RCC_AHBPeriphClockCmd)
    RCC_APB1PeriphClockCmd                   0x08000551   Thumb Code    26  stm32f10x_rcc.o(i.RCC_APB1PeriphClockCmd)
    RCC_APB2PeriphClockCmd                   0x08000571   Thumb Code    26  stm32f10x_rcc.o(i.RCC_APB2PeriphClockCmd)
    RCC_GetClocksFreq                        0x08000591   Thumb Code   192  stm32f10x_rcc.o(i.RCC_GetClocksFreq)
    SEGGER_RTT_Init                          0x08000665   Thumb Code     8  segger_rtt.o(i.SEGGER_RTT_Init)
    SEGGER_RTT_Write                         0x0800066d   Thumb Code    68  segger_rtt.o(i.SEGGER_RTT_Write)
    SEGGER_RTT_WriteNoLock                   0x080006b5   Thumb Code   126  segger_rtt.o(i.SEGGER_RTT_WriteNoLock)
    SEGGER_RTT_WriteString                   0x08000739   Thumb Code    26  segger_rtt.o(i.SEGGER_RTT_WriteString)
    SEGGER_RTT_printf                        0x08000753   Thumb Code    34  segger_rtt_printf.o(i.SEGGER_RTT_printf)
    SEGGER_RTT_vprintf                       0x08000775   Thumb Code   522  segger_rtt_printf.o(i.SEGGER_RTT_vprintf)
    SVC_Handler                              0x0800097f   Thumb Code     2  stm32f10x_it.o(i.SVC_Handler)
    SysTick_Handler                          0x08000a69   Thumb Code     8  os_port.o(i.SysTick_Handler)
    SystemInit                               0x08000a71   Thumb Code    78  system_stm32f10x.o(i.SystemInit)
    Task_IAP                                 0x08000ad1   Thumb Code   178  iap_protocol.o(i.Task_IAP)
    Task_Start                               0x08000bed   Thumb Code   222  main.o(i.Task_Start)
    USART1_IRQHandler                        0x08000d11   Thumb Code    60  uart_driver.o(i.USART1_IRQHandler)
    USART_Cmd                                0x08000d59   Thumb Code    24  stm32f10x_usart.o(i.USART_Cmd)
    USART_GetFlagStatus                      0x08000d71   Thumb Code    26  stm32f10x_usart.o(i.USART_GetFlagStatus)
    USART_GetITStatus                        0x08000d8b   Thumb Code    84  stm32f10x_usart.o(i.USART_GetITStatus)
    USART_ITConfig                           0x08000ddf   Thumb Code    74  stm32f10x_usart.o(i.USART_ITConfig)
    USART_Init                               0x08000e29   Thumb Code   210  stm32f10x_usart.o(i.USART_Init)
    USART_ReceiveData                        0x08000f01   Thumb Code    10  stm32f10x_usart.o(i.USART_ReceiveData)
    USART_SendData                           0x08000f0b   Thumb Code     8  stm32f10x_usart.o(i.USART_SendData)
    UsageFault_Handler                       0x08000f13   Thumb Code     4  stm32f10x_it.o(i.UsageFault_Handler)
    __scatterload_copy                       0x0800127f   Thumb Code    14  handlers.o(i.__scatterload_copy)
    __scatterload_null                       0x0800128d   Thumb Code     2  handlers.o(i.__scatterload_null)
    __scatterload_zeroinit                   0x0800128f   Thumb Code    14  handlers.o(i.__scatterload_zeroinit)
    flash_iap_init                           0x080013f5   Thumb Code    32  flash_iap.o(i.flash_iap_init)
    led_ioctl                                0x0800172d   Thumb Code   104  led_driver.o(i.led_ioctl)
    led_open                                 0x08001795   Thumb Code    82  led_driver.o(i.led_open)
    led_register                             0x080017f1   Thumb Code   144  led_driver.o(i.led_register)
    led_write                                0x08001895   Thumb Code    72  led_driver.o(i.led_write)
    main                                     0x080018dd   Thumb Code   140  main.o(i.main)
    mq_register                              0x08001a3d   Thumb Code   134  mq_driver.o(i.mq_register)
    oled_register                            0x08001d79   Thumb Code    44  oled_driver.o(i.oled_register)
    os_delay                                 0x08001e89   Thumb Code   102  os_core_1.o(i.os_delay)
    os_idle_task                             0x08001f01   Thumb Code    14  os_core_1.o(i.os_idle_task)
    os_msg_init                              0x08001f4b   Thumb Code    38  os_core_1.o(i.os_msg_init)
    os_msg_recv                              0x08001f71   Thumb Code   128  os_core_1.o(i.os_msg_recv)
    os_msg_send                              0x08001ffd   Thumb Code   100  os_core_1.o(i.os_msg_send)
    os_mutex_give                            0x08002061   Thumb Code   158  os_core_1.o(i.os_mutex_give)
    os_mutex_init                            0x0800210d   Thumb Code    22  os_core_1.o(i.os_mutex_init)
    os_mutex_take                            0x08002125   Thumb Code   202  os_core_1.o(i.os_mutex_take)
    os_port_systick_init                     0x080021fd   Thumb Code    84  os_port.o(i.os_port_systick_init)
    os_sched                                 0x0800225d   Thumb Code    84  os_core_1.o(i.os_sched)
    os_sched_init                            0x080022c5   Thumb Code    76  os_core_1.o(i.os_sched_init)
    os_start                                 0x08002331   Thumb Code    50  os_core_1.o(i.os_start)
    os_system_info                           0x0800236d   Thumb Code   220  os_core_1.o(i.os_system_info)
    os_task_create                           0x080025a1   Thumb Code   166  os_core_1.o(i.os_task_create)
    os_task_ready                            0x08002651   Thumb Code    48  os_core_1.o(i.os_task_ready)
    os_tick_handler                          0x08002689   Thumb Code   236  os_core_1.o(i.os_tick_handler)
    os_timer_init                            0x08002799   Thumb Code    44  os_core_1.o(i.os_timer_init)
    os_timer_task                            0x080027e1   Thumb Code   106  os_core_1.o(i.os_timer_task)
    sw_i2c_init                              0x08002865   Thumb Code    54  sw_iic.o(i.sw_i2c_init)
    sw_i2c_send_byte                         0x080028a1   Thumb Code   106  sw_iic.o(i.sw_i2c_send_byte)
    sw_i2c_start                             0x08002911   Thumb Code    44  sw_iic.o(i.sw_i2c_start)
    sw_i2c_stop                              0x08002941   Thumb Code    36  sw_iic.o(i.sw_i2c_stop)
    uart_close                               0x08002969   Thumb Code    38  uart_driver.o(i.uart_close)
    uart_ioctl                               0x08002995   Thumb Code    64  uart_driver.o(i.uart_ioctl)
    uart_open                                0x080029dd   Thumb Code   268  uart_driver.o(i.uart_open)
    uart_read                                0x08002b09   Thumb Code   124  uart_driver.o(i.uart_read)
    uart_register                            0x08002b95   Thumb Code   166  uart_driver.o(i.uart_register)
    uart_write                               0x08002c59   Thumb Code    70  uart_driver.o(i.uart_write)
    vfs_close                                0x08002ca1   Thumb Code    64  vfs.o(i.vfs_close)
    vfs_init                                 0x08002ce5   Thumb Code    10  vfs.o(i.vfs_init)
    vfs_ioctl                                0x08002cf5   Thumb Code   104  vfs.o(i.vfs_ioctl)
    vfs_open                                 0x08002d61   Thumb Code    80  vfs.o(i.vfs_open)
    vfs_read                                 0x08002db9   Thumb Code   110  vfs.o(i.vfs_read)
    vfs_register_device                      0x08002e2d   Thumb Code    44  vfs.o(i.vfs_register_device)
    vfs_write                                0x08002e5d   Thumb Code   110  vfs.o(i.vfs_write)
    vm_find_apps                             0x08002ed1   Thumb Code   102  vm_task.o(i.vm_find_apps)
    vm_load_apps                             0x08002f9d   Thumb Code   152  vm_task.o(i.vm_load_apps)
    vm_run                                   0x080030a1   Thumb Code   596  vm_isa.o(i.vm_run)
    vm_unload_apps                           0x080032f9   Thumb Code   160  vm_task.o(i.vm_unload_apps)
    vm_wakeup                                0x080033d5   Thumb Code    54  vm_isa.o(i.vm_wakeup)
    vmtask                                   0x08003411   Thumb Code   222  vm_task.o(i.vmtask)
    Region$$Table$$Base                      0x0800389c   Number         0  anon$$obj.o(Region$$Table)
    Region$$Table$$Limit                     0x080038cc   Number         0  anon$$obj.o(Region$$Table)
    flash_iap_erase                          0x20000019   Thumb Code    74  flash_iap.o(.ramfunc)
    flash_iap_write                          0x20000063   Thumb Code    88  flash_iap.o(.ramfunc)
    Long Thumb to Thumb Veneer to FLASH_Unlock 0x200000c5   Thumb Code    10  anon$$obj.o(Veneer$$Code)
    Long Thumb to Thumb Veneer to FLASH_ClearFlag 0x200000cf   Thumb Code    10  anon$$obj.o(Veneer$$Code)
    Long Thumb to Thumb Veneer to FLASH_ErasePage 0x200000d9   Thumb Code    10  anon$$obj.o(Veneer$$Code)
    Long Thumb to Thumb Veneer to FLASH_Lock 0x200000e3   Thumb Code    10  anon$$obj.o(Veneer$$Code)
    Long Thumb to Thumb Veneer to FLASH_ProgramHalfWord 0x200000ed   Thumb Code    10  anon$$obj.o(Veneer$$Code)
    SystemCoreClock                          0x200000f8   Data           4  system_stm32f10x.o(.data)
    AHBPrescTable                            0x200000fc   Data          16  system_stm32f10x.o(.data)
    g_slot_index                             0x2000011c   Data           4  vm_task.o(.data)
    g_version                                0x20000120   Data           4  vm_task.o(.data)
    os_delay_list_head                       0x2000014c   Data           8  os_core_1.o(.data)
    os_global_task_list                      0x20000154   Data           8  os_core_1.o(.data)
    os_ready_bitmap                          0x2000015c   Data           4  os_core_1.o(.data)
    os_current_task                          0x20000160   Data           4  os_core_1.o(.data)
    os_next_task                             0x20000164   Data           4  os_core_1.o(.data)
    os_idle_count                            0x20000168   Data           4  os_core_1.o(.data)
    os_cpu_usage                             0x2000016c   Data           1  os_core_1.o(.data)
    os_idle_max                              0x20000170   Data           4  os_core_1.o(.data)
    os_is_calibrated                         0x20000174   Data           1  os_core_1.o(.data)
    os_sys_tick                              0x20000178   Data           4  os_core_1.o(.data)
    os_timer_list                            0x2000017c   Data           8  os_core_1.o(.data)
    _SEGGER_RTT                              0x20000188   Data         168  segger_rtt.o(.bss)
    my_queue                                 0x200012b8   Data          24  main.o(.bss)
    my_queue_pool                            0x200012d0   Data          16  main.o(.bss)
    TaskB_Stack                              0x200012e0   Data         512  main.o(.bss)
    TaskC_Stack                              0x200014e0   Data         512  main.o(.bss)
    TaskStart_Stack                          0x200016e0   Data         512  main.o(.bss)
    TaskB_TCB                                0x200018e0   Data          60  main.o(.bss)
    TaskC_TCB                                0x2000191c   Data          60  main.o(.bss)
    TaskStart_TCB                            0x20001958   Data          60  main.o(.bss)
    my_test_timer                            0x20001994   Data          32  main.o(.bss)
    os_idle_task_tcb                         0x200019b4   Data          60  os_core_1.o(.bss)
    os_idle_task_stack                       0x200019f0   Data         256  os_core_1.o(.bss)
    os_timer_task_stack                      0x20001af0   Data         512  os_core_1.o(.bss)
    os_timer_task_tcb                        0x20001cf0   Data          60  os_core_1.o(.bss)
    os_ready_queue                           0x20001d2c   Data         256  os_core_1.o(.bss)
    __initial_sp                             0x20002230   Data           0  startup_stm32f10x_md.o(STACK)



==============================================================================

Memory Map of the image

  Image Entry point : 0x080000ed

  Load Region LR_IROM1 (Base: 0x08000000, Size: 0x00003a54, Max: 0x00008000, ABSOLUTE)

    Execution Region ER_IROM1 (Base: 0x08000000, Size: 0x000038cc, Max: 0x00008000, ABSOLUTE)

    Base Addr    Size         Type   Attr      Idx    E Section Name        Object

    0x08000000   0x000000ec   Data   RO            3    RESET               startup_stm32f10x_md.o
    0x080000ec   0x00000000   Code   RO         4246  * .ARM.Collect$$$$00000000  mc_w.l(entry.o)
    0x080000ec   0x00000004   Code   RO         4263    .ARM.Collect$$$$00000001  mc_w.l(entry2.o)
    0x080000f0   0x00000004   Code   RO         4266    .ARM.Collect$$$$00000004  mc_w.l(entry5.o)
    0x080000f4   0x00000000   Code   RO         4268    .ARM.Collect$$$$00000008  mc_w.l(entry7b.o)
    0x080000f4   0x00000000   Code   RO         4270    .ARM.Collect$$$$0000000A  mc_w.l(entry8b.o)
    0x080000f4   0x00000008   Code   RO         4271    .ARM.Collect$$$$0000000B  mc_w.l(entry9a.o)
    0x080000fc   0x00000000   Code   RO         4273    .ARM.Collect$$$$0000000D  mc_w.l(entry10a.o)
    0x080000fc   0x00000000   Code   RO         4275    .ARM.Collect$$$$0000000F  mc_w.l(entry11a.o)
    0x080000fc   0x00000004   Code   RO         4264    .ARM.Collect$$$$00002712  mc_w.l(entry2.o)
    0x08000100   0x00000020   Code   RO           10    .emb_text           core_cm3.o
    0x08000120   0x00000024   Code   RO            4    .text               startup_stm32f10x_md.o
    0x08000144   0x00000038   Code   RO         4240    .text               os_port_1.o
    0x0800017c   0x00000024   Code   RO         4249    .text               mc_w.l(memcpya.o)
    0x080001a0   0x00000024   Code   RO         4251    .text               mc_w.l(memseta.o)
    0x080001c4   0x0000000e   Code   RO         4253    .text               mc_w.l(strlen.o)
    0x080001d2   0x0000001c   Code   RO         4255    .text               mc_w.l(strcmp.o)
    0x080001ee   0x0000001a   Code   RO         4257    .text               mc_w.l(memcmp.o)
    0x08000208   0x00000012   Code   RO         4259    .text               mc_w.l(strcpy.o)
    0x0800021a   0x00000002   PAD
    0x0800021c   0x00000024   Code   RO         4277    .text               mc_w.l(init.o)
    0x08000240   0x0000000a   Ven    RO         4287    Veneer$$Code        anon$$obj.o
    0x0800024a   0x0000000a   Ven    RO         4288    Veneer$$Code        anon$$obj.o
    0x08000254   0x00000004   Code   RO         4023    i.BusFault_Handler  stm32f10x_it.o
    0x08000258   0x00000002   Code   RO         4024    i.DebugMon_Handler  stm32f10x_it.o
    0x0800025a   0x00000002   PAD
    0x0800025c   0x0000000c   Code   RO         1813    i.FLASH_ClearFlag   stm32f10x_flash.o
    0x08000268   0x0000004c   Code   RO         1818    i.FLASH_ErasePage   stm32f10x_flash.o
    0x080002b4   0x00000034   Code   RO         1819    i.FLASH_GetBank1Status  stm32f10x_flash.o
    0x080002e8   0x00000014   Code   RO         1828    i.FLASH_Lock        stm32f10x_flash.o
    0x080002fc   0x00000040   Code   RO         1831    i.FLASH_ProgramHalfWord  stm32f10x_flash.o
    0x0800033c   0x00000018   Code   RO         1836    i.FLASH_Unlock      stm32f10x_flash.o
    0x08000354   0x00000026   Code   RO         1840    i.FLASH_WaitForLastOperation  stm32f10x_flash.o
    0x0800037a   0x00000116   Code   RO         2119    i.GPIO_Init         stm32f10x_gpio.o
    0x08000490   0x00000012   Code   RO         2125    i.GPIO_ReadOutputDataBit  stm32f10x_gpio.o
    0x080004a2   0x00000004   Code   RO         2126    i.GPIO_ResetBits    stm32f10x_gpio.o
    0x080004a6   0x00000004   Code   RO         2127    i.GPIO_SetBits      stm32f10x_gpio.o
    0x080004aa   0x0000000a   Code   RO         2130    i.GPIO_WriteBit     stm32f10x_gpio.o
    0x080004b4   0x00000004   Code   RO         4025    i.HardFault_Handler  stm32f10x_it.o
    0x080004b8   0x00000004   Code   RO         4026    i.MemManage_Handler  stm32f10x_it.o
    0x080004bc   0x00000002   Code   RO         4027    i.NMI_Handler       stm32f10x_it.o
    0x080004be   0x00000002   PAD
    0x080004c0   0x00000070   Code   RO          932    i.NVIC_Init         misc.o
    0x08000530   0x00000020   Code   RO         2546    i.RCC_AHBPeriphClockCmd  stm32f10x_rcc.o
    0x08000550   0x00000020   Code   RO         2547    i.RCC_APB1PeriphClockCmd  stm32f10x_rcc.o
    0x08000570   0x00000020   Code   RO         2549    i.RCC_APB2PeriphClockCmd  stm32f10x_rcc.o
    0x08000590   0x000000d4   Code   RO         2557    i.RCC_GetClocksFreq  stm32f10x_rcc.o
    0x08000664   0x00000008   Code   RO          151    i.SEGGER_RTT_Init   segger_rtt.o
    0x0800066c   0x00000048   Code   RO          164    i.SEGGER_RTT_Write  segger_rtt.o
    0x080006b4   0x00000084   Code   RO          165    i.SEGGER_RTT_WriteNoLock  segger_rtt.o
    0x08000738   0x0000001a   Code   RO          167    i.SEGGER_RTT_WriteString  segger_rtt.o
    0x08000752   0x00000022   Code   RO          349    i.SEGGER_RTT_printf  segger_rtt_printf.o
    0x08000774   0x0000020a   Code   RO          350    i.SEGGER_RTT_vprintf  segger_rtt_printf.o
    0x0800097e   0x00000002   Code   RO         4028    i.SVC_Handler       stm32f10x_it.o
    0x08000980   0x00000008   Code   RO           24    i.SetSysClock       system_stm32f10x.o
    0x08000988   0x000000e0   Code   RO           25    i.SetSysClockTo72   system_stm32f10x.o
    0x08000a68   0x00000008   Code   RO          907    i.SysTick_Handler   os_port.o
    0x08000a70   0x00000060   Code   RO           27    i.SystemInit        system_stm32f10x.o
    0x08000ad0   0x0000011c   Code   RO          725    i.Task_IAP          iap_protocol.o
    0x08000bec   0x00000124   Code   RO         3968    i.Task_Start        main.o
    0x08000d10   0x00000048   Code   RO          556    i.USART1_IRQHandler  uart_driver.o
    0x08000d58   0x00000018   Code   RO         3732    i.USART_Cmd         stm32f10x_usart.o
    0x08000d70   0x0000001a   Code   RO         3735    i.USART_GetFlagStatus  stm32f10x_usart.o
    0x08000d8a   0x00000054   Code   RO         3736    i.USART_GetITStatus  stm32f10x_usart.o
    0x08000dde   0x0000004a   Code   RO         3738    i.USART_ITConfig    stm32f10x_usart.o
    0x08000e28   0x000000d8   Code   RO         3739    i.USART_Init        stm32f10x_usart.o
    0x08000f00   0x0000000a   Code   RO         3746    i.USART_ReceiveData  stm32f10x_usart.o
    0x08000f0a   0x00000008   Code   RO         3749    i.USART_SendData    stm32f10x_usart.o
    0x08000f12   0x00000004   Code   RO         4029    i.UsageFault_Handler  stm32f10x_it.o
    0x08000f16   0x00000002   PAD
    0x08000f18   0x00000070   Code   RO          169    i._DoInit           segger_rtt.o
    0x08000f88   0x0000001c   Code   RO          170    i._GetAvailWriteSpace  segger_rtt.o
    0x08000fa4   0x000000ec   Code   RO          351    i._PrintInt         segger_rtt_printf.o
    0x08001090   0x000000ec   Code   RO          352    i._PrintUnsigned    segger_rtt_printf.o
    0x0800117c   0x00000044   Code   RO          353    i._StoreChar        segger_rtt_printf.o
    0x080011c0   0x00000072   Code   RO          172    i._WriteBlocking    segger_rtt.o
    0x08001232   0x0000004c   Code   RO          173    i._WriteNoCheck     segger_rtt.o
    0x0800127e   0x0000000e   Code   RO         4281    i.__scatterload_copy  mc_w.l(handlers.o)
    0x0800128c   0x00000002   Code   RO         4282    i.__scatterload_null  mc_w.l(handlers.o)
    0x0800128e   0x0000000e   Code   RO         4283    i.__scatterload_zeroinit  mc_w.l(handlers.o)
    0x0800129c   0x00000064   Code   RO          726    i.crc32_hw          iap_protocol.o
    0x08001300   0x000000f2   Code   RO          529    i.do_syscall        vm_isa.o
    0x080013f2   0x00000002   PAD
    0x080013f4   0x00000024   Code   RO          693    i.flash_iap_init    flash_iap.o
    0x08001418   0x000000c8   Code   RO          727    i.handle_data       iap_protocol.o
    0x080014e0   0x000000ec   Code   RO          728    i.handle_finish     iap_protocol.o
    0x080015cc   0x000000d4   Code   RO          729    i.handle_start      iap_protocol.o
    0x080016a0   0x0000001c   Code   RO          730    i.iap_recv          iap_protocol.o
    0x080016bc   0x00000058   Code   RO          731    i.iap_recv_frame    iap_protocol.o
    0x08001714   0x00000018   Code   RO          732    i.iap_reply         iap_protocol.o
    0x0800172c   0x00000068   Code   RO          480    i.led_ioctl         led_driver.o
    0x08001794   0x0000005c   Code   RO          481    i.led_open          led_driver.o
    0x080017f0   0x000000a4   Code   RO          482    i.led_register      led_driver.o
    0x08001894   0x00000048   Code   RO          483    i.led_write         led_driver.o
    0x080018dc   0x00000118   Code   RO         3969    i.main              main.o
    0x080019f4   0x00000006   Code   RO          648    i.mq_close          mq_driver.o
    0x080019fa   0x00000016   Code   RO          649    i.mq_ioctl          mq_driver.o
    0x08001a10   0x00000006   Code   RO          650    i.mq_open           mq_driver.o
    0x08001a16   0x00000026   Code   RO          651    i.mq_read           mq_driver.o
    0x08001a3c   0x000000a4   Code   RO          652    i.mq_register       mq_driver.o
    0x08001ae0   0x0000001c   Code   RO          653    i.mq_write          mq_driver.o
    0x08001afc   0x0000000e   Code   RO          795    i.oled_close        oled_driver.o
    0x08001b0a   0x00000002   PAD
    0x08001b0c   0x00000078   Code   RO          796    i.oled_draw_char    oled_driver.o
    0x08001b84   0x0000008c   Code   RO          797    i.oled_draw_point   oled_driver.o
    0x08001c10   0x00000036   Code   RO          798    i.oled_draw_string  oled_driver.o
    0x08001c46   0x00000038   Code   RO          799    i.oled_hw_init      oled_driver.o
    0x08001c7e   0x00000002   PAD
    0x08001c80   0x00000078   Code   RO          800    i.oled_ioctl        oled_driver.o
    0x08001cf8   0x00000020   Code   RO          801    i.oled_open         oled_driver.o
    0x08001d18   0x00000008   Code   RO          802    i.oled_read         oled_driver.o
    0x08001d20   0x00000058   Code   RO          803    i.oled_refresh_screen  oled_driver.o
    0x08001d78   0x00000044   Code   RO          804    i.oled_register     oled_driver.o
    0x08001dbc   0x000000ac   Code   RO          805    i.oled_write        oled_driver.o
    0x08001e68   0x00000020   Code   RO          806    i.oled_write_cmd    oled_driver.o
    0x08001e88   0x00000078   Code   RO         4074    i.os_delay          os_core_1.o
    0x08001f00   0x00000014   Code   RO         4075    i.os_idle_task      os_core_1.o
    0x08001f14   0x0000000e   Code   RO         4076    i.os_list_add       os_core_1.o
    0x08001f22   0x00000006   Code   RO         4077    i.os_list_init      os_core_1.o
    0x08001f28   0x00000010   Code   RO         4078    i.os_list_is_empty  os_core_1.o
    0x08001f38   0x00000012   Code   RO         4079    i.os_list_remove    os_core_1.o
    0x08001f4a   0x00000026   Code   RO         4080    i.os_msg_init       os_core_1.o
    0x08001f70   0x0000008c   Code   RO         4081    i.os_msg_recv       os_core_1.o
    0x08001ffc   0x00000064   Code   RO         4082    i.os_msg_send       os_core_1.o
    0x08002060   0x000000ac   Code   RO         4083    i.os_mutex_give     os_core_1.o
    0x0800210c   0x00000016   Code   RO         4084    i.os_mutex_init     os_core_1.o
    0x08002122   0x00000002   PAD
    0x08002124   0x000000d8   Code   RO         4085    i.os_mutex_take     os_core_1.o
    0x080021fc   0x00000060   Code   RO          908    i.os_port_systick_init  os_port.o
    0x0800225c   0x00000068   Code   RO         4086    i.os_sched          os_core_1.o
    0x080022c4   0x0000006c   Code   RO         4087    i.os_sched_init     os_core_1.o
    0x08002330   0x0000003c   Code   RO         4091    i.os_start          os_core_1.o
    0x0800236c   0x00000234   Code   RO         4092    i.os_system_info    os_core_1.o
    0x080025a0   0x000000b0   Code   RO         4093    i.os_task_create    os_core_1.o
    0x08002650   0x00000038   Code   RO         4094    i.os_task_ready     os_core_1.o
    0x08002688   0x00000110   Code   RO         4095    i.os_tick_handler   os_core_1.o
    0x08002798   0x00000048   Code   RO         4096    i.os_timer_init     os_core_1.o
    0x080027e0   0x00000074   Code   RO         4098    i.os_timer_task     os_core_1.o
    0x08002854   0x00000010   Code   RO          872    i.sw_i2c_delay      sw_iic.o
    0x08002864   0x0000003c   Code   RO          873    i.sw_i2c_init       sw_iic.o
    0x080028a0   0x00000070   Code   RO          874    i.sw_i2c_send_byte  sw_iic.o
    0x08002910   0x00000030   Code   RO          875    i.sw_i2c_start      sw_iic.o
    0x08002940   0x00000028   Code   RO          876    i.sw_i2c_stop       sw_iic.o
    0x08002968   0x0000002c   Code   RO          557    i.uart_close        uart_driver.o
    0x08002994   0x00000048   Code   RO          558    i.uart_ioctl        uart_driver.o
    0x080029dc   0x0000012c   Code   RO          559    i.uart_open         uart_driver.o
    0x08002b08   0x0000008c   Code   RO          560    i.uart_read         uart_driver.o
    0x08002b94   0x000000c4   Code   RO          561    i.uart_register     uart_driver.o
    0x08002c58   0x00000046   Code   RO          562    i.uart_write        uart_driver.o
    0x08002c9e   0x00000002   PAD
    0x08002ca0   0x00000044   Code   RO          387    i.vfs_close         vfs.o
    0x08002ce4   0x00000010   Code   RO          388    i.vfs_init          vfs.o
    0x08002cf4   0x0000006c   Code   RO          389    i.vfs_ioctl         vfs.o
    0x08002d60   0x00000058   Code   RO          390    i.vfs_open          vfs.o
    0x08002db8   0x00000074   Code   RO          391    i.vfs_read          vfs.o
    0x08002e2c   0x00000030   Code   RO          392    i.vfs_register_device  vfs.o
    0x08002e5c   0x00000074   Code   RO          393    i.vfs_write         vfs.o
    0x08002ed0   0x000000cc   Code   RO          610    i.vm_find_apps      vm_task.o
    0x08002f9c   0x00000104   Code   RO          611    i.vm_load_apps      vm_task.o
    0x080030a0   0x00000258   Code   RO          530    i.vm_run            vm_isa.o
    0x080032f8   0x000000dc   Code   RO          612    i.vm_unload_apps    vm_task.o
    0x080033d4   0x0000003c   Code   RO          531    i.vm_wakeup         vm_isa.o
    0x08003410   0x000000ec   Code   RO          613    i.vmtask            vm_task.o
    0x080034fc   0x00000010   Data   RO          354    .constdata          segger_rtt_printf.o
    0x0800350c   0x000000bc   Data   RO          615    .constdata          vm_task.o
    0x080035c8   0x00000240   Data   RO          808    .constdata          oled_driver.o
    0x08003808   0x00000018   Data   RO         3972    .constdata          main.o
    0x08003820   0x0000007a   Data   RO         3973    .conststring        main.o
    0x0800389a   0x00000002   PAD
    0x0800389c   0x00000030   Data   RO         4279    Region$$Table       anon$$obj.o


    Execution Region RW_IRAM1 (Base: 0x20000000, Size: 0x00002230, Max: 0x00002800, ABSOLUTE)

    Base Addr    Size         Type   Attr      Idx    E Section Name        Object

    0x20000000   0x000000c4   Code   RO          690    .ramfunc            flash_iap.o
    0x200000c4   0x0000000a   Ven    RO         4289    Veneer$$Code        anon$$obj.o
    0x200000ce   0x0000000a   Ven    RO         4290    Veneer$$Code        anon$$obj.o
    0x200000d8   0x0000000a   Ven    RO         4291    Veneer$$Code        anon$$obj.o
    0x200000e2   0x0000000a   Ven    RO         4292    Veneer$$Code        anon$$obj.o
    0x200000ec   0x0000000a   Ven    RO         4293    Veneer$$Code        anon$$obj.o
    0x200000f6   0x00000002   PAD
    0x200000f8   0x00000014   Data   RW           28    .data               system_stm32f10x.o
    0x2000010c   0x00000008   Data   RW          395    .data               vfs.o
    0x20000114   0x00000008   Data   RW          564    .data               uart_driver.o
    0x2000011c   0x00000009   Data   RW          616    .data               vm_task.o
    0x20000125   0x00000003   PAD
    0x20000128   0x0000000c   Data   RW          734    .data               iap_protocol.o
    0x20000134   0x00000002   Data   RW          809    .data               oled_driver.o
    0x20000136   0x00000014   Data   RW         2577    .data               stm32f10x_rcc.o
    0x2000014a   0x00000002   PAD
    0x2000014c   0x0000003c   Data   RW         4100    .data               os_core_1.o
    0x20000188   0x000004b8   Zero   RW          174    .bss                segger_rtt.o
    0x20000640   0x00000040   Zero   RW          394    .bss                vfs.o
    0x20000680   0x00000140   Zero   RW          484    .bss                led_driver.o
    0x200007c0   0x00000298   Zero   RW          563    .bss                uart_driver.o
    0x20000a58   0x00000270   Zero   RW          614    .bss                vm_task.o
    0x20000cc8   0x00000090   Zero   RW          654    .bss                mq_driver.o
    0x20000d58   0x0000011d   Zero   RW          733    .bss                iap_protocol.o
    0x20000e75   0x00000003   PAD
    0x20000e78   0x00000440   Zero   RW          807    .bss                oled_driver.o
    0x200012b8   0x000006fc   Zero   RW         3971    .bss                main.o
    0x200019b4   0x00000478   Zero   RW         4099    .bss                os_core_1.o
    0x20001e2c   0x00000004   PAD
    0x20001e30   0x00000400   Zero   RW            1    STACK               startup_stm32f10x_md.o


==============================================================================

Image component sizes


      Code (inc. data)   RO Data    RW Data    ZI Data      Debug   Object Name

        32          0          0          0          0       5000   core_cm3.o
       232         14          0          0          0       2067   flash_iap.o
      1172        342          0         12        285       6196   iap_protocol.o
       432         30          0          0        320       6030   led_driver.o
       572        210        146          0       1788       2866   main.o
       112         12          0          0          0       2504   misc.o
       264         30          0          0        144       4066   mq_driver.o
       904         74        576          2       1088       8116   oled_driver.o
      2410        562          0         60       1144      30014   os_core_1.o
       104         12          0          0          0      16072   os_port.o
        56         10          0          0          0        228   os_port_1.o
       568         48          0          0       1208       9037   segger_rtt.o
      1096          6         16          0          0       5265   segger_rtt_printf.o
        36          8        236          0       1024        784   startup_stm32f10x_md.o
       286         36          0          0          0       9772   stm32f10x_flash.o
       314          0          0          0          0      12137   stm32f10x_gpio.o
        22          0          0          0          0       2715   stm32f10x_it.o
       308         38          0         20          0      13310   stm32f10x_rcc.o
       442          6          0          0          0      11617   stm32f10x_usart.o
       276         20          0          0          0       2230   sw_iic.o
       328         28          0         20          0      24949   system_stm32f10x.o
       894        104          0          8        664       5503   uart_driver.o
       560         38          0          8         64     210363   vfs.o
       902         36          0          0          0       3631   vm_isa.o
       920        284        188          9        624       3821   vm_task.o

    ----------------------------------------------------------------------
     13330       1948       1212        144       8360     398293   Object Totals
        70          0         48          0          0          0   (incl. Generated)
        18          0          2          5          7          0   (incl. Padding)

    ----------------------------------------------------------------------

      Code (inc. data)   RO Data    RW Data    ZI Data      Debug   Library Member Name

         0          0          0          0          0          0   entry.o
         0          0          0          0          0          0   entry10a.o
         0          0          0          0          0          0   entry11a.o
         8          4          0          0          0          0   entry2.o
         4          0          0          0          0          0   entry5.o
         0          0          0          0          0          0   entry7b.o
         0          0          0          0          0          0   entry8b.o
         8          4          0          0          0          0   entry9a.o
        30          0          0          0          0          0   handlers.o
        36          8          0          0          0         68   init.o
        26          0          0          0          0         80   memcmp.o
        36          0          0          0          0         68   memcpya.o
        36          0          0          0          0        108   memseta.o
        28          0          0          0          0         76   strcmp.o
        18          0          0          0          0         68   strcpy.o
        14          0          0          0          0         68   strlen.o

    ----------------------------------------------------------------------
       246         16          0          0          0        536   Library Totals
         2          0          0          0          0          0   (incl. Padding)

    ----------------------------------------------------------------------

      Code (inc. data)   RO Data    RW Data    ZI Data      Debug   Library Name

       244         16          0          0          0        536   mc_w.l

    ----------------------------------------------------------------------
       246         16          0          0          0        536   Library Totals

    ----------------------------------------------------------------------

==============================================================================


      Code (inc. data)   RO Data    RW Data    ZI Data      Debug   

     13576       1964       1212        144       8360     392221   Grand Totals
     13576       1964       1212        144       8360     392221   ELF Image Totals
     13576       1964       1212        144          0          0   ROM Totals

==============================================================================

    Total RO  Size (Code + RO Data)                14788 (  14.44kB)
    Total RW  Size (RW Data + ZI Data)              8504 (   8.30kB)
    Total ROM Size (Code + RO Data + RW Data)      14932 (  14.58kB)

==============================================================================

